Archive member included to satisfy reference by file (symbol)

C:/ST/STM32CubeIDE_2.1.1/STM32CubeIDE/plugins/com.st.stm32cube.ide.mcu.externaltools.gnu-tools-for-stm32.14.3.rel1.win32_1.0.100.202602081740/tools/bin/../lib/gcc/arm-none-eabi/14.3.1/../../../../arm-none-eabi/lib/thumb/v7e-m+fp/hard\libc_nano.a(libc_a-exit.o)
                              C:/ST/STM32CubeIDE_2.1.1/STM32CubeIDE/plugins/com.st.stm32cube.ide.mcu.externaltools.gnu-tools-for-stm32.14.3.rel1.win32_1.0.100.202602081740/tools/bin/../lib/gcc/arm-none-eabi/14.3.1/../../../../arm-none-eabi/lib/thumb/v7e-m+fp/hard/crt0.o (exit)
C:/ST/STM32CubeIDE_2.1.1/STM32CubeIDE/plugins/com.st.stm32cube.ide.mcu.externaltools.gnu-tools-for-stm32.14.3.rel1.win32_1.0.100.202602081740/tools/bin/../lib/gcc/arm-none-eabi/14.3.1/../../../../arm-none-eabi/lib/thumb/v7e-m+fp/hard\libc_nano.a(libc_a-strtol.o)
                              ./Core/Src/main.o (strtol)
C:/ST/STM32CubeIDE_2.1.1/STM32CubeIDE/plugins/com.st.stm32cube.ide.mcu.externaltools.gnu-tools-for-stm32.14.3.rel1.win32_1.0.100.202602081740/tools/bin/../lib/gcc/arm-none-eabi/14.3.1/../../../../arm-none-eabi/lib/thumb/v7e-m+fp/hard\libc_nano.a(libc_a-ctype_.o)
                              C:/ST/STM32CubeIDE_2.1.1/STM32CubeIDE/plugins/com.st.stm32cube.ide.mcu.externaltools.gnu-tools-for-stm32.14.3.rel1.win32_1.0.100.202602081740/tools/bin/../lib/gcc/arm-none-eabi/14.3.1/../../../../arm-none-eabi/lib/thumb/v7e-m+fp/hard\libc_nano.a(libc_a-strtol.o) (_ctype_)
C:/ST/STM32CubeIDE_2.1.1/STM32CubeIDE/plugins/com.st.stm32cube.ide.mcu.externaltools.gnu-tools-for-stm32.14.3.rel1.win32_1.0.100.202602081740/tools/bin/../lib/gcc/arm-none-eabi/14.3.1/../../../../arm-none-eabi/lib/thumb/v7e-m+fp/hard\libc_nano.a(libc_a-findfp.o)
                              C:/ST/STM32CubeIDE_2.1.1/STM32CubeIDE/plugins/com.st.stm32cube.ide.mcu.externaltools.gnu-tools-for-stm32.14.3.rel1.win32_1.0.100.202602081740/tools/bin/../lib/gcc/arm-none-eabi/14.3.1/../../../../arm-none-eabi/lib/thumb/v7e-m+fp/hard\libc_nano.a(libc_a-exit.o) (__stdio_exit_handler)
C:/ST/STM32CubeIDE_2.1.1/STM32CubeIDE/plugins/com.st.stm32cube.ide.mcu.externaltools.gnu-tools-for-stm32.14.3.rel1.win32_1.0.100.202602081740/tools/bin/../lib/gcc/arm-none-eabi/14.3.1/../../../../arm-none-eabi/lib/thumb/v7e-m+fp/hard\libc_nano.a(libc_a-fwalk.o)
                              C:/ST/STM32CubeIDE_2.1.1/STM32CubeIDE/plugins/com.st.stm32cube.ide.mcu.externaltools.gnu-tools-for-stm32.14.3.rel1.win32_1.0.100.202602081740/tools/bin/../lib/gcc/arm-none-eabi/14.3.1/../../../../arm-none-eabi/lib/thumb/v7e-m+fp/hard\libc_nano.a(libc_a-findfp.o) (_fwalk_sglue)
C:/ST/STM32CubeIDE_2.1.1/STM32CubeIDE/plugins/com.st.stm32cube.ide.mcu.externaltools.gnu-tools-for-stm32.14.3.rel1.win32_1.0.100.202602081740/tools/bin/../lib/gcc/arm-none-eabi/14.3.1/../../../../arm-none-eabi/lib/thumb/v7e-m+fp/hard\libc_nano.a(libc_a-printf.o)
                              ./Core/Src/main.o (printf)
C:/ST/STM32CubeIDE_2.1.1/STM32CubeIDE/plugins/com.st.stm32cube.ide.mcu.externaltools.gnu-tools-for-stm32.14.3.rel1.win32_1.0.100.202602081740/tools/bin/../lib/gcc/arm-none-eabi/14.3.1/../../../../arm-none-eabi/lib/thumb/v7e-m+fp/hard\libc_nano.a(libc_a-puts.o)
                              ./Core/Src/main.o (puts)
C:/ST/STM32CubeIDE_2.1.1/STM32CubeIDE/plugins/com.st.stm32cube.ide.mcu.externaltools.gnu-tools-for-stm32.14.3.rel1.win32_1.0.100.202602081740/tools/bin/../lib/gcc/arm-none-eabi/14.3.1/../../../../arm-none-eabi/lib/thumb/v7e-m+fp/hard\libc_nano.a(libc_a-snprintf.o)
                              ./Core/Src/main.o (snprintf)
C:/ST/STM32CubeIDE_2.1.1/STM32CubeIDE/plugins/com.st.stm32cube.ide.mcu.externaltools.gnu-tools-for-stm32.14.3.rel1.win32_1.0.100.202602081740/tools/bin/../lib/gcc/arm-none-eabi/14.3.1/../../../../arm-none-eabi/lib/thumb/v7e-m+fp/hard\libc_nano.a(libc_a-stdio.o)
                              C:/ST/STM32CubeIDE_2.1.1/STM32CubeIDE/plugins/com.st.stm32cube.ide.mcu.externaltools.gnu-tools-for-stm32.14.3.rel1.win32_1.0.100.202602081740/tools/bin/../lib/gcc/arm-none-eabi/14.3.1/../../../../arm-none-eabi/lib/thumb/v7e-m+fp/hard\libc_nano.a(libc_a-findfp.o) (__sread)
C:/ST/STM32CubeIDE_2.1.1/STM32CubeIDE/plugins/com.st.stm32cube.ide.mcu.externaltools.gnu-tools-for-stm32.14.3.rel1.win32_1.0.100.202602081740/tools/bin/../lib/gcc/arm-none-eabi/14.3.1/../../../../arm-none-eabi/lib/thumb/v7e-m+fp/hard\libc_nano.a(libc_a-wbuf.o)
                              C:/ST/STM32CubeIDE_2.1.1/STM32CubeIDE/plugins/com.st.stm32cube.ide.mcu.externaltools.gnu-tools-for-stm32.14.3.rel1.win32_1.0.100.202602081740/tools/bin/../lib/gcc/arm-none-eabi/14.3.1/../../../../arm-none-eabi/lib/thumb/v7e-m+fp/hard\libc_nano.a(libc_a-puts.o) (__swbuf_r)
C:/ST/STM32CubeIDE_2.1.1/STM32CubeIDE/plugins/com.st.stm32cube.ide.mcu.externaltools.gnu-tools-for-stm32.14.3.rel1.win32_1.0.100.202602081740/tools/bin/../lib/gcc/arm-none-eabi/14.3.1/../../../../arm-none-eabi/lib/thumb/v7e-m+fp/hard\libc_nano.a(libc_a-wsetup.o)
[...]
Memory Configuration

Name             Origin             Length             Attributes
RAM              0x20000000         0x00018000         xrw
FLASH            0x08000000         0x00080000         xr
*default*        0x00000000         0xffffffff

Linker script and memory map

LOAD C:/ST/STM32CubeIDE_2.1.1/STM32CubeIDE/plugins/com.st.stm32cube.ide.mcu.externaltools.gnu-tools-for-stm32.14.3.rel1.win32_1.0.100.202602081740/tools/bin/../lib/gcc/arm-none-eabi/14.3.1/thumb/v7e-m+fp/hard/crti.o
LOAD C:/ST/STM32CubeIDE_2.1.1/STM32CubeIDE/plugins/com.st.stm32cube.ide.mcu.externaltools.gnu-tools-for-stm32.14.3.rel1.win32_1.0.100.202602081740/tools/bin/../lib/gcc/arm-none-eabi/14.3.1/thumb/v7e-m+fp/hard/crtbegin.o
LOAD C:/ST/STM32CubeIDE_2.1.1/STM32CubeIDE/plugins/com.st.stm32cube.ide.mcu.externaltools.gnu-tools-for-stm32.14.3.rel1.win32_1.0.100.202602081740/tools/bin/../lib/gcc/arm-none-eabi/14.3.1/../../../../arm-none-eabi/lib/thumb/v7e-m+fp/hard/crt0.o
LOAD ./Core/Src/encoder.o
LOAD ./Core/Src/freertos.o
LOAD ./Core/Src/hall_sensor.o
LOAD ./Core/Src/main.o
LOAD ./Core/Src/mcp9808.o
LOAD ./Core/Src/pwm.o
LOAD ./Core/Src/servo.o
LOAD ./Core/Src/servo_cfg.o
LOAD ./Core/Src/stepper.o
LOAD ./Core/Src/stm32f4xx_hal_msp.o
LOAD ./Core/Src/stm32f4xx_hal_timebase_tim.o
LOAD ./Core/Src/stm32f4xx_it.o
LOAD ./Core/Src/syscalls.o
LOAD ./Core/Src/sysmem.o
LOAD ./Core/Src/system_stm32f4xx.o
LOAD ./Core/Src/thermocouple.o
LOAD ./Core/Src/tip_cleaner.o
LOAD ./Core/Src/uart.o
LOAD ./Core/Src/wire_feeder.o
LOAD ./Core/Startup/startup_stm32f401retx.o
LOAD ./Drivers/STM32F4xx_HAL_Driver/Src/stm32f4xx_hal.o
LOAD ./Drivers/STM32F4xx_HAL_Driver/Src/stm32f4xx_hal_cortex.o
LOAD ./Drivers/STM32F4xx_HAL_Driver/Src/stm32f4xx_hal_dma.o
LOAD ./Drivers/STM32F4xx_HAL_Driver/Src/stm32f4xx_hal_dma_ex.o
LOAD ./Drivers/STM32F4xx_HAL_Driver/Src/stm32f4xx_hal_exti.o
LOAD ./Drivers/STM32F4xx_HAL_Driver/Src/stm32f4xx_hal_flash.o
LOAD ./Drivers/STM32F4xx_HAL_Driver/Src/stm32f4xx_hal_flash_ex.o
LOAD ./Drivers/STM32F4xx_HAL_Driver/Src/stm32f4xx_hal_flash_ramfunc.o
LOAD ./Drivers/STM32F4xx_HAL_Driver/Src/stm32f4xx_hal_gpio.o
LOAD ./Drivers/STM32F4xx_HAL_Driver/Src/stm32f4xx_hal_i2c.o
LOAD ./Drivers/STM32F4xx_HAL_Driver/Src/stm32f4xx_hal_i2c_ex.o
LOAD ./Drivers/STM32F4xx_HAL_Driver/Src/stm32f4xx_hal_pwr.o
LOAD ./Drivers/STM32F4xx_HAL_Driver/Src/stm32f4xx_hal_pwr_ex.o
LOAD ./Drivers/STM32F4xx_HAL_Driver/Src/stm32f4xx_hal_rcc.o
LOAD ./Drivers/STM32F4xx_HAL_Driver/Src/stm32f4xx_hal_rcc_ex.o
LOAD ./Drivers/STM32F4xx_HAL_Driver/Src/stm32f4xx_hal_spi.o
LOAD ./Drivers/STM32F4xx_HAL_Driver/Src/stm32f4xx_hal_tim.o
LOAD ./Drivers/STM32F4xx_HAL_Driver/Src/stm32f4xx_hal_tim_ex.o
LOAD ./Drivers/STM32F4xx_HAL_Driver/Src/stm32f4xx_hal_uart.o
LOAD ./Middlewares/Third_Party/FreeRTOS/Source/CMSIS_RTOS_V2/cmsis_os2.o
LOAD ./Middlewares/Third_Party/FreeRTOS/Source/croutine.o
LOAD ./Middlewares/Third_Party/FreeRTOS/Source/event_groups.o
LOAD ./Middlewares/Third_Party/FreeRTOS/Source/list.o
LOAD ./Middlewares/Third_Party/FreeRTOS/Source/queue.o
LOAD ./Middlewares/Third_Party/FreeRTOS/Source/stream_buffer.o
LOAD ./Middlewares/Third_Party/FreeRTOS/Source/tasks.o
LOAD ./Middlewares/Third_Party/FreeRTOS/Source/timers.o
LOAD ./Middlewares/Third_Party/FreeRTOS/Source/portable/GCC/ARM_CM4F/port.o
LOAD ./Middlewares/Third_Party/FreeRTOS/Source/portable/MemMang/heap_4.o
START GROUP
LOAD C:/ST/STM32CubeIDE_2.1.1/STM32CubeIDE/plugins/com.st.stm32cube.ide.mcu.externaltools.gnu-tools-for-stm32.14.3.rel1.win32_1.0.100.202602081740/tools/bin/../lib/gcc/arm-none-eabi/14.3.1/../../../../arm-none-eabi/lib/thumb/v7e-m+fp/hard\libc_nano.a
LOAD C:/ST/STM32CubeIDE_2.1.1/STM32CubeIDE/plugins/com.st.stm32cube.ide.mcu.externaltools.gnu-tools-for-stm32.14.3.rel1.win32_1.0.100.202602081740/tools/bin/../lib/gcc/arm-none-eabi/14.3.1/../../../../arm-none-eabi/lib/thumb/v7e-m+fp/hard\libm.a
END GROUP
START GROUP
LOAD C:/ST/STM32CubeIDE_2.1.1/STM32CubeIDE/plugins/com.st.stm32cube.ide.mcu.externaltools.gnu-tools-for-stm32.14.3.rel1.win32_1.0.100.202602081740/tools/bin/../lib/gcc/arm-none-eabi/14.3.1/thumb/v7e-m+fp/hard\libgcc.a
LOAD C:/ST/STM32CubeIDE_2.1.1/STM32CubeIDE/plugins/com.st.stm32cube.ide.mcu.externaltools.gnu-tools-for-stm32.14.3.rel1.win32_1.0.100.202602081740/tools/bin/../lib/gcc/arm-none-eabi/14.3.1/../../../../arm-none-eabi/lib/thumb/v7e-m+fp/hard\libc_nano.a
END GROUP
START GROUP
LOAD C:/ST/STM32CubeIDE_2.1.1/STM32CubeIDE/plugins/com.st.stm32cube.ide.mcu.externaltools.gnu-tools-for-stm32.14.3.rel1.win32_1.0.100.202602081740/tools/bin/../lib/gcc/arm-none-eabi/14.3.1/thumb/v7e-m+fp/hard\libgcc.a
LOAD C:/ST/STM32CubeIDE_2.1.1/STM32CubeIDE/plugins/com.st.stm32cube.ide.mcu.externaltools.gnu-tools-for-stm32.14.3.rel1.win32_1.0.100.202602081740/tools/bin/../lib/gcc/arm-none-eabi/14.3.1/../../../../arm-none-eabi/lib/thumb/v7e-m+fp/hard\libc_nano.a
LOAD C:/ST/STM32CubeIDE_2.1.1/STM32CubeIDE/plugins/com.st.stm32cube.ide.mcu.externaltools.gnu-tools-for-stm32.14.3.rel1.win32_1.0.100.202602081740/tools/bin/../lib/gcc/arm-none-eabi/14.3.1/../../../../arm-none-eabi/lib/thumb/v7e-m+fp/hard\libnosys.a
END GROUP
START GROUP
LOAD C:/ST/STM32CubeIDE_2.1.1/STM32CubeIDE/plugins/com.st.stm32cube.ide.mcu.externaltools.gnu-tools-for-stm32.14.3.rel1.win32_1.0.100.202602081740/tools/bin/../lib/gcc/arm-none-eabi/14.3.1/thumb/v7e-m+fp/hard\libgcc.a
LOAD C:/ST/STM32CubeIDE_2.1.1/STM32CubeIDE/plugins/com.st.stm32cube.ide.mcu.externaltools.gnu-tools-for-stm32.14.3.rel1.win32_1.0.100.202602081740/tools/bin/../lib/gcc/arm-none-eabi/14.3.1/../../../../arm-none-eabi/lib/thumb/v7e-m+fp/hard\libc_nano.a
LOAD C:/ST/STM32CubeIDE_2.1.1/STM32CubeIDE/plugins/com.st.stm32cube.ide.mcu.externaltools.gnu-tools-for-stm32.14.3.rel1.win32_1.0.100.202602081740/tools/bin/../lib/gcc/arm-none-eabi/14.3.1/../../../../arm-none-eabi/lib/thumb/v7e-m+fp/hard\libnosys.a
END GROUP
LOAD C:/ST/STM32CubeIDE_2.1.1/STM32CubeIDE/plugins/com.st.stm32cube.ide.mcu.externaltools.gnu-tools-for-stm32.14.3.rel1.win32_1.0.100.202602081740/tools/bin/../lib/gcc/arm-none-eabi/14.3.1/thumb/v7e-m+fp/hard/crtend.o
LOAD C:/ST/STM32CubeIDE_2.1.1/STM32CubeIDE/plugins/com.st.stm32cube.ide.mcu.externaltools.gnu-tools-for-stm32.14.3.rel1.win32_1.0.100.202602081740/tools/bin/../lib/gcc/arm-none-eabi/14.3.1/thumb/v7e-m+fp/hard/crtn.o
                0x20018000                        _estack = (ORIGIN (RAM) + LENGTH (RAM))
                0x00000200                        _Min_Heap_Size = 0x200
                0x00000400                        _Min_Stack_Size = 0x400

.isr_vector     0x08000000      0x194
                0x08000000                        . = ALIGN (0x4)
 *(.isr_vector)
 .isr_vector    0x08000000      0x194 ./Core/Startup/startup_stm32f401retx.o
                0x08000000                g_pfnVectors
                0x08000194                        . = ALIGN (0x4)

.text           0x080001a0     0xdf68
                0x080001a0                        . = ALIGN (0x4)
 *(.text)
 .text          0x080001a0       0x40 C:/ST/STM32CubeIDE_2.1.1/STM32CubeIDE/plugins/com.st.stm32cube.ide.mcu.externaltools.gnu-tools-for-stm32.14.3.rel1.win32_1.0.100.202602081740/tools/bin/../lib/gcc/arm-none-eabi/14.3.1/thumb/v7e-m+fp/hard/crtbegin.o
 .text          0x080001e0       0x14 C:/ST/STM32CubeIDE_2.1.1/STM32CubeIDE/plugins/com.st.stm32cube.ide.mcu.externaltools.gnu-tools-for-stm32.14.3.rel1.win32_1.0.100.202602081740/tools/bin/../lib/gcc/arm-none-eabi/14.3.1/../../../../arm-none-eabi/lib/thumb/v7e-m+fp/hard\libc_nano.a(libc_a-strcmp.o)
                0x080001e0                strcmp
 .text          0x080001f4       0x10 C:/ST/STM32CubeIDE_2.1.1/STM32CubeIDE/plugins/com.st.stm32cube.ide.mcu.externaltools.gnu-tools-for-stm32.14.3.rel1.win32_1.0.100.202602081740/tools/bin/../lib/gcc/arm-none-eabi/14.3.1/../../../../arm-none-eabi/lib/thumb/v7e-m+fp/hard\libc_nano.a(libc_a-strlen.o)
                0x080001f4                strlen
 *fill*         0x08000204        0xc 
 .text          0x08000210       0xa0 C:/ST/STM32CubeIDE_2.1.1/STM32CubeIDE/plugins/com.st.stm32cube.ide.mcu.externaltools.gnu-tools-for-stm32.14.3.rel1.win32_1.0.100.202602081740/tools/bin/../lib/gcc/arm-none-eabi/14.3.1/../../../../arm-none-eabi/lib/thumb/v7e-m+fp/hard\libc_nano.a(libc_a-memchr.o)
                0x08000210                memchr
 .text          0x080002b0      0x378 C:/ST/STM32CubeIDE_2.1.1/STM32CubeIDE/plugins/com.st.stm32cube.ide.mcu.externaltools.gnu-tools-for-stm32.14.3.rel1.win32_1.0.100.202602081740/tools/bin/../lib/gcc/arm-none-eabi/14.3.1/thumb/v7e-m+fp/hard\libgcc.a(_arm_addsubdf3.o)
                0x080002b0                __aeabi_drsub
                0x080002b8                __aeabi_dsub
                0x080002b8                __subdf3
                0x080002bc                __aeabi_dadd
                0x080002bc                __adddf3
                0x08000534                __floatunsidf
                0x08000534                __aeabi_ui2d
                0x08000554                __floatsidf
                0x08000554                __aeabi_i2d
                0x08000578                __aeabi_f2d
                0x08000578                __extendsfdf2
                0x080005bc                __floatundidf
                0x080005bc                __aeabi_ul2d
                0x080005cc                __floatdidf
                0x080005cc                __aeabi_l2d
 .text          0x08000628      0x424 C:/ST/STM32CubeIDE_2.1.1/STM32CubeIDE/plugins/com.st.stm32cube.ide.mcu.externaltools.gnu-tools-for-stm32.14.3.rel1.win32_1.0.100.202602081740/tools/bin/../lib/gcc/arm-none-eabi/14.3.1/thumb/v7e-m+fp/hard\libgcc.a(_arm_muldivdf3.o)
                0x08000628                __aeabi_dmul
                0x08000628                __muldf3
                0x0800087c                __divdf3
                0x0800087c                __aeabi_ddiv
 .text          0x08000a4c       0x40 C:/ST/STM32CubeIDE_2.1.1/STM32CubeIDE/plugins/com.st.stm32cube.ide.mcu.externaltools.gnu-tools-for-stm32.14.3.rel1.win32_1.0.100.202602081740/tools/bin/../lib/gcc/arm-none-eabi/14.3.1/thumb/v7e-m+fp/hard\libgcc.a(_arm_fixunsdfsi.o)
                0x08000a4c                __aeabi_d2uiz
                0x08000a4c                __fixunsdfsi
 .text          0x08000a8c       0xa0 C:/ST/STM32CubeIDE_2.1.1/STM32CubeIDE/plugins/com.st.stm32cube.ide.mcu.externaltools.gnu-tools-for-stm32.14.3.rel1.win32_1.0.100.202602081740/tools/bin/../lib/gcc/arm-none-eabi/14.3.1/thumb/v7e-m+fp/hard\libgcc.a(_arm_truncdfsf2.o)
                0x08000a8c                __truncdfsf2
                0x08000a8c                __aeabi_d2f
 .text          0x08000b2c       0x30 C:/ST/STM32CubeIDE_2.1.1/STM32CubeIDE/plugins/com.st.stm32cube.ide.mcu.externaltools.gnu-tools-for-stm32.14.3.rel1.win32_1.0.100.202602081740/tools/bin/../lib/gcc/arm-none-eabi/14.3.1/thumb/v7e-m+fp/hard\libgcc.a(_aeabi_uldivmod.o)
                0x08000b2c                __aeabi_uldivmod
 .text          0x08000b5c      0x2f8 C:/ST/STM32CubeIDE_2.1.1/STM32CubeIDE/plugins/com.st.stm32cube.ide.mcu.externaltools.gnu-tools-for-stm32.14.3.rel1.win32_1.0.100.202602081740/tools/bin/../lib/gcc/arm-none-eabi/14.3.1/thumb/v7e-m+fp/hard\libgcc.a(_udivmoddi4.o)
                0x08000b5c                __udivmoddi4
 .text          0x08000e54        0x4 C:/ST/STM32CubeIDE_2.1.1/STM32CubeIDE/plugins/com.st.stm32cube.ide.mcu.externaltools.gnu-tools-for-stm32.14.3.rel1.win32_1.0.100.202602081740/tools/bin/../lib/gcc/arm-none-eabi/14.3.1/thumb/v7e-m+fp/hard\libgcc.a(_dvmd_tls.o)
                0x08000e54                __aeabi_idiv0
                0x08000e54                __aeabi_ldiv0
 *(.text*)
 .text.ENCODER_Init
                0x08000e58       0x38 ./Core/Src/encoder.o
                0x08000e58                ENCODER_Init
 .text.ENCODER_Zero
                0x08000e90       0x22 ./Core/Src/encoder.o
                0x08000e90                ENCODER_Zero
 .text.ENCODER_GetCount
                0x08000eb2       0x24 ./Core/Src/encoder.o
                0x08000eb2                ENCODER_GetCount
 *fill*         0x08000ed6        0x2 
 .text.ENCODER_GetDegrees
                0x08000ed8       0x50 ./Core/Src/encoder.o
                0x08000ed8                ENCODER_GetDegrees
 .text.ENCODER_GetRPM
                0x08000f28       0x64 ./Core/Src/encoder.o
                0x08000f28                ENCODER_GetRPM
 .text.ENCODER_WaitForIndex
                0x08000f8c       0x40 ./Core/Src/encoder.o
                0x08000f8c                ENCODER_WaitForIndex
 .text.HallSensor_Init
                0x08000fcc       0x28 ./Core/Src/hall_sensor.o
                0x08000fcc                HallSensor_Init
 .text.HallSensor_GetCounts
                0x08000ff4       0x18 ./Core/Src/hall_sensor.o
                0x08000ff4                HallSensor_GetCounts
 .text.HallSensor_CountsToDegrees
                0x0800100c       0x40 ./Core/Src/hall_sensor.o
                0x0800100c                HallSensor_CountsToDegrees
 .text.HallSensor_GetRPM
                0x0800104c       0x80 ./Core/Src/hall_sensor.o
                0x0800104c                HallSensor_GetRPM
 .text.HAL_TIM_IC_CaptureCallback
                0x080010cc       0xa0 ./Core/Src/hall_sensor.o
                0x080010cc                HAL_TIM_IC_CaptureCallback
 .text.main     0x0800116c      0x1d0 ./Core/Src/main.o
                0x0800116c                main
 .text.SystemClock_Config
                0x0800133c       0xc0 ./Core/Src/main.o
                0x0800133c                SystemClock_Config
 .text.MX_I2C3_Init
                0x080013fc       0x5c ./Core/Src/main.o
 .text.MX_SPI1_Init
                0x08001458       0x6c ./Core/Src/main.o
 .text.MX_TIM2_Init
                0x080014c4       0xec ./Core/Src/main.o
 .text.MX_TIM3_Init
                0x080015b0       0xa8 ./Core/Src/main.o
 .text.MX_TIM4_Init
                0x08001658       0xec ./Core/Src/main.o
 .text.MX_TIM10_Init
                0x08001744       0x48 ./Core/Src/main.o
 .text.MX_TIM11_Init
                0x0800178c       0x90 ./Core/Src/main.o
 .text.MX_USART2_UART_Init
                0x0800181c       0x54 ./Core/Src/main.o
 .text.MX_GPIO_Init
                0x08001870      0x124 ./Core/Src/main.o
 .text.queue_physical_action
                0x08001994       0x30 ./Core/Src/main.o
 .text.request_servo_action
                0x080019c4       0x70 ./Core/Src/main.o
 .text.StartUartRxCmdTask
                0x08001a34      0x12c ./Core/Src/main.o
                0x08001a34                StartUartRxCmdTask
 .text.StartStepperMotorTask
                0x08001b60      0x10c ./Core/Src/main.o
                0x08001b60                StartStepperMotorTask
 .text.StartDynamicMotorTask
                0x08001c6c       0x60 ./Core/Src/main.o
                0x08001c6c                StartDynamicMotorTask
 .text.StartHeaterTask
                0x08001ccc       0x70 ./Core/Src/main.o
                0x08001ccc                StartHeaterTask
 .text.StartDataAcquisitionTask
                0x08001d3c      0x24c ./Core/Src/main.o
                0x08001d3c                StartDataAcquisitionTask
 .text.StartServoMotorTask
                0x08001f88       0x9c ./Core/Src/main.o
                0x08001f88                StartServoMotorTask
 .text.StartEncoderTask
                0x08002024       0x70 ./Core/Src/main.o
                0x08002024                StartEncoderTask
 .text.HAL_TIM_PeriodElapsedCallback
                0x08002094       0x24 ./Core/Src/main.o
                0x08002094                HAL_TIM_PeriodElapsedCallback
 .text.Error_Handler
                0x080020b8        0xc ./Core/Src/main.o
                0x080020b8                Error_Handler
 .text.send_twi_byte
                0x080020c4       0x38 ./Core/Src/mcp9808.o
 .text.read_twi_int16
                0x080020fc       0x4c ./Core/Src/mcp9808.o
 .text.read_twi_int8
                0x08002148       0x40 ./Core/Src/mcp9808.o
 .text.send_twi_bin_data
                0x08002188       0x38 ./Core/Src/mcp9808.o
 .text.mcp9808_get_temp_int
                0x080021c0       0x36 ./Core/Src/mcp9808.o
                0x080021c0                mcp9808_get_temp_int
 *fill*         0x080021f6        0x2 
 .text.mcp9808_get_temp_float
                0x080021f8       0x50 ./Core/Src/mcp9808.o
                0x080021f8                mcp9808_get_temp_float
 .text.mcp9808_load_device
                0x08002248       0xb4 ./Core/Src/mcp9808.o
                0x08002248                mcp9808_load_device
 .text.mcp9808_apply_configuration
                0x080022fc       0x98 ./Core/Src/mcp9808.o
                0x080022fc                mcp9808_apply_configuration
 .text.mcp9808_write_and_verify_int16
                0x08002394       0x78 ./Core/Src/mcp9808.o
                0x08002394                mcp9808_write_and_verify_int16
 .text.mcp9808_write_and_verify_int8
                0x0800240c       0x64 ./Core/Src/mcp9808.o
                0x0800240c                mcp9808_write_and_verify_int8
 .text.mcp9808_read_temperature
                0x08002470       0x3e ./Core/Src/mcp9808.o
                0x08002470                mcp9808_read_temperature
 .text.clamp_u32
                0x080024ae       0x32 ./Core/Src/pwm.o
 .text.pwm_init
                0x080024e0       0x40 ./Core/Src/pwm.o
                0x080024e0                pwm_init
 .text.pwm_start
                0x08002520       0x34 ./Core/Src/pwm.o
                0x08002520                pwm_start
 .text.pwm_set  0x08002554       0xbe ./Core/Src/pwm.o
                0x08002554                pwm_set
 *fill*         0x08002612        0x2 
 .text.SERVO_Init
                0x08002614      0x438 ./Core/Src/servo.o
                0x08002614                SERVO_Init
 .text.SERVO_MoveTo
                0x08002a4c       0xa0 ./Core/Src/servo.o
                0x08002a4c                SERVO_MoveTo
 .text.STEPPER_Init
                0x08002aec       0x4e ./Core/Src/stepper.o
                0x08002aec                STEPPER_Init
 .text.STEPPER_SetDir
                0x08002b3a       0x38 ./Core/Src/stepper.o
                0x08002b3a                STEPPER_SetDir
 *fill*         0x08002b72        0x2 
 .text.STEPPER_Step
                0x08002b74       0xa4 ./Core/Src/stepper.o
                0x08002b74                STEPPER_Step
 .text.STEPPER_StepTwo
                0x08002c18       0xc4 ./Core/Src/stepper.o
                0x08002c18                STEPPER_StepTwo
 .text.HAL_MspInit
                0x08002cdc       0x58 ./Core/Src/stm32f4xx_hal_msp.o
                0x08002cdc                HAL_MspInit
 .text.HAL_I2C_MspInit
                0x08002d34       0xd4 ./Core/Src/stm32f4xx_hal_msp.o
                0x08002d34                HAL_I2C_MspInit
 .text.HAL_SPI_MspInit
                0x08002e08       0x90 ./Core/Src/stm32f4xx_hal_msp.o
                0x08002e08                HAL_SPI_MspInit
 .text.HAL_TIM_Base_MspInit
                0x08002e98      0x120 ./Core/Src/stm32f4xx_hal_msp.o
                0x08002e98                HAL_TIM_Base_MspInit
 .text.HAL_TIM_Encoder_MspInit
                0x08002fb8       0x90 ./Core/Src/stm32f4xx_hal_msp.o
                0x08002fb8                HAL_TIM_Encoder_MspInit
 .text.HAL_TIM_MspPostInit
                0x08003048       0xc0 ./Core/Src/stm32f4xx_hal_msp.o
                0x08003048                HAL_TIM_MspPostInit
 .text.HAL_UART_MspInit
                0x08003108       0xa0 ./Core/Src/stm32f4xx_hal_msp.o
                0x08003108                HAL_UART_MspInit
 .text.HAL_InitTick
                0x080031a8       0xf8 ./Core/Src/stm32f4xx_hal_timebase_tim.o
                0x080031a8                HAL_InitTick
 .text.NMI_Handler
                0x080032a0        0x8 ./Core/Src/stm32f4xx_it.o
                0x080032a0                NMI_Handler
 .text.HardFault_Handler
                0x080032a8        0x8 ./Core/Src/stm32f4xx_it.o
                0x080032a8                HardFault_Handler
 .text.MemManage_Handler
                0x080032b0        0x8 ./Core/Src/stm32f4xx_it.o
                0x080032b0                MemManage_Handler
 .text.BusFault_Handler
                0x080032b8        0x8 ./Core/Src/stm32f4xx_it.o
                0x080032b8                BusFault_Handler
 .text.UsageFault_Handler
                0x080032c0        0x8 ./Core/Src/stm32f4xx_it.o
                0x080032c0                UsageFault_Handler
 .text.DebugMon_Handler
                0x080032c8        0xe ./Core/Src/stm32f4xx_it.o
                0x080032c8                DebugMon_Handler
 *fill*         0x080032d6        0x2 
 .text.TIM1_TRG_COM_TIM11_IRQHandler
                0x080032d8       0x14 ./Core/Src/stm32f4xx_it.o
                0x080032d8                TIM1_TRG_COM_TIM11_IRQHandler
 .text.USART2_IRQHandler
                0x080032ec       0x14 ./Core/Src/stm32f4xx_it.o
                0x080032ec                USART2_IRQHandler
 .text.TIM5_IRQHandler
                0x08003300       0x14 ./Core/Src/stm32f4xx_it.o
                0x08003300                TIM5_IRQHandler
 .text._read    0x08003314       0x3a ./Core/Src/syscalls.o
                0x08003314                _read
 .text._write   0x0800334e       0x38 ./Core/Src/syscalls.o
                0x0800334e                _write
 .text._close   0x08003386       0x18 ./Core/Src/syscalls.o
                0x08003386                _close
 .text._fstat   0x0800339e       0x20 ./Core/Src/syscalls.o
                0x0800339e                _fstat
 .text._isatty  0x080033be       0x16 ./Core/Src/syscalls.o
                0x080033be                _isatty
 .text._lseek   0x080033d4       0x1a ./Core/Src/syscalls.o
                0x080033d4                _lseek
 *fill*         0x080033ee        0x2 
 .text._sbrk    0x080033f0       0x6c ./Core/Src/sysmem.o
                0x080033f0                _sbrk
 .text.SystemInit
                0x0800345c       0x24 ./Core/Src/system_stm32f4xx.o
                0x0800345c                SystemInit
 .text.max31856_init
                0x08003480       0x46 ./Core/Src/thermocouple.o
                0x08003480                max31856_init
 .text.max31856_set_conversion_mode
                0x080034c6       0x46 ./Core/Src/thermocouple.o
                0x080034c6                max31856_set_conversion_mode
 .text.max31856_set_noise_filter
                0x0800350c       0x46 ./Core/Src/thermocouple.o
                0x0800350c                max31856_set_noise_filter
 .text.max31856_set_cold_junction_enable
                0x08003552       0x46 ./Core/Src/thermocouple.o
                0x08003552                max31856_set_cold_junction_enable
 .text.max31856_set_thermocouple_type
                0x08003598       0x46 ./Core/Src/thermocouple.o
                0x08003598                max31856_set_thermocouple_type
 .text.max31856_set_average_samples
                0x080035de       0x46 ./Core/Src/thermocouple.o
                0x080035de                max31856_set_average_samples
 .text.max31856_read_TC_temp
                0x08003624       0x68 ./Core/Src/thermocouple.o
                0x08003624                max31856_read_TC_temp
 .text.max31856_set_open_circuit_fault_detection
                0x0800368c       0x46 ./Core/Src/thermocouple.o
                0x0800368c                max31856_set_open_circuit_fault_detection
 .text.max31856_read_fault
                0x080036d2       0x20 ./Core/Src/thermocouple.o
                0x080036d2                max31856_read_fault
 .text.max31856_write_register
                0x080036f2       0x5c ./Core/Src/thermocouple.o
                0x080036f2                max31856_write_register
 .text.max31856_read_register
                0x0800374e       0x54 ./Core/Src/thermocouple.o
                0x0800374e                max31856_read_register
 .text.max31856_read_nregisters
                0x080037a2       0x5a ./Core/Src/thermocouple.o
                0x080037a2                max31856_read_nregisters
 .text.TIP_CLEANER_Run
                0x080037fc       0x70 ./Core/Src/tip_cleaner.o
                0x080037fc                TIP_CLEANER_Run
 .text.uart_init
                0x0800386c       0x2c ./Core/Src/uart.o
                0x0800386c                uart_init
 .text.HAL_UART_RxCpltCallback
                0x08003898       0xa8 ./Core/Src/uart.o
                0x08003898                HAL_UART_RxCpltCallback
 .text.uart_tx  0x08003940       0x4c ./Core/Src/uart.o
                0x08003940                uart_tx
 .text.__io_putchar
                0x0800398c       0x34 ./Core/Src/uart.o
                0x0800398c                __io_putchar
 .text.WIRE_FEEDER_Run
                0x080039c0       0x26 ./Core/Src/wire_feeder.o
                0x080039c0                WIRE_FEEDER_Run
 *fill*         0x080039e6        0x2 
 .text.Reset_Handler
                0x080039e8       0x50 ./Core/Startup/startup_stm32f401retx.o
                0x080039e8                Reset_Handler
 .text.Default_Handler
                0x08003a38        0x2 ./Core/Startup/startup_stm32f401retx.o
                0x08003a38                RTC_Alarm_IRQHandler
                0x08003a38                EXTI2_IRQHandler
                0x08003a38                SPI4_IRQHandler
                0x08003a38                TIM1_CC_IRQHandler
                0x08003a38                DMA2_Stream5_IRQHandler
                0x08003a38                DMA1_Stream5_IRQHandler
                0x08003a38                PVD_IRQHandler
                0x08003a38                SDIO_IRQHandler
                0x08003a38                TAMP_STAMP_IRQHandler
                0x08003a38                EXTI3_IRQHandler
                0x08003a38                TIM1_UP_TIM10_IRQHandler
                0x08003a38                I2C3_ER_IRQHandler
                0x08003a38                EXTI0_IRQHandler
                0x08003a38                I2C2_EV_IRQHandler
                0x08003a38                DMA1_Stream2_IRQHandler
                0x08003a38                FPU_IRQHandler
                0x08003a38                DMA2_Stream2_IRQHandler
                0x08003a38                SPI1_IRQHandler
                0x08003a38                TIM1_BRK_TIM9_IRQHandler
                0x08003a38                DMA2_Stream3_IRQHandler
                0x08003a38                USART6_IRQHandler
                0x08003a38                DMA2_Stream0_IRQHandler
                0x08003a38                TIM4_IRQHandler
                0x08003a38                I2C1_EV_IRQHandler
                0x08003a38                DMA1_Stream6_IRQHandler
                0x08003a38                DMA1_Stream1_IRQHandler
                0x08003a38                TIM3_IRQHandler
                0x08003a38                RCC_IRQHandler
                0x08003a38                Default_Handler
                0x08003a38                EXTI15_10_IRQHandler
                0x08003a38                ADC_IRQHandler
                0x08003a38                DMA1_Stream7_IRQHandler
                0x08003a38                DMA2_Stream7_IRQHandler
                0x08003a38                I2C3_EV_IRQHandler
                0x08003a38                EXTI9_5_IRQHandler
                0x08003a38                RTC_WKUP_IRQHandler
                0x08003a38                SPI2_IRQHandler
                0x08003a38                DMA1_Stream0_IRQHandler
                0x08003a38                EXTI4_IRQHandler
                0x08003a38                WWDG_IRQHandler
                0x08003a38                TIM2_IRQHandler
                0x08003a38                OTG_FS_WKUP_IRQHandler
                0x08003a38                EXTI1_IRQHandler
                0x08003a38                I2C2_ER_IRQHandler
                0x08003a38                DMA2_Stream1_IRQHandler
                0x08003a38                FLASH_IRQHandler
                0x08003a38                DMA2_Stream4_IRQHandler
                0x08003a38                USART1_IRQHandler
                0x08003a38                OTG_FS_IRQHandler
                0x08003a38                SPI3_IRQHandler
                0x08003a38                DMA1_Stream4_IRQHandler
                0x08003a38                I2C1_ER_IRQHandler
                0x08003a38                DMA2_Stream6_IRQHandler
                0x08003a38                DMA1_Stream3_IRQHandler
 *fill*         0x08003a3a        0x2 
 .text.HAL_Init
                0x08003a3c       0x44 ./Drivers/STM32F4xx_HAL_Driver/Src/stm32f4xx_hal.o
                0x08003a3c                HAL_Init
 .text.HAL_IncTick
                0x08003a80       0x28 ./Drivers/STM32F4xx_HAL_Driver/Src/stm32f4xx_hal.o
                0x08003a80                HAL_IncTick
 .text.HAL_GetTick
                0x08003aa8       0x18 ./Drivers/STM32F4xx_HAL_Driver/Src/stm32f4xx_hal.o
                0x08003aa8                HAL_GetTick
 .text.HAL_Delay
                0x08003ac0       0x48 ./Drivers/STM32F4xx_HAL_Driver/Src/stm32f4xx_hal.o
                0x08003ac0                HAL_Delay
 .text.__NVIC_SetPriorityGrouping
                0x08003b08       0x48 ./Drivers/STM32F4xx_HAL_Driver/Src/stm32f4xx_hal_cortex.o
 .text.__NVIC_GetPriorityGrouping
                0x08003b50       0x1c ./Drivers/STM32F4xx_HAL_Driver/Src/stm32f4xx_hal_cortex.o
 .text.__NVIC_EnableIRQ
                0x08003b6c       0x3c ./Drivers/STM32F4xx_HAL_Driver/Src/stm32f4xx_hal_cortex.o
 .text.__NVIC_SetPriority
                0x08003ba8       0x54 ./Drivers/STM32F4xx_HAL_Driver/Src/stm32f4xx_hal_cortex.o
 .text.NVIC_EncodePriority
                0x08003bfc       0x66 ./Drivers/STM32F4xx_HAL_Driver/Src/stm32f4xx_hal_cortex.o
 .text.HAL_NVIC_SetPriorityGrouping
                0x08003c62       0x16 ./Drivers/STM32F4xx_HAL_Driver/Src/stm32f4xx_hal_cortex.o
                0x08003c62                HAL_NVIC_SetPriorityGrouping
 .text.HAL_NVIC_SetPriority
                0x08003c78       0x38 ./Drivers/STM32F4xx_HAL_Driver/Src/stm32f4xx_hal_cortex.o
                0x08003c78                HAL_NVIC_SetPriority
 .text.HAL_NVIC_EnableIRQ
                0x08003cb0       0x1c ./Drivers/STM32F4xx_HAL_Driver/Src/stm32f4xx_hal_cortex.o
                0x08003cb0                HAL_NVIC_EnableIRQ
 .text.HAL_DMA_Abort
                0x08003ccc       0xe0 ./Drivers/STM32F4xx_HAL_Driver/Src/stm32f4xx_hal_dma.o
                0x08003ccc                HAL_DMA_Abort
 .text.HAL_DMA_Abort_IT
                0x08003dac       0x44 ./Drivers/STM32F4xx_HAL_Driver/Src/stm32f4xx_hal_dma.o
                0x08003dac                HAL_DMA_Abort_IT
 .text.HAL_GPIO_Init
                0x08003df0      0x308 ./Drivers/STM32F4xx_HAL_Driver/Src/stm32f4xx_hal_gpio.o
                0x08003df0                HAL_GPIO_Init
 .text.HAL_GPIO_ReadPin
                0x080040f8       0x30 ./Drivers/STM32F4xx_HAL_Driver/Src/stm32f4xx_hal_gpio.o
                0x080040f8                HAL_GPIO_ReadPin
 .text.HAL_GPIO_WritePin
                0x08004128       0x32 ./Drivers/STM32F4xx_HAL_Driver/Src/stm32f4xx_hal_gpio.o
                0x08004128                HAL_GPIO_WritePin
 *fill*         0x0800415a        0x2 
 .text.HAL_I2C_Init
                0x0800415c      0x288 ./Drivers/STM32F4xx_HAL_Driver/Src/stm32f4xx_hal_i2c.o
                0x0800415c                HAL_I2C_Init
 .text.HAL_I2C_Master_Transmit
                0x080043e4      0x1fc ./Drivers/STM32F4xx_HAL_Driver/Src/stm32f4xx_hal_i2c.o
                0x080043e4                HAL_I2C_Master_Transmit
 .text.HAL_I2C_Master_Receive
                0x080045e0      0x464 ./Drivers/STM32F4xx_HAL_Driver/Src/stm32f4xx_hal_i2c.o
                0x080045e0                HAL_I2C_Master_Receive
 .text.I2C_MasterRequestWrite
                0x08004a44      0x104 ./Drivers/STM32F4xx_HAL_Driver/Src/stm32f4xx_hal_i2c.o
 .text.I2C_MasterRequestRead
                0x08004b48      0x19c ./Drivers/STM32F4xx_HAL_Driver/Src/stm32f4xx_hal_i2c.o
 .text.I2C_WaitOnFlagUntilTimeout
                0x08004ce4       0xf4 ./Drivers/STM32F4xx_HAL_Driver/Src/stm32f4xx_hal_i2c.o
 .text.I2C_WaitOnMasterAddressFlagUntilTimeout
                0x08004dd8      0x140 ./Drivers/STM32F4xx_HAL_Driver/Src/stm32f4xx_hal_i2c.o
 .text.I2C_WaitOnTXEFlagUntilTimeout
                0x08004f18       0x90 ./Drivers/STM32F4xx_HAL_Driver/Src/stm32f4xx_hal_i2c.o
 .text.I2C_WaitOnBTFFlagUntilTimeout
                0x08004fa8       0x90 ./Drivers/STM32F4xx_HAL_Driver/Src/stm32f4xx_hal_i2c.o
 .text.I2C_WaitOnRXNEFlagUntilTimeout
                0x08005038       0xba ./Drivers/STM32F4xx_HAL_Driver/Src/stm32f4xx_hal_i2c.o
 .text.I2C_IsAcknowledgeFailed
                0x080050f2       0x5e ./Drivers/STM32F4xx_HAL_Driver/Src/stm32f4xx_hal_i2c.o
 .text.HAL_RCC_OscConfig
                0x08005150      0x4f0 ./Drivers/STM32F4xx_HAL_Driver/Src/stm32f4xx_hal_rcc.o
                0x08005150                HAL_RCC_OscConfig
 .text.HAL_RCC_ClockConfig
                0x08005640      0x1cc ./Drivers/STM32F4xx_HAL_Driver/Src/stm32f4xx_hal_rcc.o
                0x08005640                HAL_RCC_ClockConfig
 .text.HAL_RCC_GetSysClockFreq
                0x0800580c      0x188 ./Drivers/STM32F4xx_HAL_Driver/Src/stm32f4xx_hal_rcc.o
                0x0800580c                HAL_RCC_GetSysClockFreq
 .text.HAL_RCC_GetHCLKFreq
                0x08005994       0x18 ./Drivers/STM32F4xx_HAL_Driver/Src/stm32f4xx_hal_rcc.o
                0x08005994                HAL_RCC_GetHCLKFreq
 .text.HAL_RCC_GetPCLK1Freq
                0x080059ac       0x28 ./Drivers/STM32F4xx_HAL_Driver/Src/stm32f4xx_hal_rcc.o
                0x080059ac                HAL_RCC_GetPCLK1Freq
 .text.HAL_RCC_GetPCLK2Freq
                0x080059d4       0x28 ./Drivers/STM32F4xx_HAL_Driver/Src/stm32f4xx_hal_rcc.o
                0x080059d4                HAL_RCC_GetPCLK2Freq
 .text.HAL_RCC_GetClockConfig
                0x080059fc       0x64 ./Drivers/STM32F4xx_HAL_Driver/Src/stm32f4xx_hal_rcc.o
                0x080059fc                HAL_RCC_GetClockConfig
 .text.HAL_SPI_Init
                0x08005a60      0x112 ./Drivers/STM32F4xx_HAL_Driver/Src/stm32f4xx_hal_spi.o
                0x08005a60                HAL_SPI_Init
 .text.HAL_SPI_Transmit
                0x08005b72      0x288 ./Drivers/STM32F4xx_HAL_Driver/Src/stm32f4xx_hal_spi.o
                0x08005b72                HAL_SPI_Transmit
 .text.HAL_SPI_Receive
                0x08005dfa      0x232 ./Drivers/STM32F4xx_HAL_Driver/Src/stm32f4xx_hal_spi.o
                0x08005dfa                HAL_SPI_Receive
 .text.HAL_SPI_TransmitReceive
                0x0800602c      0x352 ./Drivers/STM32F4xx_HAL_Driver/Src/stm32f4xx_hal_spi.o
                0x0800602c                HAL_SPI_TransmitReceive
 *fill*         0x0800637e        0x2 
 .text.SPI_WaitFlagStateUntilTimeout
                0x08006380      0x110 ./Drivers/STM32F4xx_HAL_Driver/Src/stm32f4xx_hal_spi.o
 .text.SPI_EndRxTransaction
                0x08006490       0xca ./Drivers/STM32F4xx_HAL_Driver/Src/stm32f4xx_hal_spi.o
 *fill*         0x0800655a        0x2 
 .text.SPI_EndRxTxTransaction
                0x0800655c       0xa8 ./Drivers/STM32F4xx_HAL_Driver/Src/stm32f4xx_hal_spi.o
 .text.HAL_TIM_Base_Init
                0x08006604       0x9e ./Drivers/STM32F4xx_HAL_Driver/Src/stm32f4xx_hal_tim.o
                0x08006604                HAL_TIM_Base_Init
 *fill*         0x080066a2        0x2 
 .text.HAL_TIM_Base_Start_IT
                0x080066a4       0xc4 ./Drivers/STM32F4xx_HAL_Driver/Src/stm32f4xx_hal_tim.o
                0x080066a4                HAL_TIM_Base_Start_IT
 .text.HAL_TIM_PWM_Init
                0x08006768       0x9e ./Drivers/STM32F4xx_HAL_Driver/Src/stm32f4xx_hal_tim.o
                0x08006768                HAL_TIM_PWM_Init
 .text.HAL_TIM_PWM_MspInit
                0x08006806       0x14 ./Drivers/STM32F4xx_HAL_Driver/Src/stm32f4xx_hal_tim.o
                0x08006806                HAL_TIM_PWM_MspInit
 *fill*         0x0800681a        0x2 
 .text.HAL_TIM_PWM_Start
                0x0800681c      0x160 ./Drivers/STM32F4xx_HAL_Driver/Src/stm32f4xx_hal_tim.o
                0x0800681c                HAL_TIM_PWM_Start
 .text.HAL_TIM_IC_Init
                0x0800697c       0x9e ./Drivers/STM32F4xx_HAL_Driver/Src/stm32f4xx_hal_tim.o
                0x0800697c                HAL_TIM_IC_Init
 .text.HAL_TIM_IC_MspInit
                0x08006a1a       0x14 ./Drivers/STM32F4xx_HAL_Driver/Src/stm32f4xx_hal_tim.o
                0x08006a1a                HAL_TIM_IC_MspInit
 *fill*         0x08006a2e        0x2 
 .text.HAL_TIM_IC_Start_IT
                0x08006a30      0x234 ./Drivers/STM32F4xx_HAL_Driver/Src/stm32f4xx_hal_tim.o
                0x08006a30                HAL_TIM_IC_Start_IT
 .text.HAL_TIM_Encoder_Init
                0x08006c64      0x14c ./Drivers/STM32F4xx_HAL_Driver/Src/stm32f4xx_hal_tim.o
                0x08006c64                HAL_TIM_Encoder_Init
 .text.HAL_TIM_Encoder_Start
                0x08006db0      0x11c ./Drivers/STM32F4xx_HAL_Driver/Src/stm32f4xx_hal_tim.o
                0x08006db0                HAL_TIM_Encoder_Start
 .text.HAL_TIM_IRQHandler
                0x08006ecc      0x1e0 ./Drivers/STM32F4xx_HAL_Driver/Src/stm32f4xx_hal_tim.o
                0x08006ecc                HAL_TIM_IRQHandler
 .text.HAL_TIM_IC_ConfigChannel
                0x080070ac      0x138 ./Drivers/STM32F4xx_HAL_Driver/Src/stm32f4xx_hal_tim.o
                0x080070ac                HAL_TIM_IC_ConfigChannel
 .text.HAL_TIM_PWM_ConfigChannel
                0x080071e4      0x184 ./Drivers/STM32F4xx_HAL_Driver/Src/stm32f4xx_hal_tim.o
                0x080071e4                HAL_TIM_PWM_ConfigChannel
 .text.HAL_TIM_ConfigClockSource
                0x08007368      0x18e ./Drivers/STM32F4xx_HAL_Driver/Src/stm32f4xx_hal_tim.o
                0x08007368                HAL_TIM_ConfigClockSource
 *fill*         0x080074f6        0x2 
 .text.HAL_TIM_ReadCapturedValue
                0x080074f8       0x88 ./Drivers/STM32F4xx_HAL_Driver/Src/stm32f4xx_hal_tim.o
                0x080074f8                HAL_TIM_ReadCapturedValue
 .text.HAL_TIM_OC_DelayElapsedCallback
                0x08007580       0x14 ./Drivers/STM32F4xx_HAL_Driver/Src/stm32f4xx_hal_tim.o
                0x08007580                HAL_TIM_OC_DelayElapsedCallback
 .text.HAL_TIM_PWM_PulseFinishedCallback
                0x08007594       0x14 ./Drivers/STM32F4xx_HAL_Driver/Src/stm32f4xx_hal_tim.o
                0x08007594                HAL_TIM_PWM_PulseFinishedCallback
 .text.HAL_TIM_TriggerCallback
                0x080075a8       0x14 ./Drivers/STM32F4xx_HAL_Driver/Src/stm32f4xx_hal_tim.o
                0x080075a8                HAL_TIM_TriggerCallback
 .text.TIM_Base_SetConfig
                0x080075bc      0x10c ./Drivers/STM32F4xx_HAL_Driver/Src/stm32f4xx_hal_tim.o
                0x080075bc                TIM_Base_SetConfig
 .text.TIM_OC1_SetConfig
                0x080076c8       0xcc ./Drivers/STM32F4xx_HAL_Driver/Src/stm32f4xx_hal_tim.o
 .text.TIM_OC2_SetConfig
                0x08007794       0xd8 ./Drivers/STM32F4xx_HAL_Driver/Src/stm32f4xx_hal_tim.o
                0x08007794                TIM_OC2_SetConfig
 .text.TIM_OC3_SetConfig
                0x0800786c       0xd4 ./Drivers/STM32F4xx_HAL_Driver/Src/stm32f4xx_hal_tim.o
 .text.TIM_OC4_SetConfig
                0x08007940       0xa0 ./Drivers/STM32F4xx_HAL_Driver/Src/stm32f4xx_hal_tim.o
 .text.TIM_TI1_SetConfig
                0x080079e0       0xd0 ./Drivers/STM32F4xx_HAL_Driver/Src/stm32f4xx_hal_tim.o
                0x080079e0                TIM_TI1_SetConfig
 .text.TIM_TI1_ConfigInputStage
                0x08007ab0       0x5e ./Drivers/STM32F4xx_HAL_Driver/Src/stm32f4xx_hal_tim.o
 .text.TIM_TI2_SetConfig
                0x08007b0e       0x7a ./Drivers/STM32F4xx_HAL_Driver/Src/stm32f4xx_hal_tim.o
 .text.TIM_TI2_ConfigInputStage
                0x08007b88       0x60 ./Drivers/STM32F4xx_HAL_Driver/Src/stm32f4xx_hal_tim.o
 .text.TIM_TI3_SetConfig
                0x08007be8       0x78 ./Drivers/STM32F4xx_HAL_Driver/Src/stm32f4xx_hal_tim.o
 .text.TIM_TI4_SetConfig
                0x08007c60       0x7a ./Drivers/STM32F4xx_HAL_Driver/Src/stm32f4xx_hal_tim.o
 .text.TIM_ITRx_SetConfig
                0x08007cda       0x36 ./Drivers/STM32F4xx_HAL_Driver/Src/stm32f4xx_hal_tim.o
 .text.TIM_ETR_SetConfig
                0x08007d10       0x40 ./Drivers/STM32F4xx_HAL_Driver/Src/stm32f4xx_hal_tim.o
                0x08007d10                TIM_ETR_SetConfig
 .text.TIM_CCxChannelCmd
                0x08007d50       0x4a ./Drivers/STM32F4xx_HAL_Driver/Src/stm32f4xx_hal_tim.o
                0x08007d50                TIM_CCxChannelCmd
 *fill*         0x08007d9a        0x2 
 .text.HAL_TIMEx_MasterConfigSynchronization
                0x08007d9c       0xdc ./Drivers/STM32F4xx_HAL_Driver/Src/stm32f4xx_hal_tim_ex.o
                0x08007d9c                HAL_TIMEx_MasterConfigSynchronization
 .text.HAL_TIMEx_CommutCallback
                0x08007e78       0x14 ./Drivers/STM32F4xx_HAL_Driver/Src/stm32f4xx_hal_tim_ex.o
                0x08007e78                HAL_TIMEx_CommutCallback
 .text.HAL_TIMEx_BreakCallback
                0x08007e8c       0x14 ./Drivers/STM32F4xx_HAL_Driver/Src/stm32f4xx_hal_tim_ex.o
                0x08007e8c                HAL_TIMEx_BreakCallback
 .text.HAL_UART_Init
                0x08007ea0       0xa0 ./Drivers/STM32F4xx_HAL_Driver/Src/stm32f4xx_hal_uart.o
                0x08007ea0                HAL_UART_Init
 .text.HAL_UART_Transmit
                0x08007f40      0x116 ./Drivers/STM32F4xx_HAL_Driver/Src/stm32f4xx_hal_uart.o
                0x08007f40                HAL_UART_Transmit
 .text.HAL_UART_Receive_IT
                0x08008056       0x4a ./Drivers/STM32F4xx_HAL_Driver/Src/stm32f4xx_hal_uart.o
                0x08008056                HAL_UART_Receive_IT
 .text.HAL_UART_IRQHandler
                0x080080a0      0x554 ./Drivers/STM32F4xx_HAL_Driver/Src/stm32f4xx_hal_uart.o
                0x080080a0                HAL_UART_IRQHandler
 .text.HAL_UART_TxCpltCallback
                0x080085f4       0x14 ./Drivers/STM32F4xx_HAL_Driver/Src/stm32f4xx_hal_uart.o
                0x080085f4                HAL_UART_TxCpltCallback
 .text.HAL_UART_ErrorCallback
                0x08008608       0x14 ./Drivers/STM32F4xx_HAL_Driver/Src/stm32f4xx_hal_uart.o
                0x08008608                HAL_UART_ErrorCallback
 .text.HAL_UARTEx_RxEventCallback
                0x0800861c       0x18 ./Drivers/STM32F4xx_HAL_Driver/Src/stm32f4xx_hal_uart.o
                0x0800861c                HAL_UARTEx_RxEventCallback
 .text.UART_WaitOnFlagUntilTimeout
                0x08008634       0xb2 ./Drivers/STM32F4xx_HAL_Driver/Src/stm32f4xx_hal_uart.o
 .text.UART_Start_Receive_IT
                0x080086e6       0x74 ./Drivers/STM32F4xx_HAL_Driver/Src/stm32f4xx_hal_uart.o
                0x080086e6                UART_Start_Receive_IT
 .text.UART_EndRxTransfer
                0x0800875a       0xc6 ./Drivers/STM32F4xx_HAL_Driver/Src/stm32f4xx_hal_uart.o
 .text.UART_DMAAbortOnError
                0x08008820       0x22 ./Drivers/STM32F4xx_HAL_Driver/Src/stm32f4xx_hal_uart.o
 .text.UART_Transmit_IT
                0x08008842       0xa0 ./Drivers/STM32F4xx_HAL_Driver/Src/stm32f4xx_hal_uart.o
 .text.UART_EndTransmit_IT
                0x080088e2       0x30 ./Drivers/STM32F4xx_HAL_Driver/Src/stm32f4xx_hal_uart.o
 .text.UART_Receive_IT
                0x08008912      0x17c ./Drivers/STM32F4xx_HAL_Driver/Src/stm32f4xx_hal_uart.o
 *fill*         0x08008a8e        0x2 
 .text.UART_SetConfig
                0x08008a90      0x4e8 ./Drivers/STM32F4xx_HAL_Driver/Src/stm32f4xx_hal_uart.o
 .text.__NVIC_SetPriority
                0x08008f78       0x54 ./Middlewares/Third_Party/FreeRTOS/Source/CMSIS_RTOS_V2/cmsis_os2.o
 .text.SysTick_Handler
                0x08008fcc       0x20 ./Middlewares/Third_Party/FreeRTOS/Source/CMSIS_RTOS_V2/cmsis_os2.o
                0x08008fcc                SysTick_Handler
 .text.SVC_Setup
                0x08008fec       0x12 ./Middlewares/Third_Party/FreeRTOS/Source/CMSIS_RTOS_V2/cmsis_os2.o
 *fill*         0x08008ffe        0x2 
 .text.osKernelInitialize
                0x08009000       0x48 ./Middlewares/Third_Party/FreeRTOS/Source/CMSIS_RTOS_V2/cmsis_os2.o
                0x08009000                osKernelInitialize
 .text.osKernelStart
                0x08009048       0x4c ./Middlewares/Third_Party/FreeRTOS/Source/CMSIS_RTOS_V2/cmsis_os2.o
                0x08009048                osKernelStart
 .text.osThreadNew
                0x08009094      0x124 ./Middlewares/Third_Party/FreeRTOS/Source/CMSIS_RTOS_V2/cmsis_os2.o
                0x08009094                osThreadNew
 .text.osThreadFlagsSet
                0x080091b8       0x9c ./Middlewares/Third_Party/FreeRTOS/Source/CMSIS_RTOS_V2/cmsis_os2.o
                0x080091b8                osThreadFlagsSet
 .text.osThreadFlagsClear
                0x08009254       0x7c ./Middlewares/Third_Party/FreeRTOS/Source/CMSIS_RTOS_V2/cmsis_os2.o
                0x08009254                osThreadFlagsClear
 .text.osThreadFlagsWait
                0x080092d0      0x102 ./Middlewares/Third_Party/FreeRTOS/Source/CMSIS_RTOS_V2/cmsis_os2.o
                0x080092d0                osThreadFlagsWait
 .text.osDelay  0x080093d2       0x36 ./Middlewares/Third_Party/FreeRTOS/Source/CMSIS_RTOS_V2/cmsis_os2.o
                0x080093d2                osDelay
 .text.osMutexNew
                0x08009408      0x10c ./Middlewares/Third_Party/FreeRTOS/Source/CMSIS_RTOS_V2/cmsis_os2.o
                0x08009408                osMutexNew
 .text.osMutexAcquire
                0x08009514       0x96 ./Middlewares/Third_Party/FreeRTOS/Source/CMSIS_RTOS_V2/cmsis_os2.o
                0x08009514                osMutexAcquire
 .text.osMutexRelease
                0x080095aa       0x7a ./Middlewares/Third_Party/FreeRTOS/Source/CMSIS_RTOS_V2/cmsis_os2.o
                0x080095aa                osMutexRelease
 .text.osMessageQueueNew
                0x08009624       0xe6 ./Middlewares/Third_Party/FreeRTOS/Source/CMSIS_RTOS_V2/cmsis_os2.o
                0x08009624                osMessageQueueNew
 *fill*         0x0800970a        0x2 
 .text.osMessageQueuePut
                0x0800970c       0xc0 ./Middlewares/Third_Party/FreeRTOS/Source/CMSIS_RTOS_V2/cmsis_os2.o
                0x0800970c                osMessageQueuePut
 .text.osMessageQueueGet
                0x080097cc       0xbc ./Middlewares/Third_Party/FreeRTOS/Source/CMSIS_RTOS_V2/cmsis_os2.o
                0x080097cc                osMessageQueueGet
 .text.vApplicationGetIdleTaskMemory
                0x08009888       0x34 ./Middlewares/Third_Party/FreeRTOS/Source/CMSIS_RTOS_V2/cmsis_os2.o
                0x08009888                vApplicationGetIdleTaskMemory
 .text.vApplicationGetTimerTaskMemory
                0x080098bc       0x34 ./Middlewares/Third_Party/FreeRTOS/Source/CMSIS_RTOS_V2/cmsis_os2.o
                0x080098bc                vApplicationGetTimerTaskMemory
 .text.vListInitialise
                0x080098f0       0x40 ./Middlewares/Third_Party/FreeRTOS/Source/list.o
                0x080098f0                vListInitialise
 .text.vListInitialiseItem
                0x08009930       0x1a ./Middlewares/Third_Party/FreeRTOS/Source/list.o
                0x08009930                vListInitialiseItem
 .text.vListInsertEnd
                0x0800994a       0x48 ./Middlewares/Third_Party/FreeRTOS/Source/list.o
                0x0800994a                vListInsertEnd
 .text.vListInsert
                0x08009992       0x72 ./Middlewares/Third_Party/FreeRTOS/Source/list.o
                0x08009992                vListInsert
 .text.uxListRemove
                0x08009a04       0x54 ./Middlewares/Third_Party/FreeRTOS/Source/list.o
                0x08009a04                uxListRemove
 .text.xQueueGenericReset
                0x08009a58       0xd4 ./Middlewares/Third_Party/FreeRTOS/Source/queue.o
                0x08009a58                xQueueGenericReset
 .text.xQueueGenericCreateStatic
                0x08009b2c       0xfa ./Middlewares/Third_Party/FreeRTOS/Source/queue.o
                0x08009b2c                xQueueGenericCreateStatic
 .text.xQueueGenericCreate
                0x08009c26       0x76 ./Middlewares/Third_Party/FreeRTOS/Source/queue.o
                0x08009c26                xQueueGenericCreate
 .text.prvInitialiseNewQueue
                0x08009c9c       0x46 ./Middlewares/Third_Party/FreeRTOS/Source/queue.o
 .text.prvInitialiseMutex
                0x08009ce2       0x34 ./Middlewares/Third_Party/FreeRTOS/Source/queue.o
 .text.xQueueCreateMutex
                0x08009d16       0x30 ./Middlewares/Third_Party/FreeRTOS/Source/queue.o
                0x08009d16                xQueueCreateMutex
 .text.xQueueCreateMutexStatic
                0x08009d46       0x36 ./Middlewares/Third_Party/FreeRTOS/Source/queue.o
                0x08009d46                xQueueCreateMutexStatic
 .text.xQueueGiveMutexRecursive
                0x08009d7c       0x6a ./Middlewares/Third_Party/FreeRTOS/Source/queue.o
                0x08009d7c                xQueueGiveMutexRecursive
 .text.xQueueTakeMutexRecursive
                0x08009de6       0x6e ./Middlewares/Third_Party/FreeRTOS/Source/queue.o
                0x08009de6                xQueueTakeMutexRecursive
 .text.xQueueGenericSend
                0x08009e54      0x204 ./Middlewares/Third_Party/FreeRTOS/Source/queue.o
                0x08009e54                xQueueGenericSend
 .text.xQueueGenericSendFromISR
                0x0800a058      0x13c ./Middlewares/Third_Party/FreeRTOS/Source/queue.o
                0x0800a058                xQueueGenericSendFromISR
 .text.xQueueReceive
                0x0800a194      0x1c4 ./Middlewares/Third_Party/FreeRTOS/Source/queue.o
                0x0800a194                xQueueReceive
 .text.xQueueSemaphoreTake
                0x0800a358      0x220 ./Middlewares/Third_Party/FreeRTOS/Source/queue.o
                0x0800a358                xQueueSemaphoreTake
 .text.xQueueReceiveFromISR
                0x0800a578      0x104 ./Middlewares/Third_Party/FreeRTOS/Source/queue.o
                0x0800a578                xQueueReceiveFromISR
 .text.prvGetDisinheritPriorityAfterTimeout
                0x0800a67c       0x30 ./Middlewares/Third_Party/FreeRTOS/Source/queue.o
 .text.prvCopyDataToQueue
                0x0800a6ac       0xd4 ./Middlewares/Third_Party/FreeRTOS/Source/queue.o
 .text.prvCopyDataFromQueue
                0x0800a780       0x4c ./Middlewares/Third_Party/FreeRTOS/Source/queue.o
 .text.prvUnlockQueue
                0x0800a7cc       0xa4 ./Middlewares/Third_Party/FreeRTOS/Source/queue.o
 .text.prvIsQueueEmpty
                0x0800a870       0x2c ./Middlewares/Third_Party/FreeRTOS/Source/queue.o
 .text.prvIsQueueFull
                0x0800a89c       0x30 ./Middlewares/Third_Party/FreeRTOS/Source/queue.o
 .text.vQueueAddToRegistry
                0x0800a8cc       0x54 ./Middlewares/Third_Party/FreeRTOS/Source/queue.o
                0x0800a8cc                vQueueAddToRegistry
 .text.vQueueWaitForMessageRestricted
                0x0800a920       0x68 ./Middlewares/Third_Party/FreeRTOS/Source/queue.o
                0x0800a920                vQueueWaitForMessageRestricted
 .text.xTaskCreateStatic
                0x0800a988       0xc0 ./Middlewares/Third_Party/FreeRTOS/Source/tasks.o
                0x0800a988                xTaskCreateStatic
 .text.xTaskCreate
                0x0800aa48       0x8a ./Middlewares/Third_Party/FreeRTOS/Source/tasks.o
                0x0800aa48                xTaskCreate
 .text.prvInitialiseNewTask
                0x0800aad2      0x120 ./Middlewares/Third_Party/FreeRTOS/Source/tasks.o
 *fill*         0x0800abf2        0x2 
 .text.prvAddNewTaskToReadyList
                0x0800abf4       0xe0 ./Middlewares/Third_Party/FreeRTOS/Source/tasks.o
 .text.vTaskDelay
                0x0800acd4       0x6c ./Middlewares/Third_Party/FreeRTOS/Source/tasks.o
                0x0800acd4                vTaskDelay
 .text.vTaskStartScheduler
                0x0800ad40       0xd0 ./Middlewares/Third_Party/FreeRTOS/Source/tasks.o
                0x0800ad40                vTaskStartScheduler
 .text.vTaskSuspendAll
                0x0800ae10       0x1c ./Middlewares/Third_Party/FreeRTOS/Source/tasks.o
                0x0800ae10                vTaskSuspendAll
 .text.xTaskResumeAll
                0x0800ae2c      0x13c ./Middlewares/Third_Party/FreeRTOS/Source/tasks.o
                0x0800ae2c                xTaskResumeAll
 .text.xTaskGetTickCount
                0x0800af68       0x20 ./Middlewares/Third_Party/FreeRTOS/Source/tasks.o
                0x0800af68                xTaskGetTickCount
 .text.xTaskIncrementTick
                0x0800af88      0x174 ./Middlewares/Third_Party/FreeRTOS/Source/tasks.o
                0x0800af88                xTaskIncrementTick
 .text.vTaskSwitchContext
                0x0800b0fc       0xbc ./Middlewares/Third_Party/FreeRTOS/Source/tasks.o
                0x0800b0fc                vTaskSwitchContext
 .text.vTaskPlaceOnEventList
                0x0800b1b8       0x4c ./Middlewares/Third_Party/FreeRTOS/Source/tasks.o
                0x0800b1b8                vTaskPlaceOnEventList
 .text.vTaskPlaceOnEventListRestricted
                0x0800b204       0x58 ./Middlewares/Third_Party/FreeRTOS/Source/tasks.o
                0x0800b204                vTaskPlaceOnEventListRestricted
 .text.xTaskRemoveFromEventList
                0x0800b25c       0xc8 ./Middlewares/Third_Party/FreeRTOS/Source/tasks.o
                0x0800b25c                xTaskRemoveFromEventList
 .text.vTaskInternalSetTimeOutState
                0x0800b324       0x2c ./Middlewares/Third_Party/FreeRTOS/Source/tasks.o
                0x0800b324                vTaskInternalSetTimeOutState
 .text.xTaskCheckForTimeOut
                0x0800b350       0xc8 ./Middlewares/Third_Party/FreeRTOS/Source/tasks.o
                0x0800b350                xTaskCheckForTimeOut
 .text.vTaskMissedYield
                0x0800b418       0x18 ./Middlewares/Third_Party/FreeRTOS/Source/tasks.o
                0x0800b418                vTaskMissedYield
 .text.prvIdleTask
                0x0800b430       0x30 ./Middlewares/Third_Party/FreeRTOS/Source/tasks.o
 .text.prvInitialiseTaskLists
                0x0800b460       0x80 ./Middlewares/Third_Party/FreeRTOS/Source/tasks.o
 .text.prvCheckTasksWaitingTermination
                0x0800b4e0       0x5c ./Middlewares/Third_Party/FreeRTOS/Source/tasks.o
 .text.prvDeleteTCB
                0x0800b53c       0x60 ./Middlewares/Third_Party/FreeRTOS/Source/tasks.o
 .text.prvResetNextTaskUnblockTime
                0x0800b59c       0x40 ./Middlewares/Third_Party/FreeRTOS/Source/tasks.o
 .text.xTaskGetCurrentTaskHandle
                0x0800b5dc       0x20 ./Middlewares/Third_Party/FreeRTOS/Source/tasks.o
                0x0800b5dc                xTaskGetCurrentTaskHandle
 .text.xTaskGetSchedulerState
                0x0800b5fc       0x3c ./Middlewares/Third_Party/FreeRTOS/Source/tasks.o
                0x0800b5fc                xTaskGetSchedulerState
 .text.xTaskPriorityInherit
                0x0800b638       0xd0 ./Middlewares/Third_Party/FreeRTOS/Source/tasks.o
                0x0800b638                xTaskPriorityInherit
 .text.xTaskPriorityDisinherit
                0x0800b708       0xe0 ./Middlewares/Third_Party/FreeRTOS/Source/tasks.o
                0x0800b708                xTaskPriorityDisinherit
 .text.vTaskPriorityDisinheritAfterTimeout
                0x0800b7e8      0x108 ./Middlewares/Third_Party/FreeRTOS/Source/tasks.o
                0x0800b7e8                vTaskPriorityDisinheritAfterTimeout
 .text.pvTaskIncrementMutexHeldCount
                0x0800b8f0       0x28 ./Middlewares/Third_Party/FreeRTOS/Source/tasks.o
                0x0800b8f0                pvTaskIncrementMutexHeldCount
 .text.xTaskNotifyWait
                0x0800b918       0xb4 ./Middlewares/Third_Party/FreeRTOS/Source/tasks.o
                0x0800b918                xTaskNotifyWait
 .text.xTaskGenericNotify
                0x0800b9cc      0x174 ./Middlewares/Third_Party/FreeRTOS/Source/tasks.o
                0x0800b9cc                xTaskGenericNotify
 .text.xTaskGenericNotifyFromISR
                0x0800bb40      0x1c0 ./Middlewares/Third_Party/FreeRTOS/Source/tasks.o
                0x0800bb40                xTaskGenericNotifyFromISR
 .text.prvAddCurrentTaskToDelayedList
                0x0800bd00       0xa8 ./Middlewares/Third_Party/FreeRTOS/Source/tasks.o
 .text.xTimerCreateTimerTask
                0x0800bda8       0x94 ./Middlewares/Third_Party/FreeRTOS/Source/timers.o
                0x0800bda8                xTimerCreateTimerTask
 .text.xTimerGenericCommand
                0x0800be3c       0x9c ./Middlewares/Third_Party/FreeRTOS/Source/timers.o
                0x0800be3c                xTimerGenericCommand
 .text.prvProcessExpiredTimer
                0x0800bed8       0x9c ./Middlewares/Third_Party/FreeRTOS/Source/timers.o
 .text.prvTimerTask
                0x0800bf74       0x26 ./Middlewares/Third_Party/FreeRTOS/Source/timers.o
 *fill*         0x0800bf9a        0x2 
 .text.prvProcessTimerOrBlockTask
                0x0800bf9c       0x9c ./Middlewares/Third_Party/FreeRTOS/Source/timers.o
 .text.prvGetNextExpireTime
                0x0800c038       0x48 ./Middlewares/Third_Party/FreeRTOS/Source/timers.o
 .text.prvSampleTimeNow
                0x0800c080       0x40 ./Middlewares/Third_Party/FreeRTOS/Source/timers.o
 .text.prvInsertTimerInActiveList
                0x0800c0c0       0x84 ./Middlewares/Third_Party/FreeRTOS/Source/timers.o
 .text.prvProcessReceivedCommands
                0x0800c144      0x1cc ./Middlewares/Third_Party/FreeRTOS/Source/timers.o
 .text.prvSwitchTimerLists
                0x0800c310       0xcc ./Middlewares/Third_Party/FreeRTOS/Source/timers.o
 .text.prvCheckForValidListAndQueue
                0x0800c3dc       0x80 ./Middlewares/Third_Party/FreeRTOS/Source/timers.o
 .text.pxPortInitialiseStack
                0x0800c45c       0x68 ./Middlewares/Third_Party/FreeRTOS/Source/portable/GCC/ARM_CM4F/port.o
                0x0800c45c                pxPortInitialiseStack
 .text.prvTaskExitError
                0x0800c4c4       0x5c ./Middlewares/Third_Party/FreeRTOS/Source/portable/GCC/ARM_CM4F/port.o
 .text.SVC_Handler
                0x0800c520       0x28 ./Middlewares/Third_Party/FreeRTOS/Source/portable/GCC/ARM_CM4F/port.o
                0x0800c520                SVC_Handler
 .text.prvPortStartFirstTask
                0x0800c548       0x28 ./Middlewares/Third_Party/FreeRTOS/Source/portable/GCC/ARM_CM4F/port.o
 .text.xPortStartScheduler
                0x0800c570      0x148 ./Middlewares/Third_Party/FreeRTOS/Source/portable/GCC/ARM_CM4F/port.o
                0x0800c570                xPortStartScheduler
 .text.vPortEnterCritical
                0x0800c6b8       0x64 ./Middlewares/Third_Party/FreeRTOS/Source/portable/GCC/ARM_CM4F/port.o
                0x0800c6b8                vPortEnterCritical
 .text.vPortExitCritical
                0x0800c71c       0x54 ./Middlewares/Third_Party/FreeRTOS/Source/portable/GCC/ARM_CM4F/port.o
                0x0800c71c                vPortExitCritical
 .text.PendSV_Handler
                0x0800c770       0x68 ./Middlewares/Third_Party/FreeRTOS/Source/portable/GCC/ARM_CM4F/port.o
                0x0800c770                PendSV_Handler
 .text.xPortSysTickHandler
                0x0800c7d8       0x44 ./Middlewares/Third_Party/FreeRTOS/Source/portable/GCC/ARM_CM4F/port.o
                0x0800c7d8                xPortSysTickHandler
 .text.vPortSetupTimerInterrupt
                0x0800c81c       0x48 ./Middlewares/Third_Party/FreeRTOS/Source/portable/GCC/ARM_CM4F/port.o
                0x0800c81c                vPortSetupTimerInterrupt
 .text.vPortEnableVFP
                0x0800c864       0x14 ./Middlewares/Third_Party/FreeRTOS/Source/portable/GCC/ARM_CM4F/port.o
 .text.vPortValidateInterruptPriority
                0x0800c878       0x84 ./Middlewares/Third_Party/FreeRTOS/Source/portable/GCC/ARM_CM4F/port.o
                0x0800c878                vPortValidateInterruptPriority
 .text.pvPortMalloc
                0x0800c8fc      0x19c ./Middlewares/Third_Party/FreeRTOS/Source/portable/MemMang/heap_4.o
                0x0800c8fc                pvPortMalloc
 .text.vPortFree
                0x0800ca98       0xc8 ./Middlewares/Third_Party/FreeRTOS/Source/portable/MemMang/heap_4.o
                0x0800ca98                vPortFree
 .text.prvHeapInit
                0x0800cb60       0xc4 ./Middlewares/Third_Party/FreeRTOS/Source/portable/MemMang/heap_4.o
 .text.prvInsertBlockIntoFreeList
                0x0800cc24       0xb4 ./Middlewares/Third_Party/FreeRTOS/Source/portable/MemMang/heap_4.o
 .text._strtol_l.isra.0
                0x0800ccd8       0xf4 C:/ST/STM32CubeIDE_2.1.1/STM32CubeIDE/plugins/com.st.stm32cube.ide.mcu.externaltools.gnu-tools-for-stm32.14.3.rel1.win32_1.0.100.202602081740/tools/bin/../lib/gcc/arm-none-eabi/14.3.1/../../../../arm-none-eabi/lib/thumb/v7e-m+fp/hard\libc_nano.a(libc_a-strtol.o)
 .text.strtol   0x0800cdcc       0x14 C:/ST/STM32CubeIDE_2.1.1/STM32CubeIDE/plugins/com.st.stm32cube.ide.mcu.externaltools.gnu-tools-for-stm32.14.3.rel1.win32_1.0.100.202602081740/tools/bin/../lib/gcc/arm-none-eabi/14.3.1/../../../../arm-none-eabi/lib/thumb/v7e-m+fp/hard\libc_nano.a(libc_a-strtol.o)
                0x0800cdcc                strtol
 .text.std      0x0800cde0       0x6c C:/ST/STM32CubeIDE_2.1.1/STM32CubeIDE/plugins/com.st.stm32cube.ide.mcu.externaltools.gnu-tools-for-stm32.14.3.rel1.win32_1.0.100.202602081740/tools/bin/../lib/gcc/arm-none-eabi/14.3.1/../../../../arm-none-eabi/lib/thumb/v7e-m+fp/hard\libc_nano.a(libc_a-findfp.o)
 .text.stdio_exit_handler
                0x0800ce4c       0x18 C:/ST/STM32CubeIDE_2.1.1/STM32CubeIDE/plugins/com.st.stm32cube.ide.mcu.externaltools.gnu-tools-for-stm32.14.3.rel1.win32_1.0.100.202602081740/tools/bin/../lib/gcc/arm-none-eabi/14.3.1/../../../../arm-none-eabi/lib/thumb/v7e-m+fp/hard\libc_nano.a(libc_a-findfp.o)
 .text.cleanup_stdio
                0x0800ce64       0x40 C:/ST/STM32CubeIDE_2.1.1/STM32CubeIDE/plugins/com.st.stm32cube.ide.mcu.externaltools.gnu-tools-for-stm32.14.3.rel1.win32_1.0.100.202602081740/tools/bin/../lib/gcc/arm-none-eabi/14.3.1/../../../../arm-none-eabi/lib/thumb/v7e-m+fp/hard\libc_nano.a(libc_a-findfp.o)
 .text.global_stdio_init.part.0
                0x0800cea4       0x40 C:/ST/STM32CubeIDE_2.1.1/STM32CubeIDE/plugins/com.st.stm32cube.ide.mcu.externaltools.gnu-tools-for-stm32.14.3.rel1.win32_1.0.100.202602081740/tools/bin/../lib/gcc/arm-none-eabi/14.3.1/../../../../arm-none-eabi/lib/thumb/v7e-m+fp/hard\libc_nano.a(libc_a-findfp.o)
 .text.__sfp_lock_acquire
                0x0800cee4        0xc C:/ST/STM32CubeIDE_2.1.1/STM32CubeIDE/plugins/com.st.stm32cube.ide.mcu.externaltools.gnu-tools-for-stm32.14.3.rel1.win32_1.0.100.202602081740/tools/bin/../lib/gcc/arm-none-eabi/14.3.1/../../../../arm-none-eabi/lib/thumb/v7e-m+fp/hard\libc_nano.a(libc_a-findfp.o)
                0x0800cee4                __sfp_lock_acquire
 .text.__sfp_lock_release
                0x0800cef0        0xc C:/ST/STM32CubeIDE_2.1.1/STM32CubeIDE/plugins/com.st.stm32cube.ide.mcu.externaltools.gnu-tools-for-stm32.14.3.rel1.win32_1.0.100.202602081740/tools/bin/../lib/gcc/arm-none-eabi/14.3.1/../../../../arm-none-eabi/lib/thumb/v7e-m+fp/hard\libc_nano.a(libc_a-findfp.o)
                0x0800cef0                __sfp_lock_release
 .text.__sinit  0x0800cefc       0x30 C:/ST/STM32CubeIDE_2.1.1/STM32CubeIDE/plugins/com.st.stm32cube.ide.mcu.externaltools.gnu-tools-for-stm32.14.3.rel1.win32_1.0.100.202602081740/tools/bin/../lib/gcc/arm-none-eabi/14.3.1/../../../../arm-none-eabi/lib/thumb/v7e-m+fp/hard\libc_nano.a(libc_a-findfp.o)
                0x0800cefc                __sinit
 .text._fwalk_sglue
                0x0800cf2c       0x3c C:/ST/STM32CubeIDE_2.1.1/STM32CubeIDE/plugins/com.st.stm32cube.ide.mcu.externaltools.gnu-tools-for-stm32.14.3.rel1.win32_1.0.100.202602081740/tools/bin/../lib/gcc/arm-none-eabi/14.3.1/../../../../arm-none-eabi/lib/thumb/v7e-m+fp/hard\libc_nano.a(libc_a-fwalk.o)
                0x0800cf2c                _fwalk_sglue
 .text.printf   0x0800cf68       0x24 C:/ST/STM32CubeIDE_2.1.1/STM32CubeIDE/plugins/com.st.stm32cube.ide.mcu.externaltools.gnu-tools-for-stm32.14.3.rel1.win32_1.0.100.202602081740/tools/bin/../lib/gcc/arm-none-eabi/14.3.1/../../../../arm-none-eabi/lib/thumb/v7e-m+fp/hard\libc_nano.a(libc_a-printf.o)
                0x0800cf68                iprintf
                0x0800cf68                printf
 .text._puts_r  0x0800cf8c       0xaa C:/ST/STM32CubeIDE_2.1.1/STM32CubeIDE/plugins/com.st.stm32cube.ide.mcu.externaltools.gnu-tools-for-stm32.14.3.rel1.win32_1.0.100.202602081740/tools/bin/../lib/gcc/arm-none-eabi/14.3.1/../../../../arm-none-eabi/lib/thumb/v7e-m+fp/hard\libc_nano.a(libc_a-puts.o)
                0x0800cf8c                _puts_r
 *fill*         0x0800d036        0x2 
 .text.puts     0x0800d038       0x10 C:/ST/STM32CubeIDE_2.1.1/STM32CubeIDE/plugins/com.st.stm32cube.ide.mcu.externaltools.gnu-tools-for-stm32.14.3.rel1.win32_1.0.100.202602081740/tools/bin/../lib/gcc/arm-none-eabi/14.3.1/../../../../arm-none-eabi/lib/thumb/v7e-m+fp/hard\libc_nano.a(libc_a-puts.o)
                0x0800d038                puts
 .text.snprintf
                0x0800d048       0x6c C:/ST/STM32CubeIDE_2.1.1/STM32CubeIDE/plugins/com.st.stm32cube.ide.mcu.externaltools.gnu-tools-for-stm32.14.3.rel1.win32_1.0.100.202602081740/tools/bin/../lib/gcc/arm-none-eabi/14.3.1/../../../../arm-none-eabi/lib/thumb/v7e-m+fp/hard\libc_nano.a(libc_a-snprintf.o)
                0x0800d048                sniprintf
                0x0800d048                snprintf
 .text.__sread  0x0800d0b4       0x22 C:/ST/STM32CubeIDE_2.1.1/STM32CubeIDE/plugins/com.st.stm32cube.ide.mcu.externaltools.gnu-tools-for-stm32.14.3.rel1.win32_1.0.100.202602081740/tools/bin/../lib/gcc/arm-none-eabi/14.3.1/../../../../arm-none-eabi/lib/thumb/v7e-m+fp/hard\libc_nano.a(libc_a-stdio.o)
                0x0800d0b4                __sread
 .text.__swrite
                0x0800d0d6       0x38 C:/ST/STM32CubeIDE_2.1.1/STM32CubeIDE/plugins/com.st.stm32cube.ide.mcu.externaltools.gnu-tools-for-stm32.14.3.rel1.win32_1.0.100.202602081740/tools/bin/../lib/gcc/arm-none-eabi/14.3.1/../../../../arm-none-eabi/lib/thumb/v7e-m+fp/hard\libc_nano.a(libc_a-stdio.o)
                0x0800d0d6                __swrite
 .text.__sseek  0x0800d10e       0x26 C:/ST/STM32CubeIDE_2.1.1/STM32CubeIDE/plugins/com.st.stm32cube.ide.mcu.externaltools.gnu-tools-for-stm32.14.3.rel1.win32_1.0.100.202602081740/tools/bin/../lib/gcc/arm-none-eabi/14.3.1/../../../../arm-none-eabi/lib/thumb/v7e-m+fp/hard\libc_nano.a(libc_a-stdio.o)
                0x0800d10e                __sseek
 .text.__sclose
                0x0800d134        0x8 C:/ST/STM32CubeIDE_2.1.1/STM32CubeIDE/plugins/com.st.stm32cube.ide.mcu.externaltools.gnu-tools-for-stm32.14.3.rel1.win32_1.0.100.202602081740/tools/bin/../lib/gcc/arm-none-eabi/14.3.1/../../../../arm-none-eabi/lib/thumb/v7e-m+fp/hard\libc_nano.a(libc_a-stdio.o)
                0x0800d134                __sclose
 .text.__swbuf_r
                0x0800d13c       0x7c C:/ST/STM32CubeIDE_2.1.1/STM32CubeIDE/plugins/com.st.stm32cube.ide.mcu.externaltools.gnu-tools-for-stm32.14.3.rel1.win32_1.0.100.202602081740/tools/bin/../lib/gcc/arm-none-eabi/14.3.1/../../../../arm-none-eabi/lib/thumb/v7e-m+fp/hard\libc_nano.a(libc_a-wbuf.o)
                0x0800d13c                __swbuf_r
 .text.__swsetup_r
                0x0800d1b8       0xa8 C:/ST/STM32CubeIDE_2.1.1/STM32CubeIDE/plugins/com.st.stm32cube.ide.mcu.externaltools.gnu-tools-for-stm32.14.3.rel1.win32_1.0.100.202602081740/tools/bin/../lib/gcc/arm-none-eabi/14.3.1/../../../../arm-none-eabi/lib/thumb/v7e-m+fp/hard\libc_nano.a(libc_a-wsetup.o)
                0x0800d1b8                __swsetup_r
 .text.memset   0x0800d260       0x10 C:/ST/STM32CubeIDE_2.1.1/STM32CubeIDE/plugins/com.st.stm32cube.ide.mcu.externaltools.gnu-tools-for-stm32.14.3.rel1.win32_1.0.100.202602081740/tools/bin/../lib/gcc/arm-none-eabi/14.3.1/../../../../arm-none-eabi/lib/thumb/v7e-m+fp/hard\libc_nano.a(libc_a-memset.o)
                0x0800d260                memset
 .text.strncpy  0x0800d270       0x26 C:/ST/STM32CubeIDE_2.1.1/STM32CubeIDE/plugins/com.st.stm32cube.ide.mcu.externaltools.gnu-tools-for-stm32.14.3.rel1.win32_1.0.100.202602081740/tools/bin/../lib/gcc/arm-none-eabi/14.3.1/../../../../arm-none-eabi/lib/thumb/v7e-m+fp/hard\libc_nano.a(libc_a-strncpy.o)
                0x0800d270                strncpy
 *fill*         0x0800d296        0x2 
 .text._close_r
                0x0800d298       0x20 C:/ST/STM32CubeIDE_2.1.1/STM32CubeIDE/plugins/com.st.stm32cube.ide.mcu.externaltools.gnu-tools-for-stm32.14.3.rel1.win32_1.0.100.202602081740/tools/bin/../lib/gcc/arm-none-eabi/14.3.1/../../../../arm-none-eabi/lib/thumb/v7e-m+fp/hard\libc_nano.a(libc_a-closer.o)
                0x0800d298                _close_r
 .text._lseek_r
                0x0800d2b8       0x24 C:/ST/STM32CubeIDE_2.1.1/STM32CubeIDE/plugins/com.st.stm32cube.ide.mcu.externaltools.gnu-tools-for-stm32.14.3.rel1.win32_1.0.100.202602081740/tools/bin/../lib/gcc/arm-none-eabi/14.3.1/../../../../arm-none-eabi/lib/thumb/v7e-m+fp/hard\libc_nano.a(libc_a-lseekr.o)
                0x0800d2b8                _lseek_r
 .text._read_r  0x0800d2dc       0x24 C:/ST/STM32CubeIDE_2.1.1/STM32CubeIDE/plugins/com.st.stm32cube.ide.mcu.externaltools.gnu-tools-for-stm32.14.3.rel1.win32_1.0.100.202602081740/tools/bin/../lib/gcc/arm-none-eabi/14.3.1/../../../../arm-none-eabi/lib/thumb/v7e-m+fp/hard\libc_nano.a(libc_a-readr.o)
                0x0800d2dc                _read_r
 .text._write_r
                0x0800d300       0x24 C:/ST/STM32CubeIDE_2.1.1/STM32CubeIDE/plugins/com.st.stm32cube.ide.mcu.externaltools.gnu-tools-for-stm32.14.3.rel1.win32_1.0.100.202602081740/tools/bin/../lib/gcc/arm-none-eabi/14.3.1/../../../../arm-none-eabi/lib/thumb/v7e-m+fp/hard\libc_nano.a(libc_a-writer.o)
                0x0800d300                _write_r
 .text.__errno  0x0800d324        0xc C:/ST/STM32CubeIDE_2.1.1/STM32CubeIDE/plugins/com.st.stm32cube.ide.mcu.externaltools.gnu-tools-for-stm32.14.3.rel1.win32_1.0.100.202602081740/tools/bin/../lib/gcc/arm-none-eabi/14.3.1/../../../../arm-none-eabi/lib/thumb/v7e-m+fp/hard\libc_nano.a(libc_a-errno.o)
                0x0800d324                __errno
 .text.__libc_init_array
                0x0800d330       0x48 C:/ST/STM32CubeIDE_2.1.1/STM32CubeIDE/plugins/com.st.stm32cube.ide.mcu.externaltools.gnu-tools-for-stm32.14.3.rel1.win32_1.0.100.202602081740/tools/bin/../lib/gcc/arm-none-eabi/14.3.1/../../../../arm-none-eabi/lib/thumb/v7e-m+fp/hard\libc_nano.a(libc_a-init.o)
                0x0800d330                __libc_init_array
 .text.__retarget_lock_init_recursive
                0x0800d378        0x2 C:/ST/STM32CubeIDE_2.1.1/STM32CubeIDE/plugins/com.st.stm32cube.ide.mcu.externaltools.gnu-tools-for-stm32.14.3.rel1.win32_1.0.100.202602081740/tools/bin/../lib/gcc/arm-none-eabi/14.3.1/../../../../arm-none-eabi/lib/thumb/v7e-m+fp/hard\libc_nano.a(libc_a-lock.o)
                0x0800d378                __retarget_lock_init_recursive
 .text.__retarget_lock_acquire_recursive
                0x0800d37a        0x2 C:/ST/STM32CubeIDE_2.1.1/STM32CubeIDE/plugins/com.st.stm32cube.ide.mcu.externaltools.gnu-tools-for-stm32.14.3.rel1.win32_1.0.100.202602081740/tools/bin/../lib/gcc/arm-none-eabi/14.3.1/../../../../arm-none-eabi/lib/thumb/v7e-m+fp/hard\libc_nano.a(libc_a-lock.o)
                0x0800d37a                __retarget_lock_acquire_recursive
 .text.__retarget_lock_release_recursive
                0x0800d37c        0x2 C:/ST/STM32CubeIDE_2.1.1/STM32CubeIDE/plugins/com.st.stm32cube.ide.mcu.externaltools.gnu-tools-for-stm32.14.3.rel1.win32_1.0.100.202602081740/tools/bin/../lib/gcc/arm-none-eabi/14.3.1/../../../../arm-none-eabi/lib/thumb/v7e-m+fp/hard\libc_nano.a(libc_a-lock.o)
                0x0800d37c                __retarget_lock_release_recursive
 .text.memcpy   0x0800d37e       0x1c C:/ST/STM32CubeIDE_2.1.1/STM32CubeIDE/plugins/com.st.stm32cube.ide.mcu.externaltools.gnu-tools-for-stm32.14.3.rel1.win32_1.0.100.202602081740/tools/bin/../lib/gcc/arm-none-eabi/14.3.1/../../../../arm-none-eabi/lib/thumb/v7e-m+fp/hard\libc_nano.a(libc_a-memcpy-stub.o)
                0x0800d37e                memcpy
 *fill*         0x0800d39a        0x2 
 .text._free_r  0x0800d39c       0x94 C:/ST/STM32CubeIDE_2.1.1/STM32CubeIDE/plugins/com.st.stm32cube.ide.mcu.externaltools.gnu-tools-for-stm32.14.3.rel1.win32_1.0.100.202602081740/tools/bin/../lib/gcc/arm-none-eabi/14.3.1/../../../../arm-none-eabi/lib/thumb/v7e-m+fp/hard\libc_nano.a(libc_a-freer.o)
                0x0800d39c                _free_r
 .text.sbrk_aligned
                0x0800d430       0x44 C:/ST/STM32CubeIDE_2.1.1/STM32CubeIDE/plugins/com.st.stm32cube.ide.mcu.externaltools.gnu-tools-for-stm32.14.3.rel1.win32_1.0.100.202602081740/tools/bin/../lib/gcc/arm-none-eabi/14.3.1/../../../../arm-none-eabi/lib/thumb/v7e-m+fp/hard\libc_nano.a(libc_a-mallocr.o)
 .text._malloc_r
                0x0800d474      0x100 C:/ST/STM32CubeIDE_2.1.1/STM32CubeIDE/plugins/com.st.stm32cube.ide.mcu.externaltools.gnu-tools-for-stm32.14.3.rel1.win32_1.0.100.202602081740/tools/bin/../lib/gcc/arm-none-eabi/14.3.1/../../../../arm-none-eabi/lib/thumb/v7e-m+fp/hard\libc_nano.a(libc_a-mallocr.o)
                0x0800d474                _malloc_r
 .text.__malloc_lock
                0x0800d574        0xc C:/ST/STM32CubeIDE_2.1.1/STM32CubeIDE/plugins/com.st.stm32cube.ide.mcu.externaltools.gnu-tools-for-stm32.14.3.rel1.win32_1.0.100.202602081740/tools/bin/../lib/gcc/arm-none-eabi/14.3.1/../../../../arm-none-eabi/lib/thumb/v7e-m+fp/hard\libc_nano.a(libc_a-mlock.o)
                0x0800d574                __malloc_lock
 .text.__malloc_unlock
                0x0800d580        0xc C:/ST/STM32CubeIDE_2.1.1/STM32CubeIDE/plugins/com.st.stm32cube.ide.mcu.externaltools.gnu-tools-for-stm32.14.3.rel1.win32_1.0.100.202602081740/tools/bin/../lib/gcc/arm-none-eabi/14.3.1/../../../../arm-none-eabi/lib/thumb/v7e-m+fp/hard\libc_nano.a(libc_a-mlock.o)
                0x0800d580                __malloc_unlock
 .text.__ssputs_r
                0x0800d58c       0xc0 C:/ST/STM32CubeIDE_2.1.1/STM32CubeIDE/plugins/com.st.stm32cube.ide.mcu.externaltools.gnu-tools-for-stm32.14.3.rel1.win32_1.0.100.202602081740/tools/bin/../lib/gcc/arm-none-eabi/14.3.1/../../../../arm-none-eabi/lib/thumb/v7e-m+fp/hard\libc_nano.a(libc_a-nano-svfprintf.o)
                0x0800d58c                __ssputs_r
 .text._svfprintf_r
                0x0800d64c      0x1f0 C:/ST/STM32CubeIDE_2.1.1/STM32CubeIDE/plugins/com.st.stm32cube.ide.mcu.externaltools.gnu-tools-for-stm32.14.3.rel1.win32_1.0.100.202602081740/tools/bin/../lib/gcc/arm-none-eabi/14.3.1/../../../../arm-none-eabi/lib/thumb/v7e-m+fp/hard\libc_nano.a(libc_a-nano-svfprintf.o)
                0x0800d64c                _svfiprintf_r
                0x0800d64c                _svfprintf_r
 .text.__sfputc_r
                0x0800d83c       0x2e C:/ST/STM32CubeIDE_2.1.1/STM32CubeIDE/plugins/com.st.stm32cube.ide.mcu.externaltools.gnu-tools-for-stm32.14.3.rel1.win32_1.0.100.202602081740/tools/bin/../lib/gcc/arm-none-eabi/14.3.1/../../../../arm-none-eabi/lib/thumb/v7e-m+fp/hard\libc_nano.a(libc_a-nano-vfprintf.o)
 .text.__sfputs_r
                0x0800d86a       0x24 C:/ST/STM32CubeIDE_2.1.1/STM32CubeIDE/plugins/com.st.stm32cube.ide.mcu.externaltools.gnu-tools-for-stm32.14.3.rel1.win32_1.0.100.202602081740/tools/bin/../lib/gcc/arm-none-eabi/14.3.1/../../../../arm-none-eabi/lib/thumb/v7e-m+fp/hard\libc_nano.a(libc_a-nano-vfprintf.o)
                0x0800d86a                __sfputs_r
 *fill*         0x0800d88e        0x2 
 .text._vfprintf_r
                0x0800d890      0x228 C:/ST/STM32CubeIDE_2.1.1/STM32CubeIDE/plugins/com.st.stm32cube.ide.mcu.externaltools.gnu-tools-for-stm32.14.3.rel1.win32_1.0.100.202602081740/tools/bin/../lib/gcc/arm-none-eabi/14.3.1/../../../../arm-none-eabi/lib/thumb/v7e-m+fp/hard\libc_nano.a(libc_a-nano-vfprintf.o)
                0x0800d890                _vfprintf_r
                0x0800d890                _vfiprintf_r
 .text._printf_common
                0x0800dab8       0xda C:/ST/STM32CubeIDE_2.1.1/STM32CubeIDE/plugins/com.st.stm32cube.ide.mcu.externaltools.gnu-tools-for-stm32.14.3.rel1.win32_1.0.100.202602081740/tools/bin/../lib/gcc/arm-none-eabi/14.3.1/../../../../arm-none-eabi/lib/thumb/v7e-m+fp/hard\libc_nano.a(libc_a-nano-vfprintf_i.o)
                0x0800dab8                _printf_common
 *fill*         0x0800db92        0x2 
 .text._printf_i
                0x0800db94      0x24c C:/ST/STM32CubeIDE_2.1.1/STM32CubeIDE/plugins/com.st.stm32cube.ide.mcu.externaltools.gnu-tools-for-stm32.14.3.rel1.win32_1.0.100.202602081740/tools/bin/../lib/gcc/arm-none-eabi/14.3.1/../../../../arm-none-eabi/lib/thumb/v7e-m+fp/hard\libc_nano.a(libc_a-nano-vfprintf_i.o)
                0x0800db94                _printf_i
 .text.__sflush_r
                0x0800dde0      0x104 C:/ST/STM32CubeIDE_2.1.1/STM32CubeIDE/plugins/com.st.stm32cube.ide.mcu.externaltools.gnu-tools-for-stm32.14.3.rel1.win32_1.0.100.202602081740/tools/bin/../lib/gcc/arm-none-eabi/14.3.1/../../../../arm-none-eabi/lib/thumb/v7e-m+fp/hard\libc_nano.a(libc_a-fflush.o)
                0x0800dde0                __sflush_r
 .text._fflush_r
                0x0800dee4       0x50 C:/ST/STM32CubeIDE_2.1.1/STM32CubeIDE/plugins/com.st.stm32cube.ide.mcu.externaltools.gnu-tools-for-stm32.14.3.rel1.win32_1.0.100.202602081740/tools/bin/../lib/gcc/arm-none-eabi/14.3.1/../../../../arm-none-eabi/lib/thumb/v7e-m+fp/hard\libc_nano.a(libc_a-fflush.o)
                0x0800dee4                _fflush_r
 .text.__swhatbuf_r
                0x0800df34       0x48 C:/ST/STM32CubeIDE_2.1.1/STM32CubeIDE/plugins/com.st.stm32cube.ide.mcu.externaltools.gnu-tools-for-stm32.14.3.rel1.win32_1.0.100.202602081740/tools/bin/../lib/gcc/arm-none-eabi/14.3.1/../../../../arm-none-eabi/lib/thumb/v7e-m+fp/hard\libc_nano.a(libc_a-makebuf.o)
                0x0800df34                __swhatbuf_r
 .text.__smakebuf_r
                0x0800df7c       0x72 C:/ST/STM32CubeIDE_2.1.1/STM32CubeIDE/plugins/com.st.stm32cube.ide.mcu.externaltools.gnu-tools-for-stm32.14.3.rel1.win32_1.0.100.202602081740/tools/bin/../lib/gcc/arm-none-eabi/14.3.1/../../../../arm-none-eabi/lib/thumb/v7e-m+fp/hard\libc_nano.a(libc_a-makebuf.o)
                0x0800df7c                __smakebuf_r
 .text.memmove  0x0800dfee       0x32 C:/ST/STM32CubeIDE_2.1.1/STM32CubeIDE/plugins/com.st.stm32cube.ide.mcu.externaltools.gnu-tools-for-stm32.14.3.rel1.win32_1.0.100.202602081740/tools/bin/../lib/gcc/arm-none-eabi/14.3.1/../../../../arm-none-eabi/lib/thumb/v7e-m+fp/hard\libc_nano.a(libc_a-memmove.o)
                0x0800dfee                memmove
 .text._fstat_r
                0x0800e020       0x24 C:/ST/STM32CubeIDE_2.1.1/STM32CubeIDE/plugins/com.st.stm32cube.ide.mcu.externaltools.gnu-tools-for-stm32.14.3.rel1.win32_1.0.100.202602081740/tools/bin/../lib/gcc/arm-none-eabi/14.3.1/../../../../arm-none-eabi/lib/thumb/v7e-m+fp/hard\libc_nano.a(libc_a-fstatr.o)
                0x0800e020                _fstat_r
 .text._isatty_r
                0x0800e044       0x20 C:/ST/STM32CubeIDE_2.1.1/STM32CubeIDE/plugins/com.st.stm32cube.ide.mcu.externaltools.gnu-tools-for-stm32.14.3.rel1.win32_1.0.100.202602081740/tools/bin/../lib/gcc/arm-none-eabi/14.3.1/../../../../arm-none-eabi/lib/thumb/v7e-m+fp/hard\libc_nano.a(libc_a-isattyr.o)
                0x0800e044                _isatty_r
 .text._sbrk_r  0x0800e064       0x20 C:/ST/STM32CubeIDE_2.1.1/STM32CubeIDE/plugins/com.st.stm32cube.ide.mcu.externaltools.gnu-tools-for-stm32.14.3.rel1.win32_1.0.100.202602081740/tools/bin/../lib/gcc/arm-none-eabi/14.3.1/../../../../arm-none-eabi/lib/thumb/v7e-m+fp/hard\libc_nano.a(libc_a-sbrkr.o)
                0x0800e064                _sbrk_r
 .text._realloc_r
                0x0800e084       0x5c C:/ST/STM32CubeIDE_2.1.1/STM32CubeIDE/plugins/com.st.stm32cube.ide.mcu.externaltools.gnu-tools-for-stm32.14.3.rel1.win32_1.0.100.202602081740/tools/bin/../lib/gcc/arm-none-eabi/14.3.1/../../../../arm-none-eabi/lib/thumb/v7e-m+fp/hard\libc_nano.a(libc_a-reallocr.o)
                0x0800e084                _realloc_r
 .text._malloc_usable_size_r
                0x0800e0e0       0x10 C:/ST/STM32CubeIDE_2.1.1/STM32CubeIDE/plugins/com.st.stm32cube.ide.mcu.externaltools.gnu-tools-for-stm32.14.3.rel1.win32_1.0.100.202602081740/tools/bin/../lib/gcc/arm-none-eabi/14.3.1/../../../../arm-none-eabi/lib/thumb/v7e-m+fp/hard\libc_nano.a(libc_a-msizer.o)
                0x0800e0e0                _malloc_usable_size_r
 *(.glue_7)
 .glue_7        0x0800e0f0        0x0 linker stubs
 *(.glue_7t)
 .glue_7t       0x0800e0f0        0x0 linker stubs
 *(.eh_frame)
 .eh_frame      0x0800e0f0        0x0 C:/ST/STM32CubeIDE_2.1.1/STM32CubeIDE/plugins/com.st.stm32cube.ide.mcu.externaltools.gnu-tools-for-stm32.14.3.rel1.win32_1.0.100.202602081740/tools/bin/../lib/gcc/arm-none-eabi/14.3.1/thumb/v7e-m+fp/hard/crtbegin.o
 *(.init)
 .init          0x0800e0f0        0x4 C:/ST/STM32CubeIDE_2.1.1/STM32CubeIDE/plugins/com.st.stm32cube.ide.mcu.externaltools.gnu-tools-for-stm32.14.3.rel1.win32_1.0.100.202602081740/tools/bin/../lib/gcc/arm-none-eabi/14.3.1/thumb/v7e-m+fp/hard/crti.o
                0x0800e0f0                _init
 .init          0x0800e0f4        0x8 C:/ST/STM32CubeIDE_2.1.1/STM32CubeIDE/plugins/com.st.stm32cube.ide.mcu.externaltools.gnu-tools-for-stm32.14.3.rel1.win32_1.0.100.202602081740/tools/bin/../lib/gcc/arm-none-eabi/14.3.1/thumb/v7e-m+fp/hard/crtn.o
 *(.fini)
 .fini          0x0800e0fc        0x4 C:/ST/STM32CubeIDE_2.1.1/STM32CubeIDE/plugins/com.st.stm32cube.ide.mcu.externaltools.gnu-tools-for-stm32.14.3.rel1.win32_1.0.100.202602081740/tools/bin/../lib/gcc/arm-none-eabi/14.3.1/thumb/v7e-m+fp/hard/crti.o
                0x0800e0fc                _fini
 .fini          0x0800e100        0x8 C:/ST/STM32CubeIDE_2.1.1/STM32CubeIDE/plugins/com.st.stm32cube.ide.mcu.externaltools.gnu-tools-for-stm32.14.3.rel1.win32_1.0.100.202602081740/tools/bin/../lib/gcc/arm-none-eabi/14.3.1/thumb/v7e-m+fp/hard/crtn.o
                0x0800e108                        . = ALIGN (0x4)
                0x0800e108                        _etext = .

.vfp11_veneer   0x0800e108        0x0
 .vfp11_veneer  0x0800e108        0x0 linker stubs

.v4_bx          0x0800e108        0x0
 .v4_bx         0x0800e108        0x0 linker stubs

.iplt           0x0800e108        0x0
 .iplt          0x0800e108        0x0 C:/ST/STM32CubeIDE_2.1.1/STM32CubeIDE/plugins/com.st.stm32cube.ide.mcu.externaltools.gnu-tools-for-stm32.14.3.rel1.win32_1.0.100.202602081740/tools/bin/../lib/gcc/arm-none-eabi/14.3.1/thumb/v7e-m+fp/hard/crtbegin.o

.rodata         0x0800e108      0x530
                0x0800e108                        . = ALIGN (0x4)
 *(.rodata)
 .rodata        0x0800e108      0x1e8 ./Core/Src/main.o
 .rodata        0x0800e2f0        0x5 ./Middlewares/Third_Party/FreeRTOS/Source/tasks.o
 *fill*         0x0800e2f5        0x3 
 .rodata        0x0800e2f8        0xd ./Middlewares/Third_Party/FreeRTOS/Source/timers.o
 *(.rodata*)
 *fill*         0x0800e305        0x3 
 .rodata.HandleUartRxCmdTask_attributes
                0x0800e308       0x24 ./Core/Src/main.o
                0x0800e308                HandleUartRxCmdTask_attributes
 .rodata.StepperMotorControlTask_attributes
                0x0800e32c       0x24 ./Core/Src/main.o
                0x0800e32c                StepperMotorControlTask_attributes
 .rodata.DynamicMotorControlTask_attributes
                0x0800e350       0x24 ./Core/Src/main.o
                0x0800e350                DynamicMotorControlTask_attributes
 .rodata.HeaterControlTask_attributes
                0x0800e374       0x24 ./Core/Src/main.o
                0x0800e374                HeaterControlTask_attributes
 .rodata.DataAcquisitionTask_attributes
                0x0800e398       0x24 ./Core/Src/main.o
                0x0800e398                DataAcquisitionTask_attributes
 .rodata.ServoMotorControlTask_attributes
                0x0800e3bc       0x24 ./Core/Src/main.o
                0x0800e3bc                ServoMotorControlTask_attributes
 .rodata.EncoderTask_attributes
                0x0800e3e0       0x24 ./Core/Src/main.o
                0x0800e3e0                EncoderTask_attributes
 .rodata.uartRxMessageQueue_attributes
                0x0800e404       0x18 ./Core/Src/main.o
                0x0800e404                uartRxMessageQueue_attributes
 .rodata.stepperMotorQueue_attributes
                0x0800e41c       0x18 ./Core/Src/main.o
                0x0800e41c                stepperMotorQueue_attributes
 .rodata.dynamicMotorQueue_attributes
                0x0800e434       0x18 ./Core/Src/main.o
                0x0800e434                dynamicMotorQueue_attributes
 .rodata.heaterQueue_attributes
                0x0800e44c       0x18 ./Core/Src/main.o
                0x0800e44c                heaterQueue_attributes
 .rodata.dataReadQueue_attributes
                0x0800e464       0x18 ./Core/Src/main.o
                0x0800e464                dataReadQueue_attributes
 .rodata.servoMotorQueue_attributes
                0x0800e47c       0x18 ./Core/Src/main.o
                0x0800e47c                servoMotorQueue_attributes
 .rodata.encoderQueue_attributes
                0x0800e494       0x18 ./Core/Src/main.o
                0x0800e494                encoderQueue_attributes
 .rodata.uartMutex_attributes
                0x0800e4ac       0x10 ./Core/Src/main.o
                0x0800e4ac                uartMutex_attributes
 .rodata.spiMutex_attributes
                0x0800e4bc       0x10 ./Core/Src/main.o
                0x0800e4bc                spiMutex_attributes
 .rodata.SERVO_CfgParam
                0x0800e4cc       0x20 ./Core/Src/servo_cfg.o
                0x0800e4cc                SERVO_CfgParam
 .rodata.AHBPrescTable
                0x0800e4ec       0x10 ./Core/Src/system_stm32f4xx.o
                0x0800e4ec                AHBPrescTable
 .rodata.APBPrescTable
                0x0800e4fc        0x8 ./Core/Src/system_stm32f4xx.o
                0x0800e4fc                APBPrescTable
 .rodata._ctype_
                0x0800e504      0x101 C:/ST/STM32CubeIDE_2.1.1/STM32CubeIDE/plugins/com.st.stm32cube.ide.mcu.externaltools.gnu-tools-for-stm32.14.3.rel1.win32_1.0.100.202602081740/tools/bin/../lib/gcc/arm-none-eabi/14.3.1/../../../../arm-none-eabi/lib/thumb/v7e-m+fp/hard\libc_nano.a(libc_a-ctype_.o)
                0x0800e504                _ctype_
 .rodata._svfprintf_r.str1.1
                0x0800e605       0x33 C:/ST/STM32CubeIDE_2.1.1/STM32CubeIDE/plugins/com.st.stm32cube.ide.mcu.externaltools.gnu-tools-for-stm32.14.3.rel1.win32_1.0.100.202602081740/tools/bin/../lib/gcc/arm-none-eabi/14.3.1/../../../../arm-none-eabi/lib/thumb/v7e-m+fp/hard\libc_nano.a(libc_a-nano-svfprintf.o)
                                 0x11 (size before relaxing)
 .rodata._vfprintf_r.str1.1
                0x0800e638       0x11 C:/ST/STM32CubeIDE_2.1.1/STM32CubeIDE/plugins/com.st.stm32cube.ide.mcu.externaltools.gnu-tools-for-stm32.14.3.rel1.win32_1.0.100.202602081740/tools/bin/../lib/gcc/arm-none-eabi/14.3.1/../../../../arm-none-eabi/lib/thumb/v7e-m+fp/hard\libc_nano.a(libc_a-nano-vfprintf.o)
 .rodata._printf_i.str1.1
                0x0800e638       0x22 C:/ST/STM32CubeIDE_2.1.1/STM32CubeIDE/plugins/com.st.stm32cube.ide.mcu.externaltools.gnu-tools-for-stm32.14.3.rel1.win32_1.0.100.202602081740/tools/bin/../lib/gcc/arm-none-eabi/14.3.1/../../../../arm-none-eabi/lib/thumb/v7e-m+fp/hard\libc_nano.a(libc_a-nano-vfprintf_i.o)
                0x0800e65c                        . = ALIGN (0x4)

.ARM.extab      0x0800e638        0x0
                0x0800e638                        . = ALIGN (0x4)
 *(.ARM.extab* .gnu.linkonce.armextab.*)
                0x0800e638                        . = ALIGN (0x4)

.ARM            0x0800e638        0x8
                0x0800e638                        . = ALIGN (0x4)
                0x0800e638                        __exidx_start = .
 *(.ARM.exidx*)
 .ARM.exidx     0x0800e638        0x8 C:/ST/STM32CubeIDE_2.1.1/STM32CubeIDE/plugins/com.st.stm32cube.ide.mcu.externaltools.gnu-tools-for-stm32.14.3.rel1.win32_1.0.100.202602081740/tools/bin/../lib/gcc/arm-none-eabi/14.3.1/../../../../arm-none-eabi/lib/thumb/v7e-m+fp/hard\libc_nano.a(libc_a-strcmp.o)
 .ARM.exidx     0x0800e640        0x0 C:/ST/STM32CubeIDE_2.1.1/STM32CubeIDE/plugins/com.st.stm32cube.ide.mcu.externaltools.gnu-tools-for-stm32.14.3.rel1.win32_1.0.100.202602081740/tools/bin/../lib/gcc/arm-none-eabi/14.3.1/../../../../arm-none-eabi/lib/thumb/v7e-m+fp/hard\libc_nano.a(libc_a-strlen.o)
                                  0x8 (size before relaxing)
 .ARM.exidx     0x0800e640        0x0 C:/ST/STM32CubeIDE_2.1.1/STM32CubeIDE/plugins/com.st.stm32cube.ide.mcu.externaltools.gnu-tools-for-stm32.14.3.rel1.win32_1.0.100.202602081740/tools/bin/../lib/gcc/arm-none-eabi/14.3.1/../../../../arm-none-eabi/lib/thumb/v7e-m+fp/hard\libc_nano.a(libc_a-memchr.o)
                                  0x8 (size before relaxing)
 .ARM.exidx     0x0800e640        0x0 C:/ST/STM32CubeIDE_2.1.1/STM32CubeIDE/plugins/com.st.stm32cube.ide.mcu.externaltools.gnu-tools-for-stm32.14.3.rel1.win32_1.0.100.202602081740/tools/bin/../lib/gcc/arm-none-eabi/14.3.1/thumb/v7e-m+fp/hard\libgcc.a(_udivmoddi4.o)
                                  0x8 (size before relaxing)
                0x0800e640                        __exidx_end = .
                0x0800e640                        . = ALIGN (0x4)

.preinit_array  0x0800e640        0x0
                0x0800e640                        . = ALIGN (0x4)
                0x0800e640                        PROVIDE (__preinit_array_start = .)
 *(.preinit_array*)
                0x0800e640                        PROVIDE (__preinit_array_end = .)
                0x0800e640                        . = ALIGN (0x4)

.init_array     0x0800e640        0x4
                0x0800e640                        . = ALIGN (0x4)
                0x0800e640                        PROVIDE (__init_array_start = .)
 *(SORT_BY_NAME(.init_array.*))
 *(.init_array*)
 .init_array    0x0800e640        0x4 C:/ST/STM32CubeIDE_2.1.1/STM32CubeIDE/plugins/com.st.stm32cube.ide.mcu.externaltools.gnu-tools-for-stm32.14.3.rel1.win32_1.0.100.202602081740/tools/bin/../lib/gcc/arm-none-eabi/14.3.1/thumb/v7e-m+fp/hard/crtbegin.o
                0x0800e644                        PROVIDE (__init_array_end = .)
                0x0800e644                        . = ALIGN (0x4)

.fini_array     0x0800e644        0x4
                0x0800e644                        . = ALIGN (0x4)
                [!provide]                        PROVIDE (__fini_array_start = .)
 *(SORT_BY_NAME(.fini_array.*))
 *(.fini_array*)
 .fini_array    0x0800e644        0x4 C:/ST/STM32CubeIDE_2.1.1/STM32CubeIDE/plugins/com.st.stm32cube.ide.mcu.externaltools.gnu-tools-for-stm32.14.3.rel1.win32_1.0.100.202602081740/tools/bin/../lib/gcc/arm-none-eabi/14.3.1/thumb/v7e-m+fp/hard/crtbegin.o
                [!provide]                        PROVIDE (__fini_array_end = .)
                0x0800e648                        . = ALIGN (0x4)
                0x0800e648                        _sidata = LOADADDR (.data)

.rel.dyn        0x0800e648        0x0
 .rel.iplt      0x0800e648        0x0 C:/ST/STM32CubeIDE_2.1.1/STM32CubeIDE/plugins/com.st.stm32cube.ide.mcu.externaltools.gnu-tools-for-stm32.14.3.rel1.win32_1.0.100.202602081740/tools/bin/../lib/gcc/arm-none-eabi/14.3.1/thumb/v7e-m+fp/hard/crtbegin.o

.data           0x20000000       0x70 load address 0x0800e648
                0x20000000                        . = ALIGN (0x4)
                0x20000000                        _sdata = .
 *(.data)
 *(.data*)
 .data.firstCapture
                0x20000000        0x1 ./Core/Src/hall_sensor.o
 *fill*         0x20000001        0x3 
 .data.SystemCoreClock
                0x20000004        0x4 ./Core/Src/system_stm32f4xx.o
                0x20000004                SystemCoreClock
 .data.uwTickPrio
                0x20000008        0x4 ./Drivers/STM32F4xx_HAL_Driver/Src/stm32f4xx_hal.o
                0x20000008                uwTickPrio
 .data.uwTickFreq
                0x2000000c        0x1 ./Drivers/STM32F4xx_HAL_Driver/Src/stm32f4xx_hal.o
                0x2000000c                uwTickFreq
 *fill*         0x2000000d        0x3 
 .data.uxCriticalNesting
                0x20000010        0x4 ./Middlewares/Third_Party/FreeRTOS/Source/portable/GCC/ARM_CM4F/port.o
 .data.__sglue  0x20000014        0xc C:/ST/STM32CubeIDE_2.1.1/STM32CubeIDE/plugins/com.st.stm32cube.ide.mcu.externaltools.gnu-tools-for-stm32.14.3.rel1.win32_1.0.100.202602081740/tools/bin/../lib/gcc/arm-none-eabi/14.3.1/../../../../arm-none-eabi/lib/thumb/v7e-m+fp/hard\libc_nano.a(libc_a-findfp.o)
                0x20000014                __sglue
 .data._impure_ptr
                0x20000020        0x4 C:/ST/STM32CubeIDE_2.1.1/STM32CubeIDE/plugins/com.st.stm32cube.ide.mcu.externaltools.gnu-tools-for-stm32.14.3.rel1.win32_1.0.100.202602081740/tools/bin/../lib/gcc/arm-none-eabi/14.3.1/../../../../arm-none-eabi/lib/thumb/v7e-m+fp/hard\libc_nano.a(libc_a-impure.o)
                0x20000020                _impure_ptr
 .data._impure_data
                0x20000024       0x4c C:/ST/STM32CubeIDE_2.1.1/STM32CubeIDE/plugins/com.st.stm32cube.ide.mcu.externaltools.gnu-tools-for-stm32.14.3.rel1.win32_1.0.100.202602081740/tools/bin/../lib/gcc/arm-none-eabi/14.3.1/../../../../arm-none-eabi/lib/thumb/v7e-m+fp/hard\libc_nano.a(libc_a-impure.o)
                0x20000024                _impure_data
 *(.RamFunc)
 *(.RamFunc*)
                0x20000070                        . = ALIGN (0x4)
                0x20000070                        _edata = .

.igot.plt       0x20000070        0x0 load address 0x0800e6b8
 .igot.plt      0x20000070        0x0 C:/ST/STM32CubeIDE_2.1.1/STM32CubeIDE/plugins/com.st.stm32cube.ide.mcu.externaltools.gnu-tools-for-stm32.14.3.rel1.win32_1.0.100.202602081740/tools/bin/../lib/gcc/arm-none-eabi/14.3.1/thumb/v7e-m+fp/hard/crtbegin.o
                0x20000070                        . = ALIGN (0x4)

.bss            0x20000070     0x8770 load address 0x0800e6b8
                0x20000070                        _sbss = .
                0x20000070                        __bss_start__ = _sbss
 *(.bss)