Archive member included to satisfy reference by file (symbol)

C:/ST/STM32CubeIDE_2.1.1/STM32CubeIDE/plugins/com.st.stm32cube.ide.mcu.externaltools.gnu-tools-for-stm32.14.3.rel1.win32_1.0.100.202602081740/tools/bin/../lib/gcc/arm-none-eabi/14.3.1/../../../../arm-none-eabi/lib/thumb/v7e-m+fp/hard\libc_nano.a(libc_a-atoi.o)
                              ./Core/Src/main.o (atoi)
C:/ST/STM32CubeIDE_2.1.1/STM32CubeIDE/plugins/com.st.stm32cube.ide.mcu.externaltools.gnu-tools-for-stm32.14.3.rel1.win32_1.0.100.202602081740/tools/bin/../lib/gcc/arm-none-eabi/14.3.1/../../../../arm-none-eabi/lib/thumb/v7e-m+fp/hard\libc_nano.a(libc_a-exit.o)
                              C:/ST/STM32CubeIDE_2.1.1/STM32CubeIDE/plugins/com.st.stm32cube.ide.mcu.externaltools.gnu-tools-for-stm32.14.3.rel1.win32_1.0.100.202602081740/tools/bin/../lib/gcc/arm-none-eabi/14.3.1/../../../../arm-none-eabi/lib/thumb/v7e-m+fp/hard/crt0.o (exit)
C:/ST/STM32CubeIDE_2.1.1/STM32CubeIDE/plugins/com.st.stm32cube.ide.mcu.externaltools.gnu-tools-for-stm32.14.3.rel1.win32_1.0.100.202602081740/tools/bin/../lib/gcc/arm-none-eabi/14.3.1/../../../../arm-none-eabi/lib/thumb/v7e-m+fp/hard\libc_nano.a(libc_a-strtol.o)
                              C:/ST/STM32CubeIDE_2.1.1/STM32CubeIDE/plugins/com.st.stm32cube.ide.mcu.externaltools.gnu-tools-for-stm32.14.3.rel1.win32_1.0.100.202602081740/tools/bin/../lib/gcc/arm-none-eabi/14.3.1/../../../../arm-none-eabi/lib/thumb/v7e-m+fp/hard\libc_nano.a(libc_a-atoi.o) (_strtol_r)
C:/ST/STM32CubeIDE_2.1.1/STM32CubeIDE/plugins/com.st.stm32cube.ide.mcu.externaltools.gnu-tools-for-stm32.14.3.rel1.win32_1.0.100.202602081740/tools/bin/../lib/gcc/arm-none-eabi/14.3.1/../../../../arm-none-eabi/lib/thumb/v7e-m+fp/hard\libc_nano.a(libc_a-ctype_.o)
                              C:/ST/STM32CubeIDE_2.1.1/STM32CubeIDE/plugins/com.st.stm32cube.ide.mcu.externaltools.gnu-tools-for-stm32.14.3.rel1.win32_1.0.100.202602081740/tools/bin/../lib/gcc/arm-none-eabi/14.3.1/../../../../arm-none-eabi/lib/thumb/v7e-m+fp/hard\libc_nano.a(libc_a-strtol.o) (_ctype_)
C:/ST/STM32CubeIDE_2.1.1/STM32CubeIDE/plugins/com.st.stm32cube.ide.mcu.externaltools.gnu-tools-for-stm32.14.3.rel1.win32_1.0.100.202602081740/tools/bin/../lib/gcc/arm-none-eabi/14.3.1/../../../../arm-none-eabi/lib/thumb/v7e-m+fp/hard\libc_nano.a(libc_a-findfp.o)
                              C:/ST/STM32CubeIDE_2.1.1/STM32CubeIDE/plugins/com.st.stm32cube.ide.mcu.externaltools.gnu-tools-for-stm32.14.3.rel1.win32_1.0.100.202602081740/tools/bin/../lib/gcc/arm-none-eabi/14.3.1/../../../../arm-none-eabi/lib/thumb/v7e-m+fp/hard\libc_nano.a(libc_a-exit.o) (__stdio_exit_handler)
C:/ST/STM32CubeIDE_2.1.1/STM32CubeIDE/plugins/com.st.stm32cube.ide.mcu.externaltools.gnu-tools-for-stm32.14.3.rel1.win32_1.0.100.202602081740/tools/bin/../lib/gcc/arm-none-eabi/14.3.1/../../../../arm-none-eabi/lib/thumb/v7e-m+fp/hard\libc_nano.a(libc_a-fwalk.o)
                              C:/ST/STM32CubeIDE_2.1.1/STM32CubeIDE/plugins/com.st.stm32cube.ide.mcu.externaltools.gnu-tools-for-stm32.14.3.rel1.win32_1.0.100.202602081740/tools/bin/../lib/gcc/arm-none-eabi/14.3.1/../../../../arm-none-eabi/lib/thumb/v7e-m+fp/hard\libc_nano.a(libc_a-findfp.o) (_fwalk_sglue)
C:/ST/STM32CubeIDE_2.1.1/STM32CubeIDE/plugins/com.st.stm32cube.ide.mcu.externaltools.gnu-tools-for-stm32.14.3.rel1.win32_1.0.100.202602081740/tools/bin/../lib/gcc/arm-none-eabi/14.3.1/../../../../arm-none-eabi/lib/thumb/v7e-m+fp/hard\libc_nano.a(libc_a-printf.o)
                              ./Core/Src/main.o (printf)
C:/ST/STM32CubeIDE_2.1.1/STM32CubeIDE/plugins/com.st.stm32cube.ide.mcu.externaltools.gnu-tools-for-stm32.14.3.rel1.win32_1.0.100.202602081740/tools/bin/../lib/gcc/arm-none-eabi/14.3.1/../../../../arm-none-eabi/lib/thumb/v7e-m+fp/hard\libc_nano.a(libc_a-snprintf.o)
                              ./Core/Src/main.o (snprintf)
C:/ST/STM32CubeIDE_2.1.1/STM32CubeIDE/plugins/com.st.stm32cube.ide.mcu.externaltools.gnu-tools-for-stm32.14.3.rel1.win32_1.0.100.202602081740/tools/bin/../lib/gcc/arm-none-eabi/14.3.1/../../../../arm-none-eabi/lib/thumb/v7e-m+fp/hard\libc_nano.a(libc_a-stdio.o)
                              C:/ST/STM32CubeIDE_2.1.1/STM32CubeIDE/plugins/com.st.stm32cube.ide.mcu.externaltools.gnu-tools-for-stm32.14.3.rel1.win32_1.0.100.202602081740/tools/bin/../lib/gcc/arm-none-eabi/14.3.1/../../../../arm-none-eabi/lib/thumb/v7e-m+fp/hard\libc_nano.a(libc_a-findfp.o) (__sread)
C:/ST/STM32CubeIDE_2.1.1/STM32CubeIDE/plugins/com.st.stm32cube.ide.mcu.externaltools.gnu-tools-for-stm32.14.3.rel1.win32_1.0.100.202602081740/tools/bin/../lib/gcc/arm-none-eabi/14.3.1/../../../../arm-none-eabi/lib/thumb/v7e-m+fp/hard\libc_nano.a(libc_a-memset.o)
                              C:/ST/STM32CubeIDE_2.1.1/STM32CubeIDE/plugins/com.st.stm32cube.ide.mcu.externaltools.gnu-tools-for-stm32.14.3.rel1.win32_1.0.100.202602081740/tools/bin/../lib/gcc/arm-none-eabi/14.3.1/../../../../arm-none-eabi/lib/thumb/v7e-m+fp/hard/crt0.o (memset)
[...]
Memory Configuration

Name             Origin             Length             Attributes
RAM              0x20000000         0x00018000         xrw
FLASH            0x08000000         0x00080000         xr
*default*        0x00000000         0xffffffff

Linker script and memory map

LOAD C:/ST/STM32CubeIDE_2.1.1/STM32CubeIDE/plugins/com.st.stm32cube.ide.mcu.externaltools.gnu-tools-for-stm32.14.3.rel1.win32_1.0.100.202602081740/tools/bin/../lib/gcc/arm-none-eabi/14.3.1/thumb/v7e-m+fp/hard/crti.o
LOAD C:/ST/STM32CubeIDE_2.1.1/STM32CubeIDE/plugins/com.st.stm32cube.ide.mcu.externaltools.gnu-tools-for-stm32.14.3.rel1.win32_1.0.100.202602081740/tools/bin/../lib/gcc/arm-none-eabi/14.3.1/thumb/v7e-m+fp/hard/crtbegin.o
LOAD C:/ST/STM32CubeIDE_2.1.1/STM32CubeIDE/plugins/com.st.stm32cube.ide.mcu.externaltools.gnu-tools-for-stm32.14.3.rel1.win32_1.0.100.202602081740/tools/bin/../lib/gcc/arm-none-eabi/14.3.1/../../../../arm-none-eabi/lib/thumb/v7e-m+fp/hard/crt0.o
LOAD ./Core/Src/encoder.o
LOAD ./Core/Src/freertos.o
LOAD ./Core/Src/main.o
LOAD ./Core/Src/pwm.o
LOAD ./Core/Src/servo.o
LOAD ./Core/Src/servo_cfg.o
LOAD ./Core/Src/stepper.o
LOAD ./Core/Src/stm32f4xx_hal_msp.o
LOAD ./Core/Src/stm32f4xx_hal_timebase_tim.o
LOAD ./Core/Src/stm32f4xx_it.o
LOAD ./Core/Src/syscalls.o
LOAD ./Core/Src/sysmem.o
LOAD ./Core/Src/system_stm32f4xx.o
LOAD ./Core/Src/thermocouple.o
LOAD ./Core/Src/uart.o
LOAD ./Core/Startup/startup_stm32f401retx.o
LOAD ./Drivers/STM32F4xx_HAL_Driver/Src/stm32f4xx_hal.o
LOAD ./Drivers/STM32F4xx_HAL_Driver/Src/stm32f4xx_hal_cortex.o
LOAD ./Drivers/STM32F4xx_HAL_Driver/Src/stm32f4xx_hal_dma.o
LOAD ./Drivers/STM32F4xx_HAL_Driver/Src/stm32f4xx_hal_dma_ex.o
LOAD ./Drivers/STM32F4xx_HAL_Driver/Src/stm32f4xx_hal_exti.o
LOAD ./Drivers/STM32F4xx_HAL_Driver/Src/stm32f4xx_hal_flash.o
LOAD ./Drivers/STM32F4xx_HAL_Driver/Src/stm32f4xx_hal_flash_ex.o
LOAD ./Drivers/STM32F4xx_HAL_Driver/Src/stm32f4xx_hal_flash_ramfunc.o
LOAD ./Drivers/STM32F4xx_HAL_Driver/Src/stm32f4xx_hal_gpio.o
LOAD ./Drivers/STM32F4xx_HAL_Driver/Src/stm32f4xx_hal_pwr.o
LOAD ./Drivers/STM32F4xx_HAL_Driver/Src/stm32f4xx_hal_pwr_ex.o
LOAD ./Drivers/STM32F4xx_HAL_Driver/Src/stm32f4xx_hal_rcc.o
LOAD ./Drivers/STM32F4xx_HAL_Driver/Src/stm32f4xx_hal_rcc_ex.o
LOAD ./Drivers/STM32F4xx_HAL_Driver/Src/stm32f4xx_hal_spi.o
LOAD ./Drivers/STM32F4xx_HAL_Driver/Src/stm32f4xx_hal_tim.o
LOAD ./Drivers/STM32F4xx_HAL_Driver/Src/stm32f4xx_hal_tim_ex.o
LOAD ./Drivers/STM32F4xx_HAL_Driver/Src/stm32f4xx_hal_uart.o
LOAD ./Middlewares/Third_Party/FreeRTOS/Source/CMSIS_RTOS_V2/cmsis_os2.o
LOAD ./Middlewares/Third_Party/FreeRTOS/Source/croutine.o
LOAD ./Middlewares/Third_Party/FreeRTOS/Source/event_groups.o
LOAD ./Middlewares/Third_Party/FreeRTOS/Source/list.o
LOAD ./Middlewares/Third_Party/FreeRTOS/Source/queue.o
LOAD ./Middlewares/Third_Party/FreeRTOS/Source/stream_buffer.o
LOAD ./Middlewares/Third_Party/FreeRTOS/Source/tasks.o
LOAD ./Middlewares/Third_Party/FreeRTOS/Source/timers.o
LOAD ./Middlewares/Third_Party/FreeRTOS/Source/portable/GCC/ARM_CM4F/port.o
LOAD ./Middlewares/Third_Party/FreeRTOS/Source/portable/MemMang/heap_4.o
START GROUP
LOAD C:/ST/STM32CubeIDE_2.1.1/STM32CubeIDE/plugins/com.st.stm32cube.ide.mcu.externaltools.gnu-tools-for-stm32.14.3.rel1.win32_1.0.100.202602081740/tools/bin/../lib/gcc/arm-none-eabi/14.3.1/../../../../arm-none-eabi/lib/thumb/v7e-m+fp/hard\libc_nano.a
LOAD C:/ST/STM32CubeIDE_2.1.1/STM32CubeIDE/plugins/com.st.stm32cube.ide.mcu.externaltools.gnu-tools-for-stm32.14.3.rel1.win32_1.0.100.202602081740/tools/bin/../lib/gcc/arm-none-eabi/14.3.1/../../../../arm-none-eabi/lib/thumb/v7e-m+fp/hard\libm.a
END GROUP
START GROUP
LOAD C:/ST/STM32CubeIDE_2.1.1/STM32CubeIDE/plugins/com.st.stm32cube.ide.mcu.externaltools.gnu-tools-for-stm32.14.3.rel1.win32_1.0.100.202602081740/tools/bin/../lib/gcc/arm-none-eabi/14.3.1/thumb/v7e-m+fp/hard\libgcc.a
LOAD C:/ST/STM32CubeIDE_2.1.1/STM32CubeIDE/plugins/com.st.stm32cube.ide.mcu.externaltools.gnu-tools-for-stm32.14.3.rel1.win32_1.0.100.202602081740/tools/bin/../lib/gcc/arm-none-eabi/14.3.1/../../../../arm-none-eabi/lib/thumb/v7e-m+fp/hard\libc_nano.a
END GROUP
START GROUP
LOAD C:/ST/STM32CubeIDE_2.1.1/STM32CubeIDE/plugins/com.st.stm32cube.ide.mcu.externaltools.gnu-tools-for-stm32.14.3.rel1.win32_1.0.100.202602081740/tools/bin/../lib/gcc/arm-none-eabi/14.3.1/thumb/v7e-m+fp/hard\libgcc.a
LOAD C:/ST/STM32CubeIDE_2.1.1/STM32CubeIDE/plugins/com.st.stm32cube.ide.mcu.externaltools.gnu-tools-for-stm32.14.3.rel1.win32_1.0.100.202602081740/tools/bin/../lib/gcc/arm-none-eabi/14.3.1/../../../../arm-none-eabi/lib/thumb/v7e-m+fp/hard\libc_nano.a
LOAD C:/ST/STM32CubeIDE_2.1.1/STM32CubeIDE/plugins/com.st.stm32cube.ide.mcu.externaltools.gnu-tools-for-stm32.14.3.rel1.win32_1.0.100.202602081740/tools/bin/../lib/gcc/arm-none-eabi/14.3.1/../../../../arm-none-eabi/lib/thumb/v7e-m+fp/hard\libnosys.a
END GROUP
START GROUP
LOAD C:/ST/STM32CubeIDE_2.1.1/STM32CubeIDE/plugins/com.st.stm32cube.ide.mcu.externaltools.gnu-tools-for-stm32.14.3.rel1.win32_1.0.100.202602081740/tools/bin/../lib/gcc/arm-none-eabi/14.3.1/thumb/v7e-m+fp/hard\libgcc.a
LOAD C:/ST/STM32CubeIDE_2.1.1/STM32CubeIDE/plugins/com.st.stm32cube.ide.mcu.externaltools.gnu-tools-for-stm32.14.3.rel1.win32_1.0.100.202602081740/tools/bin/../lib/gcc/arm-none-eabi/14.3.1/../../../../arm-none-eabi/lib/thumb/v7e-m+fp/hard\libc_nano.a
LOAD C:/ST/STM32CubeIDE_2.1.1/STM32CubeIDE/plugins/com.st.stm32cube.ide.mcu.externaltools.gnu-tools-for-stm32.14.3.rel1.win32_1.0.100.202602081740/tools/bin/../lib/gcc/arm-none-eabi/14.3.1/../../../../arm-none-eabi/lib/thumb/v7e-m+fp/hard\libnosys.a
END GROUP
LOAD C:/ST/STM32CubeIDE_2.1.1/STM32CubeIDE/plugins/com.st.stm32cube.ide.mcu.externaltools.gnu-tools-for-stm32.14.3.rel1.win32_1.0.100.202602081740/tools/bin/../lib/gcc/arm-none-eabi/14.3.1/thumb/v7e-m+fp/hard/crtend.o
LOAD C:/ST/STM32CubeIDE_2.1.1/STM32CubeIDE/plugins/com.st.stm32cube.ide.mcu.externaltools.gnu-tools-for-stm32.14.3.rel1.win32_1.0.100.202602081740/tools/bin/../lib/gcc/arm-none-eabi/14.3.1/thumb/v7e-m+fp/hard/crtn.o
                0x20018000                        _estack = (ORIGIN (RAM) + LENGTH (RAM))
                0x00000200                        _Min_Heap_Size = 0x200
                0x00000400                        _Min_Stack_Size = 0x400

.isr_vector     0x08000000      0x194
                0x08000000                        . = ALIGN (0x4)
 *(.isr_vector)
 .isr_vector    0x08000000      0x194 ./Core/Startup/startup_stm32f401retx.o
                0x08000000                g_pfnVectors
                0x08000194                        . = ALIGN (0x4)

.text           0x080001a0     0xb908
                0x080001a0                        . = ALIGN (0x4)
 *(.text)
 .text          0x080001a0       0x40 C:/ST/STM32CubeIDE_2.1.1/STM32CubeIDE/plugins/com.st.stm32cube.ide.mcu.externaltools.gnu-tools-for-stm32.14.3.rel1.win32_1.0.100.202602081740/tools/bin/../lib/gcc/arm-none-eabi/14.3.1/thumb/v7e-m+fp/hard/crtbegin.o
 .text          0x080001e0       0x14 C:/ST/STM32CubeIDE_2.1.1/STM32CubeIDE/plugins/com.st.stm32cube.ide.mcu.externaltools.gnu-tools-for-stm32.14.3.rel1.win32_1.0.100.202602081740/tools/bin/../lib/gcc/arm-none-eabi/14.3.1/../../../../arm-none-eabi/lib/thumb/v7e-m+fp/hard\libc_nano.a(libc_a-strcmp.o)
                0x080001e0                strcmp
 .text          0x080001f4       0x10 C:/ST/STM32CubeIDE_2.1.1/STM32CubeIDE/plugins/com.st.stm32cube.ide.mcu.externaltools.gnu-tools-for-stm32.14.3.rel1.win32_1.0.100.202602081740/tools/bin/../lib/gcc/arm-none-eabi/14.3.1/../../../../arm-none-eabi/lib/thumb/v7e-m+fp/hard\libc_nano.a(libc_a-strlen.o)
                0x080001f4                strlen
 *fill*         0x08000204        0xc 
 .text          0x08000210       0xa0 C:/ST/STM32CubeIDE_2.1.1/STM32CubeIDE/plugins/com.st.stm32cube.ide.mcu.externaltools.gnu-tools-for-stm32.14.3.rel1.win32_1.0.100.202602081740/tools/bin/../lib/gcc/arm-none-eabi/14.3.1/../../../../arm-none-eabi/lib/thumb/v7e-m+fp/hard\libc_nano.a(libc_a-memchr.o)
                0x08000210                memchr
 .text          0x080002b0      0x378 C:/ST/STM32CubeIDE_2.1.1/STM32CubeIDE/plugins/com.st.stm32cube.ide.mcu.externaltools.gnu-tools-for-stm32.14.3.rel1.win32_1.0.100.202602081740/tools/bin/../lib/gcc/arm-none-eabi/14.3.1/thumb/v7e-m+fp/hard\libgcc.a(_arm_addsubdf3.o)
                0x080002b0                __aeabi_drsub
                0x080002b8                __aeabi_dsub
                0x080002b8                __subdf3
                0x080002bc                __aeabi_dadd
                0x080002bc                __adddf3
                0x08000534                __floatunsidf
                0x08000534                __aeabi_ui2d
                0x08000554                __floatsidf
                0x08000554                __aeabi_i2d
                0x08000578                __aeabi_f2d
                0x08000578                __extendsfdf2
                0x080005bc                __floatundidf
                0x080005bc                __aeabi_ul2d
                0x080005cc                __floatdidf
                0x080005cc                __aeabi_l2d
 .text          0x08000628      0x424 C:/ST/STM32CubeIDE_2.1.1/STM32CubeIDE/plugins/com.st.stm32cube.ide.mcu.externaltools.gnu-tools-for-stm32.14.3.rel1.win32_1.0.100.202602081740/tools/bin/../lib/gcc/arm-none-eabi/14.3.1/thumb/v7e-m+fp/hard\libgcc.a(_arm_muldivdf3.o)
                0x08000628                __aeabi_dmul
                0x08000628                __muldf3
                0x0800087c                __divdf3
                0x0800087c                __aeabi_ddiv
 .text          0x08000a4c       0x40 C:/ST/STM32CubeIDE_2.1.1/STM32CubeIDE/plugins/com.st.stm32cube.ide.mcu.externaltools.gnu-tools-for-stm32.14.3.rel1.win32_1.0.100.202602081740/tools/bin/../lib/gcc/arm-none-eabi/14.3.1/thumb/v7e-m+fp/hard\libgcc.a(_arm_fixunsdfsi.o)
                0x08000a4c                __aeabi_d2uiz
                0x08000a4c                __fixunsdfsi
 .text          0x08000a8c       0xa0 C:/ST/STM32CubeIDE_2.1.1/STM32CubeIDE/plugins/com.st.stm32cube.ide.mcu.externaltools.gnu-tools-for-stm32.14.3.rel1.win32_1.0.100.202602081740/tools/bin/../lib/gcc/arm-none-eabi/14.3.1/thumb/v7e-m+fp/hard\libgcc.a(_arm_truncdfsf2.o)
                0x08000a8c                __truncdfsf2
                0x08000a8c                __aeabi_d2f
 .text          0x08000b2c       0x30 C:/ST/STM32CubeIDE_2.1.1/STM32CubeIDE/plugins/com.st.stm32cube.ide.mcu.externaltools.gnu-tools-for-stm32.14.3.rel1.win32_1.0.100.202602081740/tools/bin/../lib/gcc/arm-none-eabi/14.3.1/thumb/v7e-m+fp/hard\libgcc.a(_aeabi_uldivmod.o)
                0x08000b2c                __aeabi_uldivmod
 .text          0x08000b5c      0x2f8 C:/ST/STM32CubeIDE_2.1.1/STM32CubeIDE/plugins/com.st.stm32cube.ide.mcu.externaltools.gnu-tools-for-stm32.14.3.rel1.win32_1.0.100.202602081740/tools/bin/../lib/gcc/arm-none-eabi/14.3.1/thumb/v7e-m+fp/hard\libgcc.a(_udivmoddi4.o)
                0x08000b5c                __udivmoddi4
 .text          0x08000e54        0x4 C:/ST/STM32CubeIDE_2.1.1/STM32CubeIDE/plugins/com.st.stm32cube.ide.mcu.externaltools.gnu-tools-for-stm32.14.3.rel1.win32_1.0.100.202602081740/tools/bin/../lib/gcc/arm-none-eabi/14.3.1/thumb/v7e-m+fp/hard\libgcc.a(_dvmd_tls.o)
                0x08000e54                __aeabi_idiv0
                0x08000e54                __aeabi_ldiv0
 *(.text*)
 .text.ENCODER_Init
                0x08000e58       0x38 ./Core/Src/encoder.o
                0x08000e58                ENCODER_Init
 .text.ENCODER_Zero
                0x08000e90       0x22 ./Core/Src/encoder.o
                0x08000e90                ENCODER_Zero
 .text.ENCODER_GetCount
                0x08000eb2       0x24 ./Core/Src/encoder.o
                0x08000eb2                ENCODER_GetCount
 *fill*         0x08000ed6        0x2 
 .text.ENCODER_GetDegrees
                0x08000ed8       0x50 ./Core/Src/encoder.o
                0x08000ed8                ENCODER_GetDegrees
 .text.ENCODER_GetRPM
                0x08000f28       0x64 ./Core/Src/encoder.o
                0x08000f28                ENCODER_GetRPM
 .text.ENCODER_HomeOnZ
                0x08000f8c       0x4c ./Core/Src/encoder.o
                0x08000f8c                ENCODER_HomeOnZ
 .text.main     0x08000fd8      0x1c0 ./Core/Src/main.o
                0x08000fd8                main
 .text.SystemClock_Config
                0x08001198       0xc0 ./Core/Src/main.o
                0x08001198                SystemClock_Config
 .text.MX_SPI1_Init
                0x08001258       0x6c ./Core/Src/main.o
 .text.MX_TIM2_Init
                0x080012c4       0xec ./Core/Src/main.o
 .text.MX_TIM3_Init
                0x080013b0       0xa8 ./Core/Src/main.o
 .text.MX_TIM4_Init
                0x08001458       0xec ./Core/Src/main.o
 .text.MX_TIM10_Init
                0x08001544       0x48 ./Core/Src/main.o
 .text.MX_USART2_UART_Init
                0x0800158c       0x54 ./Core/Src/main.o
 .text.MX_GPIO_Init
                0x080015e0      0x11c ./Core/Src/main.o
 .text.StartUartRxCmdTask
                0x080016fc      0x180 ./Core/Src/main.o
                0x080016fc                StartUartRxCmdTask
 .text.StartStepperMotorTask
                0x0800187c      0x1b0 ./Core/Src/main.o
                0x0800187c                StartStepperMotorTask
 .text.StartDynamicMotorTask
                0x08001a2c       0x60 ./Core/Src/main.o
                0x08001a2c                StartDynamicMotorTask
 .text.StartHeaterTask
                0x08001a8c       0x70 ./Core/Src/main.o
                0x08001a8c                StartHeaterTask
 .text.StartDataAcquisitionTask
                0x08001afc      0x12c ./Core/Src/main.o
                0x08001afc                StartDataAcquisitionTask
 .text.StartServoMotorTask
                0x08001c28       0x90 ./Core/Src/main.o
                0x08001c28                StartServoMotorTask
 .text.StartEncoderTask
                0x08001cb8       0x94 ./Core/Src/main.o
                0x08001cb8                StartEncoderTask
 .text.HAL_TIM_PeriodElapsedCallback
                0x08001d4c       0x24 ./Core/Src/main.o
                0x08001d4c                HAL_TIM_PeriodElapsedCallback
 .text.Error_Handler
                0x08001d70        0xc ./Core/Src/main.o
                0x08001d70                Error_Handler
 .text.clamp_u32
                0x08001d7c       0x32 ./Core/Src/pwm.o
 .text.pwm_init
                0x08001dae       0x40 ./Core/Src/pwm.o
                0x08001dae                pwm_init
 .text.pwm_start
                0x08001dee       0x34 ./Core/Src/pwm.o
                0x08001dee                pwm_start
 .text.pwm_set  0x08001e22       0xbe ./Core/Src/pwm.o
                0x08001e22                pwm_set
 .text.SERVO_Init
                0x08001ee0      0x438 ./Core/Src/servo.o
                0x08001ee0                SERVO_Init
 .text.SERVO_MoveTo
                0x08002318       0xa0 ./Core/Src/servo.o
                0x08002318                SERVO_MoveTo
 .text.STEPPER_Init
                0x080023b8       0x4e ./Core/Src/stepper.o
                0x080023b8                STEPPER_Init
 .text.STEPPER_SetDir
                0x08002406       0x38 ./Core/Src/stepper.o
                0x08002406                STEPPER_SetDir
 *fill*         0x0800243e        0x2 
 .text.STEPPER_Step
                0x08002440       0xa4 ./Core/Src/stepper.o
                0x08002440                STEPPER_Step
 .text.STEPPER_StepTwo
                0x080024e4       0xc4 ./Core/Src/stepper.o
                0x080024e4                STEPPER_StepTwo
 .text.HAL_MspInit
                0x080025a8       0x58 ./Core/Src/stm32f4xx_hal_msp.o
                0x080025a8                HAL_MspInit
 .text.HAL_SPI_MspInit
                0x08002600       0x90 ./Core/Src/stm32f4xx_hal_msp.o
                0x08002600                HAL_SPI_MspInit
 .text.HAL_TIM_Base_MspInit
                0x08002690       0x98 ./Core/Src/stm32f4xx_hal_msp.o
                0x08002690                HAL_TIM_Base_MspInit
 .text.HAL_TIM_Encoder_MspInit
                0x08002728       0x90 ./Core/Src/stm32f4xx_hal_msp.o
                0x08002728                HAL_TIM_Encoder_MspInit
 .text.HAL_TIM_MspPostInit
                0x080027b8       0xc0 ./Core/Src/stm32f4xx_hal_msp.o
                0x080027b8                HAL_TIM_MspPostInit
 .text.HAL_UART_MspInit
                0x08002878       0xa0 ./Core/Src/stm32f4xx_hal_msp.o
                0x08002878                HAL_UART_MspInit
 .text.HAL_InitTick
                0x08002918       0xf8 ./Core/Src/stm32f4xx_hal_timebase_tim.o
                0x08002918                HAL_InitTick
 .text.NMI_Handler
                0x08002a10        0x8 ./Core/Src/stm32f4xx_it.o
                0x08002a10                NMI_Handler
 .text.HardFault_Handler
                0x08002a18        0x8 ./Core/Src/stm32f4xx_it.o
                0x08002a18                HardFault_Handler
 .text.MemManage_Handler
                0x08002a20        0x8 ./Core/Src/stm32f4xx_it.o
                0x08002a20                MemManage_Handler
 .text.BusFault_Handler
                0x08002a28        0x8 ./Core/Src/stm32f4xx_it.o
                0x08002a28                BusFault_Handler
 .text.UsageFault_Handler
                0x08002a30        0x8 ./Core/Src/stm32f4xx_it.o
                0x08002a30                UsageFault_Handler
 .text.DebugMon_Handler
                0x08002a38        0xe ./Core/Src/stm32f4xx_it.o
                0x08002a38                DebugMon_Handler
 *fill*         0x08002a46        0x2 
 .text.USART2_IRQHandler
                0x08002a48       0x14 ./Core/Src/stm32f4xx_it.o
                0x08002a48                USART2_IRQHandler
 .text.TIM5_IRQHandler
                0x08002a5c       0x14 ./Core/Src/stm32f4xx_it.o
                0x08002a5c                TIM5_IRQHandler
 .text._read    0x08002a70       0x3a ./Core/Src/syscalls.o
                0x08002a70                _read
 .text._write   0x08002aaa       0x38 ./Core/Src/syscalls.o
                0x08002aaa                _write
 .text._close   0x08002ae2       0x18 ./Core/Src/syscalls.o
                0x08002ae2                _close
 .text._fstat   0x08002afa       0x20 ./Core/Src/syscalls.o
                0x08002afa                _fstat
 .text._isatty  0x08002b1a       0x16 ./Core/Src/syscalls.o
                0x08002b1a                _isatty
 .text._lseek   0x08002b30       0x1a ./Core/Src/syscalls.o
                0x08002b30                _lseek
 *fill*         0x08002b4a        0x2 
 .text._sbrk    0x08002b4c       0x6c ./Core/Src/sysmem.o
                0x08002b4c                _sbrk
 .text.SystemInit
                0x08002bb8       0x24 ./Core/Src/system_stm32f4xx.o
                0x08002bb8                SystemInit
 .text.max31856_init
                0x08002bdc       0x46 ./Core/Src/thermocouple.o
                0x08002bdc                max31856_init
 .text.max31856_set_conversion_mode
                0x08002c22       0x46 ./Core/Src/thermocouple.o
                0x08002c22                max31856_set_conversion_mode
 .text.max31856_set_noise_filter
                0x08002c68       0x46 ./Core/Src/thermocouple.o
                0x08002c68                max31856_set_noise_filter
 .text.max31856_set_cold_junction_enable
                0x08002cae       0x46 ./Core/Src/thermocouple.o
                0x08002cae                max31856_set_cold_junction_enable
 .text.max31856_set_thermocouple_type
                0x08002cf4       0x46 ./Core/Src/thermocouple.o
                0x08002cf4                max31856_set_thermocouple_type
 .text.max31856_set_average_samples
                0x08002d3a       0x46 ./Core/Src/thermocouple.o
                0x08002d3a                max31856_set_average_samples
 .text.max31856_read_TC_temp
                0x08002d80       0x68 ./Core/Src/thermocouple.o
                0x08002d80                max31856_read_TC_temp
 .text.max31856_set_open_circuit_fault_detection
                0x08002de8       0x46 ./Core/Src/thermocouple.o
                0x08002de8                max31856_set_open_circuit_fault_detection
 .text.max31856_read_fault
                0x08002e2e       0x20 ./Core/Src/thermocouple.o
                0x08002e2e                max31856_read_fault
 .text.max31856_write_register
                0x08002e4e       0x5c ./Core/Src/thermocouple.o
                0x08002e4e                max31856_write_register
 .text.max31856_read_register
                0x08002eaa       0x54 ./Core/Src/thermocouple.o
                0x08002eaa                max31856_read_register
 .text.max31856_read_nregisters
                0x08002efe       0x5a ./Core/Src/thermocouple.o
                0x08002efe                max31856_read_nregisters
 .text.uart_init
                0x08002f58       0x2c ./Core/Src/uart.o
                0x08002f58                uart_init
 .text.HAL_UART_RxCpltCallback
                0x08002f84       0xa8 ./Core/Src/uart.o
                0x08002f84                HAL_UART_RxCpltCallback
 .text.uart_tx  0x0800302c       0x4c ./Core/Src/uart.o
                0x0800302c                uart_tx
 .text.__io_putchar
                0x08003078       0x34 ./Core/Src/uart.o
                0x08003078                __io_putchar
 .text.Reset_Handler
                0x080030ac       0x50 ./Core/Startup/startup_stm32f401retx.o
                0x080030ac                Reset_Handler
 .text.Default_Handler
                0x080030fc        0x2 ./Core/Startup/startup_stm32f401retx.o
                0x080030fc                RTC_Alarm_IRQHandler
                0x080030fc                EXTI2_IRQHandler
                0x080030fc                SPI4_IRQHandler
                0x080030fc                TIM1_CC_IRQHandler
                0x080030fc                DMA2_Stream5_IRQHandler
                0x080030fc                DMA1_Stream5_IRQHandler
                0x080030fc                PVD_IRQHandler
                0x080030fc                SDIO_IRQHandler
                0x080030fc                TAMP_STAMP_IRQHandler
                0x080030fc                EXTI3_IRQHandler
                0x080030fc                TIM1_UP_TIM10_IRQHandler
                0x080030fc                I2C3_ER_IRQHandler
                0x080030fc                EXTI0_IRQHandler
                0x080030fc                I2C2_EV_IRQHandler
                0x080030fc                DMA1_Stream2_IRQHandler
                0x080030fc                FPU_IRQHandler
                0x080030fc                DMA2_Stream2_IRQHandler
                0x080030fc                SPI1_IRQHandler
                0x080030fc                TIM1_BRK_TIM9_IRQHandler
                0x080030fc                DMA2_Stream3_IRQHandler
                0x080030fc                USART6_IRQHandler
                0x080030fc                DMA2_Stream0_IRQHandler
                0x080030fc                TIM4_IRQHandler
                0x080030fc                I2C1_EV_IRQHandler
                0x080030fc                DMA1_Stream6_IRQHandler
                0x080030fc                DMA1_Stream1_IRQHandler
                0x080030fc                TIM3_IRQHandler
                0x080030fc                RCC_IRQHandler
                0x080030fc                Default_Handler
                0x080030fc                EXTI15_10_IRQHandler
                0x080030fc                ADC_IRQHandler
                0x080030fc                DMA1_Stream7_IRQHandler
                0x080030fc                DMA2_Stream7_IRQHandler
                0x080030fc                I2C3_EV_IRQHandler
                0x080030fc                EXTI9_5_IRQHandler
                0x080030fc                RTC_WKUP_IRQHandler
                0x080030fc                SPI2_IRQHandler
                0x080030fc                DMA1_Stream0_IRQHandler
                0x080030fc                EXTI4_IRQHandler
                0x080030fc                WWDG_IRQHandler
                0x080030fc                TIM2_IRQHandler
                0x080030fc                OTG_FS_WKUP_IRQHandler
                0x080030fc                TIM1_TRG_COM_TIM11_IRQHandler
                0x080030fc                EXTI1_IRQHandler
                0x080030fc                I2C2_ER_IRQHandler
                0x080030fc                DMA2_Stream1_IRQHandler
                0x080030fc                FLASH_IRQHandler
                0x080030fc                DMA2_Stream4_IRQHandler
                0x080030fc                USART1_IRQHandler
                0x080030fc                OTG_FS_IRQHandler
                0x080030fc                SPI3_IRQHandler
                0x080030fc                DMA1_Stream4_IRQHandler
                0x080030fc                I2C1_ER_IRQHandler
                0x080030fc                DMA2_Stream6_IRQHandler
                0x080030fc                DMA1_Stream3_IRQHandler
 *fill*         0x080030fe        0x2 
 .text.HAL_Init
                0x08003100       0x44 ./Drivers/STM32F4xx_HAL_Driver/Src/stm32f4xx_hal.o
                0x08003100                HAL_Init
 .text.HAL_IncTick
                0x08003144       0x28 ./Drivers/STM32F4xx_HAL_Driver/Src/stm32f4xx_hal.o
                0x08003144                HAL_IncTick
 .text.HAL_GetTick
                0x0800316c       0x18 ./Drivers/STM32F4xx_HAL_Driver/Src/stm32f4xx_hal.o
                0x0800316c                HAL_GetTick
 .text.HAL_Delay
                0x08003184       0x48 ./Drivers/STM32F4xx_HAL_Driver/Src/stm32f4xx_hal.o
                0x08003184                HAL_Delay
 .text.__NVIC_SetPriorityGrouping
                0x080031cc       0x48 ./Drivers/STM32F4xx_HAL_Driver/Src/stm32f4xx_hal_cortex.o
 .text.__NVIC_GetPriorityGrouping
                0x08003214       0x1c ./Drivers/STM32F4xx_HAL_Driver/Src/stm32f4xx_hal_cortex.o
 .text.__NVIC_EnableIRQ
                0x08003230       0x3c ./Drivers/STM32F4xx_HAL_Driver/Src/stm32f4xx_hal_cortex.o
 .text.__NVIC_SetPriority
                0x0800326c       0x54 ./Drivers/STM32F4xx_HAL_Driver/Src/stm32f4xx_hal_cortex.o
 .text.NVIC_EncodePriority
                0x080032c0       0x66 ./Drivers/STM32F4xx_HAL_Driver/Src/stm32f4xx_hal_cortex.o
 .text.HAL_NVIC_SetPriorityGrouping
                0x08003326       0x16 ./Drivers/STM32F4xx_HAL_Driver/Src/stm32f4xx_hal_cortex.o
                0x08003326                HAL_NVIC_SetPriorityGrouping
 .text.HAL_NVIC_SetPriority
                0x0800333c       0x38 ./Drivers/STM32F4xx_HAL_Driver/Src/stm32f4xx_hal_cortex.o
                0x0800333c                HAL_NVIC_SetPriority
 .text.HAL_NVIC_EnableIRQ
                0x08003374       0x1c ./Drivers/STM32F4xx_HAL_Driver/Src/stm32f4xx_hal_cortex.o
                0x08003374                HAL_NVIC_EnableIRQ
 .text.HAL_DMA_Abort
                0x08003390       0xe0 ./Drivers/STM32F4xx_HAL_Driver/Src/stm32f4xx_hal_dma.o
                0x08003390                HAL_DMA_Abort
 .text.HAL_DMA_Abort_IT
                0x08003470       0x44 ./Drivers/STM32F4xx_HAL_Driver/Src/stm32f4xx_hal_dma.o
                0x08003470                HAL_DMA_Abort_IT
 .text.HAL_GPIO_Init
                0x080034b4      0x308 ./Drivers/STM32F4xx_HAL_Driver/Src/stm32f4xx_hal_gpio.o
                0x080034b4                HAL_GPIO_Init
 .text.HAL_GPIO_ReadPin
                0x080037bc       0x30 ./Drivers/STM32F4xx_HAL_Driver/Src/stm32f4xx_hal_gpio.o
                0x080037bc                HAL_GPIO_ReadPin
 .text.HAL_GPIO_WritePin
                0x080037ec       0x32 ./Drivers/STM32F4xx_HAL_Driver/Src/stm32f4xx_hal_gpio.o
                0x080037ec                HAL_GPIO_WritePin
 *fill*         0x0800381e        0x2 
 .text.HAL_RCC_OscConfig
                0x08003820      0x4f0 ./Drivers/STM32F4xx_HAL_Driver/Src/stm32f4xx_hal_rcc.o
                0x08003820                HAL_RCC_OscConfig
 .text.HAL_RCC_ClockConfig
                0x08003d10      0x1cc ./Drivers/STM32F4xx_HAL_Driver/Src/stm32f4xx_hal_rcc.o
                0x08003d10                HAL_RCC_ClockConfig
 .text.HAL_RCC_GetSysClockFreq
                0x08003edc      0x188 ./Drivers/STM32F4xx_HAL_Driver/Src/stm32f4xx_hal_rcc.o
                0x08003edc                HAL_RCC_GetSysClockFreq
 .text.HAL_RCC_GetHCLKFreq
                0x08004064       0x18 ./Drivers/STM32F4xx_HAL_Driver/Src/stm32f4xx_hal_rcc.o
                0x08004064                HAL_RCC_GetHCLKFreq
 .text.HAL_RCC_GetPCLK1Freq
                0x0800407c       0x28 ./Drivers/STM32F4xx_HAL_Driver/Src/stm32f4xx_hal_rcc.o
                0x0800407c                HAL_RCC_GetPCLK1Freq
 .text.HAL_RCC_GetPCLK2Freq
                0x080040a4       0x28 ./Drivers/STM32F4xx_HAL_Driver/Src/stm32f4xx_hal_rcc.o
                0x080040a4                HAL_RCC_GetPCLK2Freq
 .text.HAL_RCC_GetClockConfig
                0x080040cc       0x64 ./Drivers/STM32F4xx_HAL_Driver/Src/stm32f4xx_hal_rcc.o
                0x080040cc                HAL_RCC_GetClockConfig
 .text.HAL_SPI_Init
                0x08004130      0x112 ./Drivers/STM32F4xx_HAL_Driver/Src/stm32f4xx_hal_spi.o
                0x08004130                HAL_SPI_Init
 .text.HAL_SPI_Transmit
                0x08004242      0x288 ./Drivers/STM32F4xx_HAL_Driver/Src/stm32f4xx_hal_spi.o
                0x08004242                HAL_SPI_Transmit
 .text.HAL_SPI_Receive
                0x080044ca      0x232 ./Drivers/STM32F4xx_HAL_Driver/Src/stm32f4xx_hal_spi.o
                0x080044ca                HAL_SPI_Receive
 .text.HAL_SPI_TransmitReceive
                0x080046fc      0x352 ./Drivers/STM32F4xx_HAL_Driver/Src/stm32f4xx_hal_spi.o
                0x080046fc                HAL_SPI_TransmitReceive
 *fill*         0x08004a4e        0x2 
 .text.SPI_WaitFlagStateUntilTimeout
                0x08004a50      0x110 ./Drivers/STM32F4xx_HAL_Driver/Src/stm32f4xx_hal_spi.o
 .text.SPI_EndRxTransaction
                0x08004b60       0xca ./Drivers/STM32F4xx_HAL_Driver/Src/stm32f4xx_hal_spi.o
 *fill*         0x08004c2a        0x2 
 .text.SPI_EndRxTxTransaction
                0x08004c2c       0xa8 ./Drivers/STM32F4xx_HAL_Driver/Src/stm32f4xx_hal_spi.o
 .text.HAL_TIM_Base_Init
                0x08004cd4       0x9e ./Drivers/STM32F4xx_HAL_Driver/Src/stm32f4xx_hal_tim.o
                0x08004cd4                HAL_TIM_Base_Init
 *fill*         0x08004d72        0x2 
 .text.HAL_TIM_Base_Start_IT
                0x08004d74       0xc4 ./Drivers/STM32F4xx_HAL_Driver/Src/stm32f4xx_hal_tim.o
                0x08004d74                HAL_TIM_Base_Start_IT
 .text.HAL_TIM_PWM_Init
                0x08004e38       0x9e ./Drivers/STM32F4xx_HAL_Driver/Src/stm32f4xx_hal_tim.o
                0x08004e38                HAL_TIM_PWM_Init
 .text.HAL_TIM_PWM_MspInit
                0x08004ed6       0x14 ./Drivers/STM32F4xx_HAL_Driver/Src/stm32f4xx_hal_tim.o
                0x08004ed6                HAL_TIM_PWM_MspInit
 *fill*         0x08004eea        0x2 
 .text.HAL_TIM_PWM_Start
                0x08004eec      0x160 ./Drivers/STM32F4xx_HAL_Driver/Src/stm32f4xx_hal_tim.o
                0x08004eec                HAL_TIM_PWM_Start
 .text.HAL_TIM_Encoder_Init
                0x0800504c      0x14c ./Drivers/STM32F4xx_HAL_Driver/Src/stm32f4xx_hal_tim.o
                0x0800504c                HAL_TIM_Encoder_Init
 .text.HAL_TIM_Encoder_Start
                0x08005198      0x11c ./Drivers/STM32F4xx_HAL_Driver/Src/stm32f4xx_hal_tim.o
                0x08005198                HAL_TIM_Encoder_Start
 .text.HAL_TIM_IRQHandler
                0x080052b4      0x1e0 ./Drivers/STM32F4xx_HAL_Driver/Src/stm32f4xx_hal_tim.o
                0x080052b4                HAL_TIM_IRQHandler
 .text.HAL_TIM_PWM_ConfigChannel
                0x08005494      0x184 ./Drivers/STM32F4xx_HAL_Driver/Src/stm32f4xx_hal_tim.o
                0x08005494                HAL_TIM_PWM_ConfigChannel
 .text.HAL_TIM_ConfigClockSource
                0x08005618      0x18e ./Drivers/STM32F4xx_HAL_Driver/Src/stm32f4xx_hal_tim.o
                0x08005618                HAL_TIM_ConfigClockSource
 .text.HAL_TIM_OC_DelayElapsedCallback
                0x080057a6       0x14 ./Drivers/STM32F4xx_HAL_Driver/Src/stm32f4xx_hal_tim.o
                0x080057a6                HAL_TIM_OC_DelayElapsedCallback
 .text.HAL_TIM_IC_CaptureCallback
                0x080057ba       0x14 ./Drivers/STM32F4xx_HAL_Driver/Src/stm32f4xx_hal_tim.o
                0x080057ba                HAL_TIM_IC_CaptureCallback
 .text.HAL_TIM_PWM_PulseFinishedCallback
                0x080057ce       0x14 ./Drivers/STM32F4xx_HAL_Driver/Src/stm32f4xx_hal_tim.o
                0x080057ce                HAL_TIM_PWM_PulseFinishedCallback
 .text.HAL_TIM_TriggerCallback
                0x080057e2       0x14 ./Drivers/STM32F4xx_HAL_Driver/Src/stm32f4xx_hal_tim.o
                0x080057e2                HAL_TIM_TriggerCallback
 *fill*         0x080057f6        0x2 
 .text.TIM_Base_SetConfig
                0x080057f8      0x10c ./Drivers/STM32F4xx_HAL_Driver/Src/stm32f4xx_hal_tim.o
                0x080057f8                TIM_Base_SetConfig
 .text.TIM_OC1_SetConfig
                0x08005904       0xcc ./Drivers/STM32F4xx_HAL_Driver/Src/stm32f4xx_hal_tim.o
 .text.TIM_OC2_SetConfig
                0x080059d0       0xd8 ./Drivers/STM32F4xx_HAL_Driver/Src/stm32f4xx_hal_tim.o
                0x080059d0                TIM_OC2_SetConfig
 .text.TIM_OC3_SetConfig
                0x08005aa8       0xd4 ./Drivers/STM32F4xx_HAL_Driver/Src/stm32f4xx_hal_tim.o
 .text.TIM_OC4_SetConfig
                0x08005b7c       0xa0 ./Drivers/STM32F4xx_HAL_Driver/Src/stm32f4xx_hal_tim.o
 .text.TIM_TI1_ConfigInputStage
                0x08005c1c       0x5e ./Drivers/STM32F4xx_HAL_Driver/Src/stm32f4xx_hal_tim.o
 .text.TIM_TI2_ConfigInputStage
                0x08005c7a       0x60 ./Drivers/STM32F4xx_HAL_Driver/Src/stm32f4xx_hal_tim.o
 .text.TIM_ITRx_SetConfig
                0x08005cda       0x36 ./Drivers/STM32F4xx_HAL_Driver/Src/stm32f4xx_hal_tim.o
 .text.TIM_ETR_SetConfig
                0x08005d10       0x40 ./Drivers/STM32F4xx_HAL_Driver/Src/stm32f4xx_hal_tim.o
                0x08005d10                TIM_ETR_SetConfig
 .text.TIM_CCxChannelCmd
                0x08005d50       0x4a ./Drivers/STM32F4xx_HAL_Driver/Src/stm32f4xx_hal_tim.o
                0x08005d50                TIM_CCxChannelCmd
 *fill*         0x08005d9a        0x2 
 .text.HAL_TIMEx_MasterConfigSynchronization
                0x08005d9c       0xdc ./Drivers/STM32F4xx_HAL_Driver/Src/stm32f4xx_hal_tim_ex.o
                0x08005d9c                HAL_TIMEx_MasterConfigSynchronization
 .text.HAL_TIMEx_CommutCallback
                0x08005e78       0x14 ./Drivers/STM32F4xx_HAL_Driver/Src/stm32f4xx_hal_tim_ex.o
                0x08005e78                HAL_TIMEx_CommutCallback
 .text.HAL_TIMEx_BreakCallback
                0x08005e8c       0x14 ./Drivers/STM32F4xx_HAL_Driver/Src/stm32f4xx_hal_tim_ex.o
                0x08005e8c                HAL_TIMEx_BreakCallback
 .text.HAL_UART_Init
                0x08005ea0       0xa0 ./Drivers/STM32F4xx_HAL_Driver/Src/stm32f4xx_hal_uart.o
                0x08005ea0                HAL_UART_Init
 .text.HAL_UART_Transmit
                0x08005f40      0x116 ./Drivers/STM32F4xx_HAL_Driver/Src/stm32f4xx_hal_uart.o
                0x08005f40                HAL_UART_Transmit
 .text.HAL_UART_Receive_IT
                0x08006056       0x4a ./Drivers/STM32F4xx_HAL_Driver/Src/stm32f4xx_hal_uart.o
                0x08006056                HAL_UART_Receive_IT
 .text.HAL_UART_IRQHandler
                0x080060a0      0x554 ./Drivers/STM32F4xx_HAL_Driver/Src/stm32f4xx_hal_uart.o
                0x080060a0                HAL_UART_IRQHandler
 .text.HAL_UART_TxCpltCallback
                0x080065f4       0x14 ./Drivers/STM32F4xx_HAL_Driver/Src/stm32f4xx_hal_uart.o
                0x080065f4                HAL_UART_TxCpltCallback
 .text.HAL_UART_ErrorCallback
                0x08006608       0x14 ./Drivers/STM32F4xx_HAL_Driver/Src/stm32f4xx_hal_uart.o
                0x08006608                HAL_UART_ErrorCallback
 .text.HAL_UARTEx_RxEventCallback
                0x0800661c       0x18 ./Drivers/STM32F4xx_HAL_Driver/Src/stm32f4xx_hal_uart.o
                0x0800661c                HAL_UARTEx_RxEventCallback
 .text.UART_WaitOnFlagUntilTimeout
                0x08006634       0xb2 ./Drivers/STM32F4xx_HAL_Driver/Src/stm32f4xx_hal_uart.o
 .text.UART_Start_Receive_IT
                0x080066e6       0x74 ./Drivers/STM32F4xx_HAL_Driver/Src/stm32f4xx_hal_uart.o
                0x080066e6                UART_Start_Receive_IT
 .text.UART_EndRxTransfer
                0x0800675a       0xc6 ./Drivers/STM32F4xx_HAL_Driver/Src/stm32f4xx_hal_uart.o
 .text.UART_DMAAbortOnError
                0x08006820       0x22 ./Drivers/STM32F4xx_HAL_Driver/Src/stm32f4xx_hal_uart.o
 .text.UART_Transmit_IT
                0x08006842       0xa0 ./Drivers/STM32F4xx_HAL_Driver/Src/stm32f4xx_hal_uart.o
 .text.UART_EndTransmit_IT
                0x080068e2       0x30 ./Drivers/STM32F4xx_HAL_Driver/Src/stm32f4xx_hal_uart.o
 .text.UART_Receive_IT
                0x08006912      0x17c ./Drivers/STM32F4xx_HAL_Driver/Src/stm32f4xx_hal_uart.o
 *fill*         0x08006a8e        0x2 
 .text.UART_SetConfig
                0x08006a90      0x4e8 ./Drivers/STM32F4xx_HAL_Driver/Src/stm32f4xx_hal_uart.o
 .text.__NVIC_SetPriority
                0x08006f78       0x54 ./Middlewares/Third_Party/FreeRTOS/Source/CMSIS_RTOS_V2/cmsis_os2.o
 .text.SysTick_Handler
                0x08006fcc       0x20 ./Middlewares/Third_Party/FreeRTOS/Source/CMSIS_RTOS_V2/cmsis_os2.o
                0x08006fcc                SysTick_Handler
 .text.SVC_Setup
                0x08006fec       0x12 ./Middlewares/Third_Party/FreeRTOS/Source/CMSIS_RTOS_V2/cmsis_os2.o
 *fill*         0x08006ffe        0x2 
 .text.osKernelInitialize
                0x08007000       0x48 ./Middlewares/Third_Party/FreeRTOS/Source/CMSIS_RTOS_V2/cmsis_os2.o
                0x08007000                osKernelInitialize
 .text.osKernelStart
                0x08007048       0x4c ./Middlewares/Third_Party/FreeRTOS/Source/CMSIS_RTOS_V2/cmsis_os2.o
                0x08007048                osKernelStart
 .text.osKernelGetTickCount
                0x08007094       0x2a ./Middlewares/Third_Party/FreeRTOS/Source/CMSIS_RTOS_V2/cmsis_os2.o
                0x08007094                osKernelGetTickCount
 .text.osThreadNew
                0x080070be      0x124 ./Middlewares/Third_Party/FreeRTOS/Source/CMSIS_RTOS_V2/cmsis_os2.o
                0x080070be                osThreadNew
 .text.osDelay  0x080071e2       0x36 ./Middlewares/Third_Party/FreeRTOS/Source/CMSIS_RTOS_V2/cmsis_os2.o
                0x080071e2                osDelay
 .text.osMutexNew
                0x08007218      0x10c ./Middlewares/Third_Party/FreeRTOS/Source/CMSIS_RTOS_V2/cmsis_os2.o
                0x08007218                osMutexNew
 .text.osMutexAcquire
                0x08007324       0x96 ./Middlewares/Third_Party/FreeRTOS/Source/CMSIS_RTOS_V2/cmsis_os2.o
                0x08007324                osMutexAcquire
 .text.osMutexRelease
                0x080073ba       0x7a ./Middlewares/Third_Party/FreeRTOS/Source/CMSIS_RTOS_V2/cmsis_os2.o
                0x080073ba                osMutexRelease
 .text.osMessageQueueNew
                0x08007434       0xe6 ./Middlewares/Third_Party/FreeRTOS/Source/CMSIS_RTOS_V2/cmsis_os2.o
                0x08007434                osMessageQueueNew
 *fill*         0x0800751a        0x2 
 .text.osMessageQueuePut
                0x0800751c       0xc0 ./Middlewares/Third_Party/FreeRTOS/Source/CMSIS_RTOS_V2/cmsis_os2.o
                0x0800751c                osMessageQueuePut
 .text.osMessageQueueGet
                0x080075dc       0xbc ./Middlewares/Third_Party/FreeRTOS/Source/CMSIS_RTOS_V2/cmsis_os2.o
                0x080075dc                osMessageQueueGet
 .text.vApplicationGetIdleTaskMemory
                0x08007698       0x34 ./Middlewares/Third_Party/FreeRTOS/Source/CMSIS_RTOS_V2/cmsis_os2.o
                0x08007698                vApplicationGetIdleTaskMemory
 .text.vApplicationGetTimerTaskMemory
                0x080076cc       0x34 ./Middlewares/Third_Party/FreeRTOS/Source/CMSIS_RTOS_V2/cmsis_os2.o
                0x080076cc                vApplicationGetTimerTaskMemory
 .text.vListInitialise
                0x08007700       0x40 ./Middlewares/Third_Party/FreeRTOS/Source/list.o
                0x08007700                vListInitialise
 .text.vListInitialiseItem
                0x08007740       0x1a ./Middlewares/Third_Party/FreeRTOS/Source/list.o
                0x08007740                vListInitialiseItem
 .text.vListInsertEnd
                0x0800775a       0x48 ./Middlewares/Third_Party/FreeRTOS/Source/list.o
                0x0800775a                vListInsertEnd
 .text.vListInsert
                0x080077a2       0x72 ./Middlewares/Third_Party/FreeRTOS/Source/list.o
                0x080077a2                vListInsert
 .text.uxListRemove
                0x08007814       0x54 ./Middlewares/Third_Party/FreeRTOS/Source/list.o
                0x08007814                uxListRemove
 .text.xQueueGenericReset
                0x08007868       0xd4 ./Middlewares/Third_Party/FreeRTOS/Source/queue.o
                0x08007868                xQueueGenericReset
 .text.xQueueGenericCreateStatic
                0x0800793c       0xfa ./Middlewares/Third_Party/FreeRTOS/Source/queue.o
                0x0800793c                xQueueGenericCreateStatic
 .text.xQueueGenericCreate
                0x08007a36       0x76 ./Middlewares/Third_Party/FreeRTOS/Source/queue.o
                0x08007a36                xQueueGenericCreate
 .text.prvInitialiseNewQueue
                0x08007aac       0x46 ./Middlewares/Third_Party/FreeRTOS/Source/queue.o
 .text.prvInitialiseMutex
                0x08007af2       0x34 ./Middlewares/Third_Party/FreeRTOS/Source/queue.o
 .text.xQueueCreateMutex
                0x08007b26       0x30 ./Middlewares/Third_Party/FreeRTOS/Source/queue.o
                0x08007b26                xQueueCreateMutex
 .text.xQueueCreateMutexStatic
                0x08007b56       0x36 ./Middlewares/Third_Party/FreeRTOS/Source/queue.o
                0x08007b56                xQueueCreateMutexStatic
 .text.xQueueGiveMutexRecursive
                0x08007b8c       0x6a ./Middlewares/Third_Party/FreeRTOS/Source/queue.o
                0x08007b8c                xQueueGiveMutexRecursive
 .text.xQueueTakeMutexRecursive
                0x08007bf6       0x6e ./Middlewares/Third_Party/FreeRTOS/Source/queue.o
                0x08007bf6                xQueueTakeMutexRecursive
 .text.xQueueGenericSend
                0x08007c64      0x204 ./Middlewares/Third_Party/FreeRTOS/Source/queue.o
                0x08007c64                xQueueGenericSend
 .text.xQueueGenericSendFromISR
                0x08007e68      0x13c ./Middlewares/Third_Party/FreeRTOS/Source/queue.o
                0x08007e68                xQueueGenericSendFromISR
 .text.xQueueReceive
                0x08007fa4      0x1c4 ./Middlewares/Third_Party/FreeRTOS/Source/queue.o
                0x08007fa4                xQueueReceive
 .text.xQueueSemaphoreTake
                0x08008168      0x220 ./Middlewares/Third_Party/FreeRTOS/Source/queue.o
                0x08008168                xQueueSemaphoreTake
 .text.xQueueReceiveFromISR
                0x08008388      0x104 ./Middlewares/Third_Party/FreeRTOS/Source/queue.o
                0x08008388                xQueueReceiveFromISR
 .text.prvGetDisinheritPriorityAfterTimeout
                0x0800848c       0x30 ./Middlewares/Third_Party/FreeRTOS/Source/queue.o
 .text.prvCopyDataToQueue
                0x080084bc       0xd4 ./Middlewares/Third_Party/FreeRTOS/Source/queue.o
 .text.prvCopyDataFromQueue
                0x08008590       0x4c ./Middlewares/Third_Party/FreeRTOS/Source/queue.o
 .text.prvUnlockQueue
                0x080085dc       0xa4 ./Middlewares/Third_Party/FreeRTOS/Source/queue.o
 .text.prvIsQueueEmpty
                0x08008680       0x2c ./Middlewares/Third_Party/FreeRTOS/Source/queue.o
 .text.prvIsQueueFull
                0x080086ac       0x30 ./Middlewares/Third_Party/FreeRTOS/Source/queue.o
 .text.vQueueAddToRegistry
                0x080086dc       0x54 ./Middlewares/Third_Party/FreeRTOS/Source/queue.o
                0x080086dc                vQueueAddToRegistry
 .text.vQueueWaitForMessageRestricted
                0x08008730       0x68 ./Middlewares/Third_Party/FreeRTOS/Source/queue.o
                0x08008730                vQueueWaitForMessageRestricted
 .text.xTaskCreateStatic
                0x08008798       0xc0 ./Middlewares/Third_Party/FreeRTOS/Source/tasks.o
                0x08008798                xTaskCreateStatic
 .text.xTaskCreate
                0x08008858       0x8a ./Middlewares/Third_Party/FreeRTOS/Source/tasks.o
                0x08008858                xTaskCreate
 .text.prvInitialiseNewTask
                0x080088e2      0x120 ./Middlewares/Third_Party/FreeRTOS/Source/tasks.o
 *fill*         0x08008a02        0x2 
 .text.prvAddNewTaskToReadyList
                0x08008a04       0xe0 ./Middlewares/Third_Party/FreeRTOS/Source/tasks.o
 .text.vTaskDelay
                0x08008ae4       0x6c ./Middlewares/Third_Party/FreeRTOS/Source/tasks.o
                0x08008ae4                vTaskDelay
 .text.vTaskStartScheduler
                0x08008b50       0xd0 ./Middlewares/Third_Party/FreeRTOS/Source/tasks.o
                0x08008b50                vTaskStartScheduler
 .text.vTaskSuspendAll
                0x08008c20       0x1c ./Middlewares/Third_Party/FreeRTOS/Source/tasks.o
                0x08008c20                vTaskSuspendAll
 .text.xTaskResumeAll
                0x08008c3c      0x13c ./Middlewares/Third_Party/FreeRTOS/Source/tasks.o
                0x08008c3c                xTaskResumeAll
 .text.xTaskGetTickCount
                0x08008d78       0x20 ./Middlewares/Third_Party/FreeRTOS/Source/tasks.o
                0x08008d78                xTaskGetTickCount
 .text.xTaskGetTickCountFromISR
                0x08008d98       0x24 ./Middlewares/Third_Party/FreeRTOS/Source/tasks.o
                0x08008d98                xTaskGetTickCountFromISR
 .text.xTaskIncrementTick
                0x08008dbc      0x174 ./Middlewares/Third_Party/FreeRTOS/Source/tasks.o
                0x08008dbc                xTaskIncrementTick
 .text.vTaskSwitchContext
                0x08008f30       0xbc ./Middlewares/Third_Party/FreeRTOS/Source/tasks.o
                0x08008f30                vTaskSwitchContext
 .text.vTaskPlaceOnEventList
                0x08008fec       0x4c ./Middlewares/Third_Party/FreeRTOS/Source/tasks.o
                0x08008fec                vTaskPlaceOnEventList
 .text.vTaskPlaceOnEventListRestricted
                0x08009038       0x58 ./Middlewares/Third_Party/FreeRTOS/Source/tasks.o
                0x08009038                vTaskPlaceOnEventListRestricted
 .text.xTaskRemoveFromEventList
                0x08009090       0xc8 ./Middlewares/Third_Party/FreeRTOS/Source/tasks.o
                0x08009090                xTaskRemoveFromEventList
 .text.vTaskInternalSetTimeOutState
                0x08009158       0x2c ./Middlewares/Third_Party/FreeRTOS/Source/tasks.o
                0x08009158                vTaskInternalSetTimeOutState
 .text.xTaskCheckForTimeOut
                0x08009184       0xc8 ./Middlewares/Third_Party/FreeRTOS/Source/tasks.o
                0x08009184                xTaskCheckForTimeOut
 .text.vTaskMissedYield
                0x0800924c       0x18 ./Middlewares/Third_Party/FreeRTOS/Source/tasks.o
                0x0800924c                vTaskMissedYield
 .text.prvIdleTask
                0x08009264       0x30 ./Middlewares/Third_Party/FreeRTOS/Source/tasks.o
 .text.prvInitialiseTaskLists
                0x08009294       0x80 ./Middlewares/Third_Party/FreeRTOS/Source/tasks.o
 .text.prvCheckTasksWaitingTermination
                0x08009314       0x5c ./Middlewares/Third_Party/FreeRTOS/Source/tasks.o
 .text.prvDeleteTCB
                0x08009370       0x60 ./Middlewares/Third_Party/FreeRTOS/Source/tasks.o
 .text.prvResetNextTaskUnblockTime
                0x080093d0       0x40 ./Middlewares/Third_Party/FreeRTOS/Source/tasks.o
 .text.xTaskGetCurrentTaskHandle
                0x08009410       0x20 ./Middlewares/Third_Party/FreeRTOS/Source/tasks.o
                0x08009410                xTaskGetCurrentTaskHandle
 .text.xTaskGetSchedulerState
                0x08009430       0x3c ./Middlewares/Third_Party/FreeRTOS/Source/tasks.o
                0x08009430                xTaskGetSchedulerState
 .text.xTaskPriorityInherit
                0x0800946c       0xd0 ./Middlewares/Third_Party/FreeRTOS/Source/tasks.o
                0x0800946c                xTaskPriorityInherit
 .text.xTaskPriorityDisinherit
                0x0800953c       0xe0 ./Middlewares/Third_Party/FreeRTOS/Source/tasks.o
                0x0800953c                xTaskPriorityDisinherit
 .text.vTaskPriorityDisinheritAfterTimeout
                0x0800961c      0x108 ./Middlewares/Third_Party/FreeRTOS/Source/tasks.o
                0x0800961c                vTaskPriorityDisinheritAfterTimeout
 .text.pvTaskIncrementMutexHeldCount
                0x08009724       0x28 ./Middlewares/Third_Party/FreeRTOS/Source/tasks.o
                0x08009724                pvTaskIncrementMutexHeldCount
 .text.prvAddCurrentTaskToDelayedList
                0x0800974c       0xa8 ./Middlewares/Third_Party/FreeRTOS/Source/tasks.o
 .text.xTimerCreateTimerTask
                0x080097f4       0x94 ./Middlewares/Third_Party/FreeRTOS/Source/timers.o
                0x080097f4                xTimerCreateTimerTask
 .text.xTimerGenericCommand
                0x08009888       0x9c ./Middlewares/Third_Party/FreeRTOS/Source/timers.o
                0x08009888                xTimerGenericCommand
 .text.prvProcessExpiredTimer
                0x08009924       0x9c ./Middlewares/Third_Party/FreeRTOS/Source/timers.o
 .text.prvTimerTask
                0x080099c0       0x26 ./Middlewares/Third_Party/FreeRTOS/Source/timers.o
 *fill*         0x080099e6        0x2 
 .text.prvProcessTimerOrBlockTask
                0x080099e8       0x9c ./Middlewares/Third_Party/FreeRTOS/Source/timers.o
 .text.prvGetNextExpireTime
                0x08009a84       0x48 ./Middlewares/Third_Party/FreeRTOS/Source/timers.o
 .text.prvSampleTimeNow
                0x08009acc       0x40 ./Middlewares/Third_Party/FreeRTOS/Source/timers.o
 .text.prvInsertTimerInActiveList
                0x08009b0c       0x84 ./Middlewares/Third_Party/FreeRTOS/Source/timers.o
 .text.prvProcessReceivedCommands
                0x08009b90      0x1cc ./Middlewares/Third_Party/FreeRTOS/Source/timers.o
 .text.prvSwitchTimerLists
                0x08009d5c       0xcc ./Middlewares/Third_Party/FreeRTOS/Source/timers.o
 .text.prvCheckForValidListAndQueue
                0x08009e28       0x80 ./Middlewares/Third_Party/FreeRTOS/Source/timers.o
 .text.pxPortInitialiseStack
                0x08009ea8       0x68 ./Middlewares/Third_Party/FreeRTOS/Source/portable/GCC/ARM_CM4F/port.o
                0x08009ea8                pxPortInitialiseStack
 .text.prvTaskExitError
                0x08009f10       0x5c ./Middlewares/Third_Party/FreeRTOS/Source/portable/GCC/ARM_CM4F/port.o
 *fill*         0x08009f6c        0x4 
 .text.SVC_Handler
                0x08009f70       0x28 ./Middlewares/Third_Party/FreeRTOS/Source/portable/GCC/ARM_CM4F/port.o
                0x08009f70                SVC_Handler
 .text.prvPortStartFirstTask
                0x08009f98       0x28 ./Middlewares/Third_Party/FreeRTOS/Source/portable/GCC/ARM_CM4F/port.o
 .text.xPortStartScheduler
                0x08009fc0      0x148 ./Middlewares/Third_Party/FreeRTOS/Source/portable/GCC/ARM_CM4F/port.o
                0x08009fc0                xPortStartScheduler
 .text.vPortEnterCritical
                0x0800a108       0x64 ./Middlewares/Third_Party/FreeRTOS/Source/portable/GCC/ARM_CM4F/port.o
                0x0800a108                vPortEnterCritical
 .text.vPortExitCritical
                0x0800a16c       0x54 ./Middlewares/Third_Party/FreeRTOS/Source/portable/GCC/ARM_CM4F/port.o
                0x0800a16c                vPortExitCritical
 .text.PendSV_Handler
                0x0800a1c0       0x68 ./Middlewares/Third_Party/FreeRTOS/Source/portable/GCC/ARM_CM4F/port.o
                0x0800a1c0                PendSV_Handler
 .text.xPortSysTickHandler
                0x0800a228       0x44 ./Middlewares/Third_Party/FreeRTOS/Source/portable/GCC/ARM_CM4F/port.o
                0x0800a228                xPortSysTickHandler
 .text.vPortSetupTimerInterrupt
                0x0800a26c       0x48 ./Middlewares/Third_Party/FreeRTOS/Source/portable/GCC/ARM_CM4F/port.o
                0x0800a26c                vPortSetupTimerInterrupt
 .text.vPortEnableVFP
                0x0800a2b4       0x14 ./Middlewares/Third_Party/FreeRTOS/Source/portable/GCC/ARM_CM4F/port.o
 .text.vPortValidateInterruptPriority
                0x0800a2c8       0x84 ./Middlewares/Third_Party/FreeRTOS/Source/portable/GCC/ARM_CM4F/port.o
                0x0800a2c8                vPortValidateInterruptPriority
 .text.pvPortMalloc
                0x0800a34c      0x19c ./Middlewares/Third_Party/FreeRTOS/Source/portable/MemMang/heap_4.o
                0x0800a34c                pvPortMalloc
 .text.vPortFree
                0x0800a4e8       0xc8 ./Middlewares/Third_Party/FreeRTOS/Source/portable/MemMang/heap_4.o
                0x0800a4e8                vPortFree
 .text.prvHeapInit
                0x0800a5b0       0xc4 ./Middlewares/Third_Party/FreeRTOS/Source/portable/MemMang/heap_4.o
 .text.prvInsertBlockIntoFreeList
                0x0800a674       0xb4 ./Middlewares/Third_Party/FreeRTOS/Source/portable/MemMang/heap_4.o
 .text.atoi     0x0800a728        0x8 C:/ST/STM32CubeIDE_2.1.1/STM32CubeIDE/plugins/com.st.stm32cube.ide.mcu.externaltools.gnu-tools-for-stm32.14.3.rel1.win32_1.0.100.202602081740/tools/bin/../lib/gcc/arm-none-eabi/14.3.1/../../../../arm-none-eabi/lib/thumb/v7e-m+fp/hard\libc_nano.a(libc_a-atoi.o)
                0x0800a728                atoi
 .text._strtol_l.isra.0
                0x0800a730       0xf4 C:/ST/STM32CubeIDE_2.1.1/STM32CubeIDE/plugins/com.st.stm32cube.ide.mcu.externaltools.gnu-tools-for-stm32.14.3.rel1.win32_1.0.100.202602081740/tools/bin/../lib/gcc/arm-none-eabi/14.3.1/../../../../arm-none-eabi/lib/thumb/v7e-m+fp/hard\libc_nano.a(libc_a-strtol.o)
 .text.strtol   0x0800a824       0x14 C:/ST/STM32CubeIDE_2.1.1/STM32CubeIDE/plugins/com.st.stm32cube.ide.mcu.externaltools.gnu-tools-for-stm32.14.3.rel1.win32_1.0.100.202602081740/tools/bin/../lib/gcc/arm-none-eabi/14.3.1/../../../../arm-none-eabi/lib/thumb/v7e-m+fp/hard\libc_nano.a(libc_a-strtol.o)
                0x0800a824                strtol
 .text.std      0x0800a838       0x6c C:/ST/STM32CubeIDE_2.1.1/STM32CubeIDE/plugins/com.st.stm32cube.ide.mcu.externaltools.gnu-tools-for-stm32.14.3.rel1.win32_1.0.100.202602081740/tools/bin/../lib/gcc/arm-none-eabi/14.3.1/../../../../arm-none-eabi/lib/thumb/v7e-m+fp/hard\libc_nano.a(libc_a-findfp.o)
 .text.stdio_exit_handler
                0x0800a8a4       0x18 C:/ST/STM32CubeIDE_2.1.1/STM32CubeIDE/plugins/com.st.stm32cube.ide.mcu.externaltools.gnu-tools-for-stm32.14.3.rel1.win32_1.0.100.202602081740/tools/bin/../lib/gcc/arm-none-eabi/14.3.1/../../../../arm-none-eabi/lib/thumb/v7e-m+fp/hard\libc_nano.a(libc_a-findfp.o)
 .text.cleanup_stdio
                0x0800a8bc       0x40 C:/ST/STM32CubeIDE_2.1.1/STM32CubeIDE/plugins/com.st.stm32cube.ide.mcu.externaltools.gnu-tools-for-stm32.14.3.rel1.win32_1.0.100.202602081740/tools/bin/../lib/gcc/arm-none-eabi/14.3.1/../../../../arm-none-eabi/lib/thumb/v7e-m+fp/hard\libc_nano.a(libc_a-findfp.o)
 .text.global_stdio_init.part.0
                0x0800a8fc       0x40 C:/ST/STM32CubeIDE_2.1.1/STM32CubeIDE/plugins/com.st.stm32cube.ide.mcu.externaltools.gnu-tools-for-stm32.14.3.rel1.win32_1.0.100.202602081740/tools/bin/../lib/gcc/arm-none-eabi/14.3.1/../../../../arm-none-eabi/lib/thumb/v7e-m+fp/hard\libc_nano.a(libc_a-findfp.o)
 .text.__sfp_lock_acquire
                0x0800a93c        0xc C:/ST/STM32CubeIDE_2.1.1/STM32CubeIDE/plugins/com.st.stm32cube.ide.mcu.externaltools.gnu-tools-for-stm32.14.3.rel1.win32_1.0.100.202602081740/tools/bin/../lib/gcc/arm-none-eabi/14.3.1/../../../../arm-none-eabi/lib/thumb/v7e-m+fp/hard\libc_nano.a(libc_a-findfp.o)
                0x0800a93c                __sfp_lock_acquire
 .text.__sfp_lock_release
                0x0800a948        0xc C:/ST/STM32CubeIDE_2.1.1/STM32CubeIDE/plugins/com.st.stm32cube.ide.mcu.externaltools.gnu-tools-for-stm32.14.3.rel1.win32_1.0.100.202602081740/tools/bin/../lib/gcc/arm-none-eabi/14.3.1/../../../../arm-none-eabi/lib/thumb/v7e-m+fp/hard\libc_nano.a(libc_a-findfp.o)
                0x0800a948                __sfp_lock_release
 .text.__sinit  0x0800a954       0x30 C:/ST/STM32CubeIDE_2.1.1/STM32CubeIDE/plugins/com.st.stm32cube.ide.mcu.externaltools.gnu-tools-for-stm32.14.3.rel1.win32_1.0.100.202602081740/tools/bin/../lib/gcc/arm-none-eabi/14.3.1/../../../../arm-none-eabi/lib/thumb/v7e-m+fp/hard\libc_nano.a(libc_a-findfp.o)
                0x0800a954                __sinit
 .text._fwalk_sglue
                0x0800a984       0x3c C:/ST/STM32CubeIDE_2.1.1/STM32CubeIDE/plugins/com.st.stm32cube.ide.mcu.externaltools.gnu-tools-for-stm32.14.3.rel1.win32_1.0.100.202602081740/tools/bin/../lib/gcc/arm-none-eabi/14.3.1/../../../../arm-none-eabi/lib/thumb/v7e-m+fp/hard\libc_nano.a(libc_a-fwalk.o)
                0x0800a984                _fwalk_sglue
 .text.printf   0x0800a9c0       0x24 C:/ST/STM32CubeIDE_2.1.1/STM32CubeIDE/plugins/com.st.stm32cube.ide.mcu.externaltools.gnu-tools-for-stm32.14.3.rel1.win32_1.0.100.202602081740/tools/bin/../lib/gcc/arm-none-eabi/14.3.1/../../../../arm-none-eabi/lib/thumb/v7e-m+fp/hard\libc_nano.a(libc_a-printf.o)
                0x0800a9c0                iprintf
                0x0800a9c0                printf
 .text.snprintf
                0x0800a9e4       0x6c C:/ST/STM32CubeIDE_2.1.1/STM32CubeIDE/plugins/com.st.stm32cube.ide.mcu.externaltools.gnu-tools-for-stm32.14.3.rel1.win32_1.0.100.202602081740/tools/bin/../lib/gcc/arm-none-eabi/14.3.1/../../../../arm-none-eabi/lib/thumb/v7e-m+fp/hard\libc_nano.a(libc_a-snprintf.o)
                0x0800a9e4                sniprintf
                0x0800a9e4                snprintf
 .text.__sread  0x0800aa50       0x22 C:/ST/STM32CubeIDE_2.1.1/STM32CubeIDE/plugins/com.st.stm32cube.ide.mcu.externaltools.gnu-tools-for-stm32.14.3.rel1.win32_1.0.100.202602081740/tools/bin/../lib/gcc/arm-none-eabi/14.3.1/../../../../arm-none-eabi/lib/thumb/v7e-m+fp/hard\libc_nano.a(libc_a-stdio.o)
                0x0800aa50                __sread
 .text.__swrite
                0x0800aa72       0x38 C:/ST/STM32CubeIDE_2.1.1/STM32CubeIDE/plugins/com.st.stm32cube.ide.mcu.externaltools.gnu-tools-for-stm32.14.3.rel1.win32_1.0.100.202602081740/tools/bin/../lib/gcc/arm-none-eabi/14.3.1/../../../../arm-none-eabi/lib/thumb/v7e-m+fp/hard\libc_nano.a(libc_a-stdio.o)
                0x0800aa72                __swrite
 .text.__sseek  0x0800aaaa       0x26 C:/ST/STM32CubeIDE_2.1.1/STM32CubeIDE/plugins/com.st.stm32cube.ide.mcu.externaltools.gnu-tools-for-stm32.14.3.rel1.win32_1.0.100.202602081740/tools/bin/../lib/gcc/arm-none-eabi/14.3.1/../../../../arm-none-eabi/lib/thumb/v7e-m+fp/hard\libc_nano.a(libc_a-stdio.o)
                0x0800aaaa                __sseek
 .text.__sclose
                0x0800aad0        0x8 C:/ST/STM32CubeIDE_2.1.1/STM32CubeIDE/plugins/com.st.stm32cube.ide.mcu.externaltools.gnu-tools-for-stm32.14.3.rel1.win32_1.0.100.202602081740/tools/bin/../lib/gcc/arm-none-eabi/14.3.1/../../../../arm-none-eabi/lib/thumb/v7e-m+fp/hard\libc_nano.a(libc_a-stdio.o)
                0x0800aad0                __sclose
 .text.memset   0x0800aad8       0x10 C:/ST/STM32CubeIDE_2.1.1/STM32CubeIDE/plugins/com.st.stm32cube.ide.mcu.externaltools.gnu-tools-for-stm32.14.3.rel1.win32_1.0.100.202602081740/tools/bin/../lib/gcc/arm-none-eabi/14.3.1/../../../../arm-none-eabi/lib/thumb/v7e-m+fp/hard\libc_nano.a(libc_a-memset.o)
                0x0800aad8                memset
 .text.strncpy  0x0800aae8       0x26 C:/ST/STM32CubeIDE_2.1.1/STM32CubeIDE/plugins/com.st.stm32cube.ide.mcu.externaltools.gnu-tools-for-stm32.14.3.rel1.win32_1.0.100.202602081740/tools/bin/../lib/gcc/arm-none-eabi/14.3.1/../../../../arm-none-eabi/lib/thumb/v7e-m+fp/hard\libc_nano.a(libc_a-strncpy.o)
                0x0800aae8                strncpy
 *fill*         0x0800ab0e        0x2 
 .text._close_r
                0x0800ab10       0x20 C:/ST/STM32CubeIDE_2.1.1/STM32CubeIDE/plugins/com.st.stm32cube.ide.mcu.externaltools.gnu-tools-for-stm32.14.3.rel1.win32_1.0.100.202602081740/tools/bin/../lib/gcc/arm-none-eabi/14.3.1/../../../../arm-none-eabi/lib/thumb/v7e-m+fp/hard\libc_nano.a(libc_a-closer.o)
                0x0800ab10                _close_r
 .text._lseek_r
                0x0800ab30       0x24 C:/ST/STM32CubeIDE_2.1.1/STM32CubeIDE/plugins/com.st.stm32cube.ide.mcu.externaltools.gnu-tools-for-stm32.14.3.rel1.win32_1.0.100.202602081740/tools/bin/../lib/gcc/arm-none-eabi/14.3.1/../../../../arm-none-eabi/lib/thumb/v7e-m+fp/hard\libc_nano.a(libc_a-lseekr.o)
                0x0800ab30                _lseek_r
 .text._read_r  0x0800ab54       0x24 C:/ST/STM32CubeIDE_2.1.1/STM32CubeIDE/plugins/com.st.stm32cube.ide.mcu.externaltools.gnu-tools-for-stm32.14.3.rel1.win32_1.0.100.202602081740/tools/bin/../lib/gcc/arm-none-eabi/14.3.1/../../../../arm-none-eabi/lib/thumb/v7e-m+fp/hard\libc_nano.a(libc_a-readr.o)
                0x0800ab54                _read_r
 .text._write_r
                0x0800ab78       0x24 C:/ST/STM32CubeIDE_2.1.1/STM32CubeIDE/plugins/com.st.stm32cube.ide.mcu.externaltools.gnu-tools-for-stm32.14.3.rel1.win32_1.0.100.202602081740/tools/bin/../lib/gcc/arm-none-eabi/14.3.1/../../../../arm-none-eabi/lib/thumb/v7e-m+fp/hard\libc_nano.a(libc_a-writer.o)
                0x0800ab78                _write_r
 .text.__errno  0x0800ab9c        0xc C:/ST/STM32CubeIDE_2.1.1/STM32CubeIDE/plugins/com.st.stm32cube.ide.mcu.externaltools.gnu-tools-for-stm32.14.3.rel1.win32_1.0.100.202602081740/tools/bin/../lib/gcc/arm-none-eabi/14.3.1/../../../../arm-none-eabi/lib/thumb/v7e-m+fp/hard\libc_nano.a(libc_a-errno.o)
                0x0800ab9c                __errno
 .text.__libc_init_array
                0x0800aba8       0x48 C:/ST/STM32CubeIDE_2.1.1/STM32CubeIDE/plugins/com.st.stm32cube.ide.mcu.externaltools.gnu-tools-for-stm32.14.3.rel1.win32_1.0.100.202602081740/tools/bin/../lib/gcc/arm-none-eabi/14.3.1/../../../../arm-none-eabi/lib/thumb/v7e-m+fp/hard\libc_nano.a(libc_a-init.o)
                0x0800aba8                __libc_init_array
 .text.__retarget_lock_init_recursive
                0x0800abf0        0x2 C:/ST/STM32CubeIDE_2.1.1/STM32CubeIDE/plugins/com.st.stm32cube.ide.mcu.externaltools.gnu-tools-for-stm32.14.3.rel1.win32_1.0.100.202602081740/tools/bin/../lib/gcc/arm-none-eabi/14.3.1/../../../../arm-none-eabi/lib/thumb/v7e-m+fp/hard\libc_nano.a(libc_a-lock.o)
                0x0800abf0                __retarget_lock_init_recursive
 .text.__retarget_lock_acquire_recursive
                0x0800abf2        0x2 C:/ST/STM32CubeIDE_2.1.1/STM32CubeIDE/plugins/com.st.stm32cube.ide.mcu.externaltools.gnu-tools-for-stm32.14.3.rel1.win32_1.0.100.202602081740/tools/bin/../lib/gcc/arm-none-eabi/14.3.1/../../../../arm-none-eabi/lib/thumb/v7e-m+fp/hard\libc_nano.a(libc_a-lock.o)
                0x0800abf2                __retarget_lock_acquire_recursive
 .text.__retarget_lock_release_recursive
                0x0800abf4        0x2 C:/ST/STM32CubeIDE_2.1.1/STM32CubeIDE/plugins/com.st.stm32cube.ide.mcu.externaltools.gnu-tools-for-stm32.14.3.rel1.win32_1.0.100.202602081740/tools/bin/../lib/gcc/arm-none-eabi/14.3.1/../../../../arm-none-eabi/lib/thumb/v7e-m+fp/hard\libc_nano.a(libc_a-lock.o)
                0x0800abf4                __retarget_lock_release_recursive
 .text.memcpy   0x0800abf6       0x1c C:/ST/STM32CubeIDE_2.1.1/STM32CubeIDE/plugins/com.st.stm32cube.ide.mcu.externaltools.gnu-tools-for-stm32.14.3.rel1.win32_1.0.100.202602081740/tools/bin/../lib/gcc/arm-none-eabi/14.3.1/../../../../arm-none-eabi/lib/thumb/v7e-m+fp/hard\libc_nano.a(libc_a-memcpy-stub.o)
                0x0800abf6                memcpy
 *fill*         0x0800ac12        0x2 
 .text._free_r  0x0800ac14       0x94 C:/ST/STM32CubeIDE_2.1.1/STM32CubeIDE/plugins/com.st.stm32cube.ide.mcu.externaltools.gnu-tools-for-stm32.14.3.rel1.win32_1.0.100.202602081740/tools/bin/../lib/gcc/arm-none-eabi/14.3.1/../../../../arm-none-eabi/lib/thumb/v7e-m+fp/hard\libc_nano.a(libc_a-freer.o)
                0x0800ac14                _free_r
 .text.sbrk_aligned
                0x0800aca8       0x44 C:/ST/STM32CubeIDE_2.1.1/STM32CubeIDE/plugins/com.st.stm32cube.ide.mcu.externaltools.gnu-tools-for-stm32.14.3.rel1.win32_1.0.100.202602081740/tools/bin/../lib/gcc/arm-none-eabi/14.3.1/../../../../arm-none-eabi/lib/thumb/v7e-m+fp/hard\libc_nano.a(libc_a-mallocr.o)
 .text._malloc_r
                0x0800acec      0x100 C:/ST/STM32CubeIDE_2.1.1/STM32CubeIDE/plugins/com.st.stm32cube.ide.mcu.externaltools.gnu-tools-for-stm32.14.3.rel1.win32_1.0.100.202602081740/tools/bin/../lib/gcc/arm-none-eabi/14.3.1/../../../../arm-none-eabi/lib/thumb/v7e-m+fp/hard\libc_nano.a(libc_a-mallocr.o)
                0x0800acec                _malloc_r
 .text.__malloc_lock
                0x0800adec        0xc C:/ST/STM32CubeIDE_2.1.1/STM32CubeIDE/plugins/com.st.stm32cube.ide.mcu.externaltools.gnu-tools-for-stm32.14.3.rel1.win32_1.0.100.202602081740/tools/bin/../lib/gcc/arm-none-eabi/14.3.1/../../../../arm-none-eabi/lib/thumb/v7e-m+fp/hard\libc_nano.a(libc_a-mlock.o)
                0x0800adec                __malloc_lock
 .text.__malloc_unlock
                0x0800adf8        0xc C:/ST/STM32CubeIDE_2.1.1/STM32CubeIDE/plugins/com.st.stm32cube.ide.mcu.externaltools.gnu-tools-for-stm32.14.3.rel1.win32_1.0.100.202602081740/tools/bin/../lib/gcc/arm-none-eabi/14.3.1/../../../../arm-none-eabi/lib/thumb/v7e-m+fp/hard\libc_nano.a(libc_a-mlock.o)
                0x0800adf8                __malloc_unlock
 .text.__ssputs_r
                0x0800ae04       0xc0 C:/ST/STM32CubeIDE_2.1.1/STM32CubeIDE/plugins/com.st.stm32cube.ide.mcu.externaltools.gnu-tools-for-stm32.14.3.rel1.win32_1.0.100.202602081740/tools/bin/../lib/gcc/arm-none-eabi/14.3.1/../../../../arm-none-eabi/lib/thumb/v7e-m+fp/hard\libc_nano.a(libc_a-nano-svfprintf.o)
                0x0800ae04                __ssputs_r
 .text._svfprintf_r
                0x0800aec4      0x1f0 C:/ST/STM32CubeIDE_2.1.1/STM32CubeIDE/plugins/com.st.stm32cube.ide.mcu.externaltools.gnu-tools-for-stm32.14.3.rel1.win32_1.0.100.202602081740/tools/bin/../lib/gcc/arm-none-eabi/14.3.1/../../../../arm-none-eabi/lib/thumb/v7e-m+fp/hard\libc_nano.a(libc_a-nano-svfprintf.o)
                0x0800aec4                _svfiprintf_r
                0x0800aec4                _svfprintf_r
 .text.__sfputc_r
                0x0800b0b4       0x2e C:/ST/STM32CubeIDE_2.1.1/STM32CubeIDE/plugins/com.st.stm32cube.ide.mcu.externaltools.gnu-tools-for-stm32.14.3.rel1.win32_1.0.100.202602081740/tools/bin/../lib/gcc/arm-none-eabi/14.3.1/../../../../arm-none-eabi/lib/thumb/v7e-m+fp/hard\libc_nano.a(libc_a-nano-vfprintf.o)
 .text.__sfputs_r
                0x0800b0e2       0x24 C:/ST/STM32CubeIDE_2.1.1/STM32CubeIDE/plugins/com.st.stm32cube.ide.mcu.externaltools.gnu-tools-for-stm32.14.3.rel1.win32_1.0.100.202602081740/tools/bin/../lib/gcc/arm-none-eabi/14.3.1/../../../../arm-none-eabi/lib/thumb/v7e-m+fp/hard\libc_nano.a(libc_a-nano-vfprintf.o)
                0x0800b0e2                __sfputs_r
 *fill*         0x0800b106        0x2 
 .text._vfprintf_r
                0x0800b108      0x228 C:/ST/STM32CubeIDE_2.1.1/STM32CubeIDE/plugins/com.st.stm32cube.ide.mcu.externaltools.gnu-tools-for-stm32.14.3.rel1.win32_1.0.100.202602081740/tools/bin/../lib/gcc/arm-none-eabi/14.3.1/../../../../arm-none-eabi/lib/thumb/v7e-m+fp/hard\libc_nano.a(libc_a-nano-vfprintf.o)
                0x0800b108                _vfprintf_r
                0x0800b108                _vfiprintf_r
 .text._printf_common
                0x0800b330       0xda C:/ST/STM32CubeIDE_2.1.1/STM32CubeIDE/plugins/com.st.stm32cube.ide.mcu.externaltools.gnu-tools-for-stm32.14.3.rel1.win32_1.0.100.202602081740/tools/bin/../lib/gcc/arm-none-eabi/14.3.1/../../../../arm-none-eabi/lib/thumb/v7e-m+fp/hard\libc_nano.a(libc_a-nano-vfprintf_i.o)
                0x0800b330                _printf_common
 *fill*         0x0800b40a        0x2 
 .text._printf_i
                0x0800b40c      0x24c C:/ST/STM32CubeIDE_2.1.1/STM32CubeIDE/plugins/com.st.stm32cube.ide.mcu.externaltools.gnu-tools-for-stm32.14.3.rel1.win32_1.0.100.202602081740/tools/bin/../lib/gcc/arm-none-eabi/14.3.1/../../../../arm-none-eabi/lib/thumb/v7e-m+fp/hard\libc_nano.a(libc_a-nano-vfprintf_i.o)
                0x0800b40c                _printf_i
 .text.__sflush_r
                0x0800b658      0x104 C:/ST/STM32CubeIDE_2.1.1/STM32CubeIDE/plugins/com.st.stm32cube.ide.mcu.externaltools.gnu-tools-for-stm32.14.3.rel1.win32_1.0.100.202602081740/tools/bin/../lib/gcc/arm-none-eabi/14.3.1/../../../../arm-none-eabi/lib/thumb/v7e-m+fp/hard\libc_nano.a(libc_a-fflush.o)
                0x0800b658                __sflush_r
 .text._fflush_r
                0x0800b75c       0x50 C:/ST/STM32CubeIDE_2.1.1/STM32CubeIDE/plugins/com.st.stm32cube.ide.mcu.externaltools.gnu-tools-for-stm32.14.3.rel1.win32_1.0.100.202602081740/tools/bin/../lib/gcc/arm-none-eabi/14.3.1/../../../../arm-none-eabi/lib/thumb/v7e-m+fp/hard\libc_nano.a(libc_a-fflush.o)
                0x0800b75c                _fflush_r
 .text.__swbuf_r
                0x0800b7ac       0x7c C:/ST/STM32CubeIDE_2.1.1/STM32CubeIDE/plugins/com.st.stm32cube.ide.mcu.externaltools.gnu-tools-for-stm32.14.3.rel1.win32_1.0.100.202602081740/tools/bin/../lib/gcc/arm-none-eabi/14.3.1/../../../../arm-none-eabi/lib/thumb/v7e-m+fp/hard\libc_nano.a(libc_a-wbuf.o)
                0x0800b7ac                __swbuf_r
 .text.__swsetup_r
                0x0800b828       0xa8 C:/ST/STM32CubeIDE_2.1.1/STM32CubeIDE/plugins/com.st.stm32cube.ide.mcu.externaltools.gnu-tools-for-stm32.14.3.rel1.win32_1.0.100.202602081740/tools/bin/../lib/gcc/arm-none-eabi/14.3.1/../../../../arm-none-eabi/lib/thumb/v7e-m+fp/hard\libc_nano.a(libc_a-wsetup.o)
                0x0800b828                __swsetup_r
 .text.memmove  0x0800b8d0       0x32 C:/ST/STM32CubeIDE_2.1.1/STM32CubeIDE/plugins/com.st.stm32cube.ide.mcu.externaltools.gnu-tools-for-stm32.14.3.rel1.win32_1.0.100.202602081740/tools/bin/../lib/gcc/arm-none-eabi/14.3.1/../../../../arm-none-eabi/lib/thumb/v7e-m+fp/hard\libc_nano.a(libc_a-memmove.o)
                0x0800b8d0                memmove
 *fill*         0x0800b902        0x2 
 .text._sbrk_r  0x0800b904       0x20 C:/ST/STM32CubeIDE_2.1.1/STM32CubeIDE/plugins/com.st.stm32cube.ide.mcu.externaltools.gnu-tools-for-stm32.14.3.rel1.win32_1.0.100.202602081740/tools/bin/../lib/gcc/arm-none-eabi/14.3.1/../../../../arm-none-eabi/lib/thumb/v7e-m+fp/hard\libc_nano.a(libc_a-sbrkr.o)
                0x0800b904                _sbrk_r
 .text._realloc_r
                0x0800b924       0x5c C:/ST/STM32CubeIDE_2.1.1/STM32CubeIDE/plugins/com.st.stm32cube.ide.mcu.externaltools.gnu-tools-for-stm32.14.3.rel1.win32_1.0.100.202602081740/tools/bin/../lib/gcc/arm-none-eabi/14.3.1/../../../../arm-none-eabi/lib/thumb/v7e-m+fp/hard\libc_nano.a(libc_a-reallocr.o)
                0x0800b924                _realloc_r
 .text.__swhatbuf_r
                0x0800b980       0x48 C:/ST/STM32CubeIDE_2.1.1/STM32CubeIDE/plugins/com.st.stm32cube.ide.mcu.externaltools.gnu-tools-for-stm32.14.3.rel1.win32_1.0.100.202602081740/tools/bin/../lib/gcc/arm-none-eabi/14.3.1/../../../../arm-none-eabi/lib/thumb/v7e-m+fp/hard\libc_nano.a(libc_a-makebuf.o)
                0x0800b980                __swhatbuf_r
 .text.__smakebuf_r
                0x0800b9c8       0x72 C:/ST/STM32CubeIDE_2.1.1/STM32CubeIDE/plugins/com.st.stm32cube.ide.mcu.externaltools.gnu-tools-for-stm32.14.3.rel1.win32_1.0.100.202602081740/tools/bin/../lib/gcc/arm-none-eabi/14.3.1/../../../../arm-none-eabi/lib/thumb/v7e-m+fp/hard\libc_nano.a(libc_a-makebuf.o)
                0x0800b9c8                __smakebuf_r
 *fill*         0x0800ba3a        0x2 
 .text._fstat_r
                0x0800ba3c       0x24 C:/ST/STM32CubeIDE_2.1.1/STM32CubeIDE/plugins/com.st.stm32cube.ide.mcu.externaltools.gnu-tools-for-stm32.14.3.rel1.win32_1.0.100.202602081740/tools/bin/../lib/gcc/arm-none-eabi/14.3.1/../../../../arm-none-eabi/lib/thumb/v7e-m+fp/hard\libc_nano.a(libc_a-fstatr.o)
                0x0800ba3c                _fstat_r
 .text._isatty_r
                0x0800ba60       0x20 C:/ST/STM32CubeIDE_2.1.1/STM32CubeIDE/plugins/com.st.stm32cube.ide.mcu.externaltools.gnu-tools-for-stm32.14.3.rel1.win32_1.0.100.202602081740/tools/bin/../lib/gcc/arm-none-eabi/14.3.1/../../../../arm-none-eabi/lib/thumb/v7e-m+fp/hard\libc_nano.a(libc_a-isattyr.o)
                0x0800ba60                _isatty_r
 .text._malloc_usable_size_r
                0x0800ba80       0x10 C:/ST/STM32CubeIDE_2.1.1/STM32CubeIDE/plugins/com.st.stm32cube.ide.mcu.externaltools.gnu-tools-for-stm32.14.3.rel1.win32_1.0.100.202602081740/tools/bin/../lib/gcc/arm-none-eabi/14.3.1/../../../../arm-none-eabi/lib/thumb/v7e-m+fp/hard\libc_nano.a(libc_a-msizer.o)
                0x0800ba80                _malloc_usable_size_r
 *(.glue_7)
 .glue_7        0x0800ba90        0x0 linker stubs
 *(.glue_7t)
 .glue_7t       0x0800ba90        0x0 linker stubs
 *(.eh_frame)
 .eh_frame      0x0800ba90        0x0 C:/ST/STM32CubeIDE_2.1.1/STM32CubeIDE/plugins/com.st.stm32cube.ide.mcu.externaltools.gnu-tools-for-stm32.14.3.rel1.win32_1.0.100.202602081740/tools/bin/../lib/gcc/arm-none-eabi/14.3.1/thumb/v7e-m+fp/hard/crtbegin.o
 *(.init)
 .init          0x0800ba90        0x4 C:/ST/STM32CubeIDE_2.1.1/STM32CubeIDE/plugins/com.st.stm32cube.ide.mcu.externaltools.gnu-tools-for-stm32.14.3.rel1.win32_1.0.100.202602081740/tools/bin/../lib/gcc/arm-none-eabi/14.3.1/thumb/v7e-m+fp/hard/crti.o
                0x0800ba90                _init
 .init          0x0800ba94        0x8 C:/ST/STM32CubeIDE_2.1.1/STM32CubeIDE/plugins/com.st.stm32cube.ide.mcu.externaltools.gnu-tools-for-stm32.14.3.rel1.win32_1.0.100.202602081740/tools/bin/../lib/gcc/arm-none-eabi/14.3.1/thumb/v7e-m+fp/hard/crtn.o
 *(.fini)
 .fini          0x0800ba9c        0x4 C:/ST/STM32CubeIDE_2.1.1/STM32CubeIDE/plugins/com.st.stm32cube.ide.mcu.externaltools.gnu-tools-for-stm32.14.3.rel1.win32_1.0.100.202602081740/tools/bin/../lib/gcc/arm-none-eabi/14.3.1/thumb/v7e-m+fp/hard/crti.o
                0x0800ba9c                _fini
 .fini          0x0800baa0        0x8 C:/ST/STM32CubeIDE_2.1.1/STM32CubeIDE/plugins/com.st.stm32cube.ide.mcu.externaltools.gnu-tools-for-stm32.14.3.rel1.win32_1.0.100.202602081740/tools/bin/../lib/gcc/arm-none-eabi/14.3.1/thumb/v7e-m+fp/hard/crtn.o
                0x0800baa8                        . = ALIGN (0x4)
                0x0800baa8                        _etext = .

.vfp11_veneer   0x0800baa8        0x0
 .vfp11_veneer  0x0800baa8        0x0 linker stubs

.v4_bx          0x0800baa8        0x0
 .v4_bx         0x0800baa8        0x0 linker stubs

.iplt           0x0800baa8        0x0
 .iplt          0x0800baa8        0x0 C:/ST/STM32CubeIDE_2.1.1/STM32CubeIDE/plugins/com.st.stm32cube.ide.mcu.externaltools.gnu-tools-for-stm32.14.3.rel1.win32_1.0.100.202602081740/tools/bin/../lib/gcc/arm-none-eabi/14.3.1/thumb/v7e-m+fp/hard/crtbegin.o

.rodata         0x0800baa8      0x4d4
                0x0800baa8                        . = ALIGN (0x4)
 *(.rodata)
 .rodata        0x0800baa8      0x184 ./Core/Src/main.o
 .rodata        0x0800bc2c        0x5 ./Middlewares/Third_Party/FreeRTOS/Source/tasks.o
 *fill*         0x0800bc31        0x3 
 .rodata        0x0800bc34        0xd ./Middlewares/Third_Party/FreeRTOS/Source/timers.o
 *(.rodata*)
 *fill*         0x0800bc41        0x3 
 .rodata.HandleUartRxCmdTask_attributes
                0x0800bc44       0x24 ./Core/Src/main.o
                0x0800bc44                HandleUartRxCmdTask_attributes
 .rodata.StepperMotorControlTask_attributes
                0x0800bc68       0x24 ./Core/Src/main.o
                0x0800bc68                StepperMotorControlTask_attributes
 .rodata.DynamicMotorControlTask_attributes
                0x0800bc8c       0x24 ./Core/Src/main.o
                0x0800bc8c                DynamicMotorControlTask_attributes
 .rodata.HeaterControlTask_attributes
                0x0800bcb0       0x24 ./Core/Src/main.o
                0x0800bcb0                HeaterControlTask_attributes
 .rodata.DataAcquisitionTask_attributes
                0x0800bcd4       0x24 ./Core/Src/main.o
                0x0800bcd4                DataAcquisitionTask_attributes
 .rodata.ServoMotorControlTask_attributes
                0x0800bcf8       0x24 ./Core/Src/main.o
                0x0800bcf8                ServoMotorControlTask_attributes
 .rodata.EncoderTask_attributes
                0x0800bd1c       0x24 ./Core/Src/main.o
                0x0800bd1c                EncoderTask_attributes
 .rodata.uartRxMessageQueue_attributes
                0x0800bd40       0x18 ./Core/Src/main.o
                0x0800bd40                uartRxMessageQueue_attributes
 .rodata.stepperMotorQueue_attributes
                0x0800bd58       0x18 ./Core/Src/main.o
                0x0800bd58                stepperMotorQueue_attributes
 .rodata.dynamicMotorQueue_attributes
                0x0800bd70       0x18 ./Core/Src/main.o
                0x0800bd70                dynamicMotorQueue_attributes
 .rodata.heaterQueue_attributes
                0x0800bd88       0x18 ./Core/Src/main.o
                0x0800bd88                heaterQueue_attributes
 .rodata.dataReadQueue_attributes
                0x0800bda0       0x18 ./Core/Src/main.o
                0x0800bda0                dataReadQueue_attributes
 .rodata.servoMotorQueue_attributes
                0x0800bdb8       0x18 ./Core/Src/main.o
                0x0800bdb8                servoMotorQueue_attributes
 .rodata.encoderQueue_attributes
                0x0800bdd0       0x18 ./Core/Src/main.o
                0x0800bdd0                encoderQueue_attributes
 .rodata.uartMutex_attributes
                0x0800bde8       0x10 ./Core/Src/main.o
                0x0800bde8                uartMutex_attributes
 .rodata.s3_increment_table.0
                0x0800bdf8       0x18 ./Core/Src/main.o
 .rodata.SERVO_CfgParam
                0x0800be10       0x20 ./Core/Src/servo_cfg.o
                0x0800be10                SERVO_CfgParam
 .rodata.AHBPrescTable
                0x0800be30       0x10 ./Core/Src/system_stm32f4xx.o
                0x0800be30                AHBPrescTable
 .rodata.APBPrescTable
                0x0800be40        0x8 ./Core/Src/system_stm32f4xx.o
                0x0800be40                APBPrescTable
 .rodata._ctype_
                0x0800be48      0x101 C:/ST/STM32CubeIDE_2.1.1/STM32CubeIDE/plugins/com.st.stm32cube.ide.mcu.externaltools.gnu-tools-for-stm32.14.3.rel1.win32_1.0.100.202602081740/tools/bin/../lib/gcc/arm-none-eabi/14.3.1/../../../../arm-none-eabi/lib/thumb/v7e-m+fp/hard\libc_nano.a(libc_a-ctype_.o)
                0x0800be48                _ctype_
 .rodata._svfprintf_r.str1.1
                0x0800bf49       0x33 C:/ST/STM32CubeIDE_2.1.1/STM32CubeIDE/plugins/com.st.stm32cube.ide.mcu.externaltools.gnu-tools-for-stm32.14.3.rel1.win32_1.0.100.202602081740/tools/bin/../lib/gcc/arm-none-eabi/14.3.1/../../../../arm-none-eabi/lib/thumb/v7e-m+fp/hard\libc_nano.a(libc_a-nano-svfprintf.o)
                                 0x11 (size before relaxing)
 .rodata._vfprintf_r.str1.1
                0x0800bf7c       0x11 C:/ST/STM32CubeIDE_2.1.1/STM32CubeIDE/plugins/com.st.stm32cube.ide.mcu.externaltools.gnu-tools-for-stm32.14.3.rel1.win32_1.0.100.202602081740/tools/bin/../lib/gcc/arm-none-eabi/14.3.1/../../../../arm-none-eabi/lib/thumb/v7e-m+fp/hard\libc_nano.a(libc_a-nano-vfprintf.o)
 .rodata._printf_i.str1.1
                0x0800bf7c       0x22 C:/ST/STM32CubeIDE_2.1.1/STM32CubeIDE/plugins/com.st.stm32cube.ide.mcu.externaltools.gnu-tools-for-stm32.14.3.rel1.win32_1.0.100.202602081740/tools/bin/../lib/gcc/arm-none-eabi/14.3.1/../../../../arm-none-eabi/lib/thumb/v7e-m+fp/hard\libc_nano.a(libc_a-nano-vfprintf_i.o)
                0x0800bfa0                        . = ALIGN (0x4)

.ARM.extab      0x0800bf7c        0x0
                0x0800bf7c                        . = ALIGN (0x4)
 *(.ARM.extab* .gnu.linkonce.armextab.*)
                0x0800bf7c                        . = ALIGN (0x4)

.ARM            0x0800bf7c        0x8
                0x0800bf7c                        . = ALIGN (0x4)
                0x0800bf7c                        __exidx_start = .
 *(.ARM.exidx*)
 .ARM.exidx     0x0800bf7c        0x8 C:/ST/STM32CubeIDE_2.1.1/STM32CubeIDE/plugins/com.st.stm32cube.ide.mcu.externaltools.gnu-tools-for-stm32.14.3.rel1.win32_1.0.100.202602081740/tools/bin/../lib/gcc/arm-none-eabi/14.3.1/../../../../arm-none-eabi/lib/thumb/v7e-m+fp/hard\libc_nano.a(libc_a-strcmp.o)
 .ARM.exidx     0x0800bf84        0x0 C:/ST/STM32CubeIDE_2.1.1/STM32CubeIDE/plugins/com.st.stm32cube.ide.mcu.externaltools.gnu-tools-for-stm32.14.3.rel1.win32_1.0.100.202602081740/tools/bin/../lib/gcc/arm-none-eabi/14.3.1/../../../../arm-none-eabi/lib/thumb/v7e-m+fp/hard\libc_nano.a(libc_a-strlen.o)
                                  0x8 (size before relaxing)
 .ARM.exidx     0x0800bf84        0x0 C:/ST/STM32CubeIDE_2.1.1/STM32CubeIDE/plugins/com.st.stm32cube.ide.mcu.externaltools.gnu-tools-for-stm32.14.3.rel1.win32_1.0.100.202602081740/tools/bin/../lib/gcc/arm-none-eabi/14.3.1/../../../../arm-none-eabi/lib/thumb/v7e-m+fp/hard\libc_nano.a(libc_a-memchr.o)
                                  0x8 (size before relaxing)
 .ARM.exidx     0x0800bf84        0x0 C:/ST/STM32CubeIDE_2.1.1/STM32CubeIDE/plugins/com.st.stm32cube.ide.mcu.externaltools.gnu-tools-for-stm32.14.3.rel1.win32_1.0.100.202602081740/tools/bin/../lib/gcc/arm-none-eabi/14.3.1/thumb/v7e-m+fp/hard\libgcc.a(_udivmoddi4.o)
                                  0x8 (size before relaxing)
                0x0800bf84                        __exidx_end = .
                0x0800bf84                        . = ALIGN (0x4)

.preinit_array  0x0800bf84        0x0
                0x0800bf84                        . = ALIGN (0x4)
                0x0800bf84                        PROVIDE (__preinit_array_start = .)
 *(.preinit_array*)
                0x0800bf84                        PROVIDE (__preinit_array_end = .)
                0x0800bf84                        . = ALIGN (0x4)

.init_array     0x0800bf84        0x4
                0x0800bf84                        . = ALIGN (0x4)
                0x0800bf84                        PROVIDE (__init_array_start = .)
 *(SORT_BY_NAME(.init_array.*))
 *(.init_array*)
 .init_array    0x0800bf84        0x4 C:/ST/STM32CubeIDE_2.1.1/STM32CubeIDE/plugins/com.st.stm32cube.ide.mcu.externaltools.gnu-tools-for-stm32.14.3.rel1.win32_1.0.100.202602081740/tools/bin/../lib/gcc/arm-none-eabi/14.3.1/thumb/v7e-m+fp/hard/crtbegin.o
                0x0800bf88                        PROVIDE (__init_array_end = .)
                0x0800bf88                        . = ALIGN (0x4)

.fini_array     0x0800bf88        0x4
                0x0800bf88                        . = ALIGN (0x4)
                [!provide]                        PROVIDE (__fini_array_start = .)
 *(SORT_BY_NAME(.fini_array.*))
 *(.fini_array*)
 .fini_array    0x0800bf88        0x4 C:/ST/STM32CubeIDE_2.1.1/STM32CubeIDE/plugins/com.st.stm32cube.ide.mcu.externaltools.gnu-tools-for-stm32.14.3.rel1.win32_1.0.100.202602081740/tools/bin/../lib/gcc/arm-none-eabi/14.3.1/thumb/v7e-m+fp/hard/crtbegin.o
                [!provide]                        PROVIDE (__fini_array_end = .)
                0x0800bf8c                        . = ALIGN (0x4)
                0x0800bf8c                        _sidata = LOADADDR (.data)

.rel.dyn        0x0800bf8c        0x0
 .rel.iplt      0x0800bf8c        0x0 C:/ST/STM32CubeIDE_2.1.1/STM32CubeIDE/plugins/com.st.stm32cube.ide.mcu.externaltools.gnu-tools-for-stm32.14.3.rel1.win32_1.0.100.202602081740/tools/bin/../lib/gcc/arm-none-eabi/14.3.1/thumb/v7e-m+fp/hard/crtbegin.o

.data           0x20000000       0x6c load address 0x0800bf8c
                0x20000000                        . = ALIGN (0x4)
                0x20000000                        _sdata = .
 *(.data)
 *(.data*)
 .data.SystemCoreClock
                0x20000000        0x4 ./Core/Src/system_stm32f4xx.o
                0x20000000                SystemCoreClock
 .data.uwTickPrio
                0x20000004        0x4 ./Drivers/STM32F4xx_HAL_Driver/Src/stm32f4xx_hal.o
                0x20000004                uwTickPrio
 .data.uwTickFreq
                0x20000008        0x1 ./Drivers/STM32F4xx_HAL_Driver/Src/stm32f4xx_hal.o
                0x20000008                uwTickFreq
 *fill*         0x20000009        0x3 
 .data.uxCriticalNesting
                0x2000000c        0x4 ./Middlewares/Third_Party/FreeRTOS/Source/portable/GCC/ARM_CM4F/port.o
 .data.__sglue  0x20000010        0xc C:/ST/STM32CubeIDE_2.1.1/STM32CubeIDE/plugins/com.st.stm32cube.ide.mcu.externaltools.gnu-tools-for-stm32.14.3.rel1.win32_1.0.100.202602081740/tools/bin/../lib/gcc/arm-none-eabi/14.3.1/../../../../arm-none-eabi/lib/thumb/v7e-m+fp/hard\libc_nano.a(libc_a-findfp.o)
                0x20000010                __sglue
 .data._impure_ptr
                0x2000001c        0x4 C:/ST/STM32CubeIDE_2.1.1/STM32CubeIDE/plugins/com.st.stm32cube.ide.mcu.externaltools.gnu-tools-for-stm32.14.3.rel1.win32_1.0.100.202602081740/tools/bin/../lib/gcc/arm-none-eabi/14.3.1/../../../../arm-none-eabi/lib/thumb/v7e-m+fp/hard\libc_nano.a(libc_a-impure.o)
                0x2000001c                _impure_ptr
 .data._impure_data
                0x20000020       0x4c C:/ST/STM32CubeIDE_2.1.1/STM32CubeIDE/plugins/com.st.stm32cube.ide.mcu.externaltools.gnu-tools-for-stm32.14.3.rel1.win32_1.0.100.202602081740/tools/bin/../lib/gcc/arm-none-eabi/14.3.1/../../../../arm-none-eabi/lib/thumb/v7e-m+fp/hard\libc_nano.a(libc_a-impure.o)
                0x20000020                _impure_data
 *(.RamFunc)
 *(.RamFunc*)
                0x2000006c                        . = ALIGN (0x4)
                0x2000006c                        _edata = .

.igot.plt       0x2000006c        0x0 load address 0x0800bff8
 .igot.plt      0x2000006c        0x0 C:/ST/STM32CubeIDE_2.1.1/STM32CubeIDE/plugins/com.st.stm32cube.ide.mcu.externaltools.gnu-tools-for-stm32.14.3.rel1.win32_1.0.100.202602081740/tools/bin/../lib/gcc/arm-none-eabi/14.3.1/thumb/v7e-m+fp/hard/crtbegin.o
                0x2000006c                        . = ALIGN (0x4)

.bss            0x2000006c     0x86bc load address 0x0800bff8
                0x2000006c                        _sbss = .
                0x2000006c                        __bss_start__ = _sbss
 *(.bss)
 .bss           0x2000006c       0x1c C:/ST/STM32CubeIDE_2.1.1/STM32CubeIDE/plugins/com.st.stm32cube.ide.mcu.externaltools.gnu-tools-for-stm32.14.3.rel1.win32_1.0.100.202602081740/tools/bin/../lib/gcc/arm-none-eabi/14.3.1/thumb/v7e-m+fp/hard/crtbegin.o
 *(.bss*)
 .bss.last_count.0
                0x20000088        0x4 ./Core/Src/encoder.o
 .bss.hspi1     0x2000008c       0x58 ./Core/Src/main.o
                0x2000008c                hspi1
 .bss.htim2     0x200000e4       0x48 ./Core/Src/main.o
                0x200000e4                htim2
 .bss.htim3     0x2000012c       0x48 ./Core/Src/main.o
                0x2000012c                htim3
 .bss.htim4     0x20000174       0x48 ./Core/Src/main.o
                0x20000174                htim4
 .bss.htim10    0x200001bc       0x48 ./Core/Src/main.o
                0x200001bc                htim10
 .bss.huart2    0x20000204       0x48 ./Core/Src/main.o
                0x20000204                huart2
 .bss.HandleUartRxCmdTaskHandle
                0x2000024c        0x4 ./Core/Src/main.o
                0x2000024c                HandleUartRxCmdTaskHandle
 .bss.StepperMotorControlTaskHandle
                0x20000250        0x4 ./Core/Src/main.o
                0x20000250                StepperMotorControlTaskHandle
 .bss.DynamicMotorControlTaskHandle
                0x20000254        0x4 ./Core/Src/main.o
                0x20000254                DynamicMotorControlTaskHandle
 .bss.HeaterControlTaskHandle
                0x20000258        0x4 ./Core/Src/main.o
                0x20000258                HeaterControlTaskHandle
 .bss.DataAcquisitionTaskHandle
                0x2000025c        0x4 ./Core/Src/main.o
                0x2000025c                DataAcquisitionTaskHandle
 .bss.ServoMotorControlTaskHandle
                0x20000260        0x4 ./Core/Src/main.o
                0x20000260                ServoMotorControlTaskHandle
 .bss.EncoderTaskHandle
                0x20000264        0x4 ./Core/Src/main.o
                0x20000264                EncoderTaskHandle
 .bss.uartRxMessageQueueHandle
                0x20000268        0x4 ./Core/Src/main.o
                0x20000268                uartRxMessageQueueHandle
 .bss.stepperMotorQueueHandle
                0x2000026c        0x4 ./Core/Src/main.o
                0x2000026c                stepperMotorQueueHandle
 .bss.dynamicMotorQueueHandle
                0x20000270        0x4 ./Core/Src/main.o
                0x20000270                dynamicMotorQueueHandle
 .bss.heaterQueueHandle
                0x20000274        0x4 ./Core/Src/main.o
                0x20000274                heaterQueueHandle
 .bss.dataReadQueueHandle
                0x20000278        0x4 ./Core/Src/main.o
                0x20000278                dataReadQueueHandle
 .bss.servoMotorQueueHandle
                0x2000027c        0x4 ./Core/Src/main.o
                0x2000027c                servoMotorQueueHandle
 .bss.encoderQueueHandle
                0x20000280        0x4 ./Core/Src/main.o
                0x20000280                encoderQueueHandle
 .bss.uartMutexHandle
                0x20000284        0x4 ./Core/Src/main.o
                0x20000284                uartMutexHandle
 .bss.gs_SERVO_info
                0x20000288        0x4 ./Core/Src/servo.o
 .bss.htim.0    0x2000028c       0x48 ./Core/Src/servo.o
 .bss.htim5     0x200002d4       0x48 ./Core/Src/stm32f4xx_hal_timebase_tim.o
                0x200002d4                htim5
 .bss.__sbrk_heap_end
                0x2000031c        0x4 ./Core/Src/sysmem.o
 .bss.uart_handle
                0x20000320        0x4 ./Core/Src/uart.o
 .bss.rx_byte   0x20000324        0x1 ./Core/Src/uart.o
 .bss.rx_indx.1
                0x20000325        0x1 ./Core/Src/uart.o
 *fill*         0x20000326        0x2 
 .bss.rx_buffer_local.0
                0x20000328       0x10 ./Core/Src/uart.o
 .bss.uwTick    0x20000338        0x4 ./Drivers/STM32F4xx_HAL_Driver/Src/stm32f4xx_hal.o
                0x20000338                uwTick
 .bss.KernelState
                0x2000033c        0x4 ./Middlewares/Third_Party/FreeRTOS/Source/CMSIS_RTOS_V2/cmsis_os2.o
 .bss.Idle_TCB.3
                0x20000340       0x6c ./Middlewares/Third_Party/FreeRTOS/Source/CMSIS_RTOS_V2/cmsis_os2.o
 .bss.Idle_Stack.2
                0x200003ac      0x200 ./Middlewares/Third_Party/FreeRTOS/Source/CMSIS_RTOS_V2/cmsis_os2.o
 .bss.Timer_TCB.1
                0x200005ac       0x6c ./Middlewares/Third_Party/FreeRTOS/Source/CMSIS_RTOS_V2/cmsis_os2.o
 .bss.Timer_Stack.0
                0x20000618      0x400 ./Middlewares/Third_Party/FreeRTOS/Source/CMSIS_RTOS_V2/cmsis_os2.o
 .bss.xQueueRegistry
                0x20000a18       0x40 ./Middlewares/Third_Party/FreeRTOS/Source/queue.o
                0x20000a18                xQueueRegistry
 .bss.pxCurrentTCB
                0x20000a58        0x4 ./Middlewares/Third_Party/FreeRTOS/Source/tasks.o
                0x20000a58                pxCurrentTCB
 .bss.pxReadyTasksLists
                0x20000a5c      0x460 ./Middlewares/Third_Party/FreeRTOS/Source/tasks.o
 .bss.xDelayedTaskList1
                0x20000ebc       0x14 ./Middlewares/Third_Party/FreeRTOS/Source/tasks.o
 .bss.xDelayedTaskList2
                0x20000ed0       0x14 ./Middlewares/Third_Party/FreeRTOS/Source/tasks.o
 .bss.pxDelayedTaskList
                0x20000ee4        0x4 ./Middlewares/Third_Party/FreeRTOS/Source/tasks.o
 .bss.pxOverflowDelayedTaskList
                0x20000ee8        0x4 ./Middlewares/Third_Party/FreeRTOS/Source/tasks.o
 .bss.xPendingReadyList
                0x20000eec       0x14 ./Middlewares/Third_Party/FreeRTOS/Source/tasks.o
 .bss.xTasksWaitingTermination
                0x20000f00       0x14 ./Middlewares/Third_Party/FreeRTOS/Source/tasks.o
 .bss.uxDeletedTasksWaitingCleanUp
                0x20000f14        0x4 ./Middlewares/Third_Party/FreeRTOS/Source/tasks.o
 .bss.xSuspendedTaskList
                0x20000f18       0x14 ./Middlewares/Third_Party/FreeRTOS/Source/tasks.o
 .bss.uxCurrentNumberOfTasks
                0x20000f2c        0x4 ./Middlewares/Third_Party/FreeRTOS/Source/tasks.o
 .bss.xTickCount
                0x20000f30        0x4 ./Middlewares/Third_Party/FreeRTOS/Source/tasks.o
 .bss.uxTopReadyPriority
                0x20000f34        0x4 ./Middlewares/Third_Party/FreeRTOS/Source/tasks.o
 .bss.xSchedulerRunning
                0x20000f38        0x4 ./Middlewares/Third_Party/FreeRTOS/Source/tasks.o
 .bss.xPendedTicks
                0x20000f3c        0x4 ./Middlewares/Third_Party/FreeRTOS/Source/tasks.o
 .bss.xYieldPending
                0x20000f40        0x4 ./Middlewares/Third_Party/FreeRTOS/Source/tasks.o
 .bss.xNumOfOverflows
                0x20000f44        0x4 ./Middlewares/Third_Party/FreeRTOS/Source/tasks.o
 .bss.uxTaskNumber
                0x20000f48        0x4 ./Middlewares/Third_Party/FreeRTOS/Source/tasks.o
 .bss.xNextTaskUnblockTime
                0x20000f4c        0x4 ./Middlewares/Third_Party/FreeRTOS/Source/tasks.o
 .bss.xIdleTaskHandle
                0x20000f50        0x4 ./Middlewares/Third_Party/FreeRTOS/Source/tasks.o
 .bss.uxSchedulerSuspended
                0x20000f54        0x4 ./Middlewares/Third_Party/FreeRTOS/Source/tasks.o
 .bss.xActiveTimerList1
                0x20000f58       0x14 ./Middlewares/Third_Party/FreeRTOS/Source/timers.o
 .bss.xActiveTimerList2
                0x20000f6c       0x14 ./Middlewares/Third_Party/FreeRTOS/Source/timers.o
 .bss.pxCurrentTimerList
                0x20000f80        0x4 ./Middlewares/Third_Party/FreeRTOS/Source/timers.o