../Core/Src/main.c:205:5:main	8	static
../Core/Src/main.c:338:6:SystemClock_Config	88	static
../Core/Src/main.c:380:13:MX_I2C3_Init	8	static
../Core/Src/main.c:414:13:MX_SPI1_Init	8	static
../Core/Src/main.c:452:13:MX_TIM2_Init	64	static
../Core/Src/main.c:511:13:MX_TIM3_Init	56	static
../Core/Src/main.c:560:13:MX_TIM4_Init	64	static
../Core/Src/main.c:619:13:MX_TIM10_Init	8	static
../Core/Src/main.c:650:13:MX_TIM11_Init	24	static
../Core/Src/main.c:695:13:MX_USART2_UART_Init	8	static
../Core/Src/main.c:728:13:MX_GPIO_Init	40	static
../Core/Src/main.c:786:19:queue_physical_action	24	static
../Core/Src/main.c:801:19:request_servo_action	24	static
../Core/Src/main.c:838:6:StartUartRxCmdTask	48	static
../Core/Src/main.c:948:6:StartStepperMotorTask	80	static
../Core/Src/main.c:1034:6:StartDynamicMotorTask	32	static
../Core/Src/main.c:1067:6:StartHeaterTask	24	static
../Core/Src/main.c:1098:6:StartDataAcquisitionTask	280	static
../Core/Src/main.c:1179:6:StartServoMotorTask	24	static
../Core/Src/main.c:1235:6:StartEncoderTask	104	static
../Core/Src/main.c:1269:6:HAL_TIM_PeriodElapsedCallback	16	static
../Core/Src/main.c:1287:6:Error_Handler	4	static,ignoring_inline_asm
