../Core/Src/main.c:204:5:main	8	static
../Core/Src/main.c:337:6:SystemClock_Config	88	static
../Core/Src/main.c:379:13:MX_I2C3_Init	8	static
../Core/Src/main.c:413:13:MX_SPI1_Init	8	static
../Core/Src/main.c:451:13:MX_TIM2_Init	64	static
../Core/Src/main.c:510:13:MX_TIM3_Init	56	static
../Core/Src/main.c:559:13:MX_TIM4_Init	64	static
../Core/Src/main.c:618:13:MX_TIM10_Init	8	static
../Core/Src/main.c:649:13:MX_TIM11_Init	24	static
../Core/Src/main.c:694:13:MX_USART2_UART_Init	8	static
../Core/Src/main.c:727:13:MX_GPIO_Init	40	static
../Core/Src/main.c:785:19:queue_physical_action	24	static
../Core/Src/main.c:800:19:request_servo_action	24	static
../Core/Src/main.c:837:6:StartUartRxCmdTask	48	static
../Core/Src/main.c:940:6:StartStepperMotorTask	80	static
../Core/Src/main.c:1012:6:StartDynamicMotorTask	32	static
../Core/Src/main.c:1045:6:StartHeaterTask	24	static
../Core/Src/main.c:1076:6:StartDataAcquisitionTask	280	static
../Core/Src/main.c:1157:6:StartServoMotorTask	24	static
../Core/Src/main.c:1213:6:StartEncoderTask	104	static
../Core/Src/main.c:1247:6:HAL_TIM_PeriodElapsedCallback	16	static
../Core/Src/main.c:1265:6:Error_Handler	4	static,ignoring_inline_asm
