../Core/Src/main.c:205:5:main	1
../Core/Src/main.c:338:6:SystemClock_Config	3
../Core/Src/main.c:380:13:MX_I2C3_Init	2
../Core/Src/main.c:414:13:MX_SPI1_Init	2
../Core/Src/main.c:452:13:MX_TIM2_Init	6
../Core/Src/main.c:511:13:MX_TIM3_Init	3
../Core/Src/main.c:560:13:MX_TIM4_Init	6
../Core/Src/main.c:619:13:MX_TIM10_Init	2
../Core/Src/main.c:650:13:MX_TIM11_Init	4
../Core/Src/main.c:695:13:MX_USART2_UART_Init	2
../Core/Src/main.c:728:13:MX_GPIO_Init	1
../Core/Src/main.c:786:19:queue_physical_action	1
../Core/Src/main.c:801:19:request_servo_action	4
../Core/Src/main.c:838:6:StartUartRxCmdTask	18
../Core/Src/main.c:948:6:StartStepperMotorTask	11
../Core/Src/main.c:1034:6:StartDynamicMotorTask	3
../Core/Src/main.c:1067:6:StartHeaterTask	4
../Core/Src/main.c:1098:6:StartDataAcquisitionTask	1
../Core/Src/main.c:1179:6:StartServoMotorTask	6
../Core/Src/main.c:1235:6:StartEncoderTask	1
../Core/Src/main.c:1269:6:HAL_TIM_PeriodElapsedCallback	2
../Core/Src/main.c:1287:6:Error_Handler	1
